Component: Arm Compiler for Embedded 6.23 Tool: armlink [5f102400]

==============================================================================

Section Cross References

    startup_stm32c071xx.o(RESET) refers to startup_stm32c071xx.o(STACK) for __initial_sp
    startup_stm32c071xx.o(RESET) refers to startup_stm32c071xx.o(.text) for Reset_Handler
    startup_stm32c071xx.o(RESET) refers to stm32c0xx_it.o(.text.NMI_Handler) for NMI_Handler
    startup_stm32c071xx.o(RESET) refers to stm32c0xx_it.o(.text.HardFault_Handler) for HardFault_Handler
    startup_stm32c071xx.o(RESET) refers to stm32c0xx_it.o(.text.SVC_Handler) for SVC_Handler
    startup_stm32c071xx.o(RESET) refers to stm32c0xx_it.o(.text.PendSV_Handler) for PendSV_Handler
    startup_stm32c071xx.o(RESET) refers to stm32c0xx_it.o(.text.SysTick_Handler) for SysTick_Handler
    startup_stm32c071xx.o(RESET) refers to stm32c0xx_it.o(.text.EXTI4_15_IRQHandler) for EXTI4_15_IRQHandler
    startup_stm32c071xx.o(RESET) refers to stm32c0xx_it.o(.text.USB_DRD_FS_IRQHandler) for USB_DRD_FS_IRQHandler
    startup_stm32c071xx.o(RESET) refers to stm32c0xx_it.o(.text.DMA1_Channel1_IRQHandler) for DMA1_Channel1_IRQHandler
    startup_stm32c071xx.o(RESET) refers to stm32c0xx_it.o(.text.DMA1_Channel2_3_IRQHandler) for DMA1_Channel2_3_IRQHandler
    startup_stm32c071xx.o(RESET) refers to stm32c0xx_it.o(.text.TIM14_IRQHandler) for TIM14_IRQHandler
    startup_stm32c071xx.o(RESET) refers to stm32c0xx_it.o(.text.USART2_IRQHandler) for USART2_IRQHandler
    startup_stm32c071xx.o(.text) refers to system_stm32c0xx.o(.text.SystemInit) for SystemInit
    startup_stm32c071xx.o(.text) refers to entry.o(.ARM.Collect$$$$00000000) for __main
    retarget.o(.text.fputc) refers to ux_device_cdc_acm.o(.text.USBD_CDC_ACM_Transmit) for USBD_CDC_ACM_Transmit
    retarget.o(.ARM.exidx.text.fputc) refers to retarget.o(.text.fputc) for [Anonymous Symbol]
    retarget.o(.text._write) refers to ux_device_cdc_acm.o(.text.USBD_CDC_ACM_Transmit) for USBD_CDC_ACM_Transmit
    retarget.o(.ARM.exidx.text._write) refers to retarget.o(.text._write) for [Anonymous Symbol]
    main.o(.text.main) refers to stm32c0xx_hal.o(.text.HAL_Init) for HAL_Init
    main.o(.text.main) refers to main.o(.text.SystemClock_Config) for SystemClock_Config
    main.o(.text.main) refers to gpio.o(.text.MX_GPIO_Init) for MX_GPIO_Init
    main.o(.text.main) refers to dma.o(.text.MX_DMA_Init) for MX_DMA_Init
    main.o(.text.main) refers to app_usbx_device.o(.text.MX_USBX_Device_Init) for MX_USBX_Device_Init
    main.o(.text.main) refers to rtc.o(.text.MX_RTC_Init) for MX_RTC_Init
    main.o(.text.main) refers to usart.o(.text.MX_USART2_UART_Init) for MX_USART2_UART_Init
    main.o(.text.main) refers to adc.o(.text.MX_ADC1_Init) for MX_ADC1_Init
    main.o(.text.main) refers to crc.o(.text.MX_CRC_Init) for MX_CRC_Init
    main.o(.text.main) refers to i2c.o(.text.MX_I2C1_Init) for MX_I2C1_Init
    main.o(.text.main) refers to tim.o(.text.MX_TIM2_Init) for MX_TIM2_Init
    main.o(.text.main) refers to tim.o(.text.MX_TIM14_Init) for MX_TIM14_Init
    main.o(.text.main) refers to tim.o(.text.MX_TIM16_Init) for MX_TIM16_Init
    main.o(.text.main) refers to tim.o(.text.MX_TIM17_Init) for MX_TIM17_Init
    main.o(.text.main) refers to usb.o(.text.MX_USB_PCD_Init) for MX_USB_PCD_Init
    main.o(.text.main) refers to app_manager.o(.text.App_Manager_Init) for App_Manager_Init
    main.o(.text.main) refers to app_manager.o(.text.App_Manager_Run_Self_Diagnostics) for App_Manager_Run_Self_Diagnostics
    main.o(.text.main) refers to app_manager.o(.text.App_Manager_Process) for App_Manager_Process
    main.o(.text.main) refers to ux_device_stack_tasks_run.o(.text._ux_device_stack_tasks_run) for _ux_device_stack_tasks_run
    main.o(.text.main) refers to ux_device_cdc_acm.o(.text.USBD_CDC_ACM_Receive) for USBD_CDC_ACM_Receive
    main.o(.text.main) refers to cli_driver.o(.text.CLI_Receive_Char) for CLI_Receive_Char
    main.o(.text.main) refers to main.o(.bss.usb_rx_buffer) for usb_rx_buffer
    main.o(.ARM.exidx.text.main) refers to main.o(.text.main) for [Anonymous Symbol]
    main.o(.text.SystemClock_Config) refers to stm32c0xx_hal_rcc.o(.text.HAL_RCC_OscConfig) for HAL_RCC_OscConfig
    main.o(.text.SystemClock_Config) refers to stm32c0xx_hal_rcc.o(.text.HAL_RCC_ClockConfig) for HAL_RCC_ClockConfig
    main.o(.text.SystemClock_Config) refers to stm32c0xx_hal_rcc_ex.o(.text.HAL_RCCEx_CRSConfig) for HAL_RCCEx_CRSConfig
    main.o(.ARM.exidx.text.SystemClock_Config) refers to main.o(.text.SystemClock_Config) for [Anonymous Symbol]
    main.o(.ARM.exidx.text.Error_Handler) refers to main.o(.text.Error_Handler) for [Anonymous Symbol]
    gpio.o(.text.MX_GPIO_Init) refers to stm32c0xx_hal_gpio.o(.text.HAL_GPIO_WritePin) for HAL_GPIO_WritePin
    gpio.o(.text.MX_GPIO_Init) refers to stm32c0xx_hal_gpio.o(.text.HAL_GPIO_Init) for HAL_GPIO_Init
[...]
    _ux_device_stack_tasks_run               0x0800edd5   Thumb Code    44  ux_device_stack_tasks_run.o(.text._ux_device_stack_tasks_run)
    _ux_device_stack_transfer_abort          0x0800ee01   Thumb Code    56  ux_device_stack_transfer_abort.o(.text._ux_device_stack_transfer_abort)
    _ux_device_stack_transfer_all_request_abort 0x0800ee3d   Thumb Code    12  ux_device_stack_transfer_all_request_abort.o(.text._ux_device_stack_transfer_all_request_abort)
    _ux_device_stack_transfer_request        0x0800ee49   Thumb Code    30  ux_device_stack_transfer_request.o(.text._ux_device_stack_transfer_request)
    _ux_device_stack_transfer_run            0x0800ee69   Thumb Code   244  ux_device_stack_transfer_run.o(.text._ux_device_stack_transfer_run)
    _ux_device_stack_uninitialize            0x0800ef5d   Thumb Code    68  ux_device_stack_uninitialize.o(.text._ux_device_stack_uninitialize)
    _ux_system_error_handler                 0x0800efa5   Thumb Code    24  ux_system_error_handler.o(.text._ux_system_error_handler)
    _ux_system_initialize                    0x0800efbd   Thumb Code   172  ux_system_initialize.o(.text._ux_system_initialize)
    _ux_system_uninitialize                  0x0800f06d   Thumb Code     4  ux_system_uninitialize.o(.text._ux_system_uninitialize)
    _ux_utility_descriptor_parse             0x0800f071   Thumb Code   116  ux_utility_descriptor_parse.o(.text._ux_utility_descriptor_parse)
    _ux_utility_interrupt_disable            0x0800f0e5   Thumb Code     8  app_usbx_device.o(.text._ux_utility_interrupt_disable)
    _ux_utility_interrupt_restore            0x0800f0ed   Thumb Code     6  app_usbx_device.o(.text._ux_utility_interrupt_restore)
    _ux_utility_long_get                     0x0800f0f3   Thumb Code    22  ux_utility_long_get.o(.text._ux_utility_long_get)
    _ux_utility_long_put                     0x0800f109   Thumb Code    16  ux_utility_long_put.o(.text._ux_utility_long_put)
    _ux_utility_memory_allocate              0x0800f119   Thumb Code   212  ux_utility_memory_allocate.o(.text._ux_utility_memory_allocate)
    _ux_utility_memory_allocate_mulc_safe    0x0800f1f1   Thumb Code    56  ux_utility_memory_allocate_mulc_safe.o(.text._ux_utility_memory_allocate_mulc_safe)
    _ux_utility_memory_byte_pool_create      0x0800f229   Thumb Code    60  ux_utility_memory_byte_pool_create.o(.text._ux_utility_memory_byte_pool_create)
    _ux_utility_memory_byte_pool_search      0x0800f265   Thumb Code   148  ux_utility_memory_byte_pool_search.o(.text._ux_utility_memory_byte_pool_search)
    _ux_utility_memory_copy                  0x0800f2f9   Thumb Code   100  ux_utility_memory_copy.o(.text._ux_utility_memory_copy)
    _ux_utility_memory_free                  0x0800f35d   Thumb Code    72  ux_utility_memory_free.o(.text._ux_utility_memory_free)
    _ux_utility_memory_set                   0x0800f3ad   Thumb Code    18  ux_utility_memory_set.o(.text._ux_utility_memory_set)
    _ux_utility_short_get                    0x0800f3bf   Thumb Code    10  ux_utility_short_get.o(.text._ux_utility_short_get)
    _ux_utility_string_length_check          0x0800f3c9   Thumb Code   106  ux_utility_string_length_check.o(.text._ux_utility_string_length_check)
    _uxe_system_initialize                   0x0800f433   Thumb Code    22  ux_system_initialize.o(.text._uxe_system_initialize)
    fputc                                    0x0800f449   Thumb Code    24  retarget.o(.text.fputc)
    main                                     0x0800f461   Thumb Code   120  main.o(.text.main)
    __0printf                                0x0800f4dd   Thumb Code    24  printfa.o(i.__0printf)
    __1printf                                0x0800f4dd   Thumb Code     0  printfa.o(i.__0printf)
    __2printf                                0x0800f4dd   Thumb Code     0  printfa.o(i.__0printf)
    __c89printf                              0x0800f4dd   Thumb Code     0  printfa.o(i.__0printf)
    printf                                   0x0800f4dd   Thumb Code     0  printfa.o(i.__0printf)
    __0snprintf                              0x0800f4fd   Thumb Code    50  printfa.o(i.__0snprintf)
    __1snprintf                              0x0800f4fd   Thumb Code     0  printfa.o(i.__0snprintf)
    __2snprintf                              0x0800f4fd   Thumb Code     0  printfa.o(i.__0snprintf)
    __c89snprintf                            0x0800f4fd   Thumb Code     0  printfa.o(i.__0snprintf)
    snprintf                                 0x0800f4fd   Thumb Code     0  printfa.o(i.__0snprintf)
    __0sprintf                               0x0800f535   Thumb Code    36  printfa.o(i.__0sprintf)
    __1sprintf                               0x0800f535   Thumb Code     0  printfa.o(i.__0sprintf)
    __2sprintf                               0x0800f535   Thumb Code     0  printfa.o(i.__0sprintf)
    __c89sprintf                             0x0800f535   Thumb Code     0  printfa.o(i.__0sprintf)
    sprintf                                  0x0800f535   Thumb Code     0  printfa.o(i.__0sprintf)
    __0vsnprintf                             0x0800f55d   Thumb Code    44  printfa.o(i.__0vsnprintf)
    __1vsnprintf                             0x0800f55d   Thumb Code     0  printfa.o(i.__0vsnprintf)
    __2vsnprintf                             0x0800f55d   Thumb Code     0  printfa.o(i.__0vsnprintf)
    __c89vsnprintf                           0x0800f55d   Thumb Code     0  printfa.o(i.__0vsnprintf)
    vsnprintf                                0x0800f55d   Thumb Code     0  printfa.o(i.__0vsnprintf)
    __ARM_clz                                0x0800f58d   Thumb Code    46  depilogue.o(i.__ARM_clz)
    __aeabi_errno_addr                       0x0800f5bd   Thumb Code     4  errno.o(i.__aeabi_errno_addr)
    __rt_errno_addr                          0x0800f5bd   Thumb Code     0  errno.o(i.__aeabi_errno_addr)
    __scatterload_copy                       0x0800f5c5   Thumb Code    14  handlers.o(i.__scatterload_copy)
    __scatterload_null                       0x0800f5d3   Thumb Code     2  handlers.o(i.__scatterload_null)
    __scatterload_zeroinit                   0x0800f5d5   Thumb Code    14  handlers.o(i.__scatterload_zeroinit)
    puts                                     0x0800feb1   Thumb Code    28  puts.o(i.puts)
    __ctype_table                            0x0800fed0   Data         129  ctype_o.o(.constdata)
    AHBPrescTable                            0x0800ff58   Data          64  system_stm32c0xx.o(.rodata.AHBPrescTable)
    APBPrescTable                            0x0800ff98   Data          32  system_stm32c0xx.o(.rodata.APBPrescTable)
    Dupla                                    0x0800ffb8   Data          37  relato.o(.rodata.Dupla)
    Ejeta                                    0x0800ffdd   Data          41  relato.o(.rodata.Ejeta)
    Linha                                    0x08010415   Data          35  relato.o(.rodata.Linha)
    Produto                                  0x08010438   Data        8640  gxxx_equacoes.o(.rodata.Produto)
    UARTPrescTable                           0x080125f8   Data          24  stm32c0xx_hal_uart.o(.rodata.UARTPrescTable)
    Region$$Table$$Base                      0x080160b4   Number         0  anon$$obj.o(Region$$Table)
    Region$$Table$$Limit                     0x080160d4   Number         0  anon$$obj.o(Region$$Table)
    __stdout                                 0x20000000   Data           4  stdout.o(.data)
    uwTickFreq                               0x20000008   Data           1  stm32c0xx_hal.o(.data..L_MergedGlobals)
    uwTickPrio                               0x2000000c   Data           4  stm32c0xx_hal.o(.data..L_MergedGlobals)
    SystemCoreClock                          0x20000030   Data           4  system_stm32c0xx.o(.data.SystemCoreClock)
    UserClassInstance                        0x20000034   Data          12  ux_device_descriptors.o(.data.UserClassInstance)
    _ux_system_bos_descriptor_structure      0x20000040   Data           4  ux_system_initialize.o(.data._ux_system_bos_descriptor_structure)
    _ux_system_configuration_descriptor_structure 0x20000044   Data           8  ux_system_initialize.o(.data._ux_system_configuration_descriptor_structure)
    _ux_system_device_descriptor_structure   0x2000004c   Data          14  ux_system_initialize.o(.data._ux_system_device_descriptor_structure)
    _ux_system_endpoint_descriptor_structure 0x2000005a   Data           6  ux_system_initialize.o(.data._ux_system_endpoint_descriptor_structure)
    _ux_system_interface_descriptor_structure 0x20000060   Data           9  ux_system_initialize.o(.data._ux_system_interface_descriptor_structure)
    _ux_system_slave_class_cdc_acm_name      0x20000069   Data          23  ux_device_stack_initialize.o(.data._ux_system_slave_class_cdc_acm_name)
    cal_points                               0x20000080   Data          32  ads1232_driver.o(.data.cal_points)
    USBD_Device_FS                           0x20000410   Data         296  ux_device_descriptors.o(.bss.USBD_Device_FS)
    USBD_Device_HS                           0x20000538   Data         296  ux_device_descriptors.o(.bss.USBD_Device_HS)
    USBD_language_id_framework               0x20000660   Data           2  ux_device_descriptors.o(.bss.USBD_language_id_framework)
    USBD_string_framework                    0x20000664   Data         256  ux_device_descriptors.o(.bss.USBD_string_framework)
    _ux_system                               0x20000764   Data           4  ux_system_initialize.o(.bss._ux_system)
    _ux_system_slave                         0x20000768   Data           4  ux_device_stack_initialize.o(.bss._ux_system_slave)
    cdc_acm                                  0x2000076c   Data           4  ux_device_cdc_acm.o(.bss.cdc_acm)
    g_ads_data_ready                         0x20000770   Data           1  ads1232_driver.o(.bss.g_ads_data_ready)
    hadc1                                    0x20000774   Data         100  adc.o(.bss.hadc1)
    hcrc                                     0x200007d8   Data          36  crc.o(.bss.hcrc)
    hdma_usart2_rx                           0x200007fc   Data          92  usart.o(.bss.hdma_usart2_rx)
    hdma_usart2_tx                           0x20000858   Data          92  usart.o(.bss.hdma_usart2_tx)
    hi2c1                                    0x200008b4   Data          84  i2c.o(.bss.hi2c1)
    hpcd_USB_DRD_FS                          0x20000908   Data         736  usb.o(.bss.hpcd_USB_DRD_FS)
    hrtc                                     0x20000be8   Data          40  rtc.o(.bss.hrtc)
    htim14                                   0x20000c10   Data          76  tim.o(.bss.htim14)
    htim16                                   0x20000c5c   Data          76  tim.o(.bss.htim16)
    htim17                                   0x20000ca8   Data          76  tim.o(.bss.htim17)
    htim2                                    0x20000cf4   Data          76  tim.o(.bss.htim2)
    huart2                                   0x20000d40   Data         148  usart.o(.bss.huart2)
    usb_rx_buffer                            0x2000283c   Data          64  main.o(.bss.usb_rx_buffer)
    uwTick                                   0x2000287c   Data           4  stm32c0xx_hal.o(.bss.uwTick)
    __initial_sp                             0x20005080   Data           0  startup_stm32c071xx.o(STACK)



==============================================================================

Memory Map of the image

  Image Entry point : 0x080000c1

  Load Region LR_IROM1 (Base: 0x08000000, Size: 0x00016180, Max: 0x00020000, ABSOLUTE)

    Execution Region ER_IROM1 (Exec base: 0x08000000, Load base: 0x08000000, Size: 0x000160d4, Max: 0x00020000, ABSOLUTE)

    Exec Addr    Load Addr    Size         Type   Attr      Idx    E Section Name        Object

    0x08000000   0x08000000   0x000000c0   Data   RO            3    RESET               startup_stm32c071xx.o
    0x080000c0   0x080000c0   0x00000000   Code   RO         3111  * .ARM.Collect$$$$00000000  mc_p.l(entry.o)
    0x080000c0   0x080000c0   0x00000004   Code   RO         3469    .ARM.Collect$$$$00000001  mc_p.l(entry2.o)
    0x080000c4   0x080000c4   0x00000004   Code   RO         3472    .ARM.Collect$$$$00000004  mc_p.l(entry5.o)
    0x080000c8   0x080000c8   0x00000000   Code   RO         3474    .ARM.Collect$$$$00000008  mc_p.l(entry7b.o)
    0x080000c8   0x080000c8   0x00000000   Code   RO         3476    .ARM.Collect$$$$0000000A  mc_p.l(entry8b.o)
    0x080000c8   0x080000c8   0x00000008   Code   RO         3477    .ARM.Collect$$$$0000000B  mc_p.l(entry9a.o)
    0x080000d0   0x080000d0   0x00000000   Code   RO         3479    .ARM.Collect$$$$0000000D  mc_p.l(entry10a.o)
    0x080000d0   0x080000d0   0x00000000   Code   RO         3481    .ARM.Collect$$$$0000000F  mc_p.l(entry11a.o)
    0x080000d0   0x080000d0   0x00000004   Code   RO         3470    .ARM.Collect$$$$00002712  mc_p.l(entry2.o)
    0x080000d4   0x080000d4   0x0000001c   Code   RO            4    .text               startup_stm32c071xx.o
    0x080000f0   0x080000f0   0x00000030   Code   RO         3124    .text               mc_p.l(llmul.o)
    0x08000120   0x08000120   0x00000008   Code   RO         3126    .text               mc_p.l(ctype_o.o)
    0x08000128   0x08000128   0x00000012   Code   RO         3148    .text               mc_p.l(isspace_o.o)
    0x0800013a   0x0800013a   0x0000000c   Code   RO         3154    .text               mc_p.l(toupper.o)
    0x08000146   0x08000146   0x0000000c   Code   RO         3156    .text               mc_p.l(tolower.o)
    0x08000152   0x08000152   0x00000024   Code   RO         3158    .text               mc_p.l(memcpya.o)
    0x08000176   0x08000176   0x00000024   Code   RO         3160    .text               mc_p.l(memseta.o)
    0x0800019a   0x0800019a   0x0000001a   Code   RO         3162    .text               mc_p.l(strncpy.o)
    0x080001b4   0x080001b4   0x00000014   Code   RO         3164    .text               mc_p.l(strchr.o)
    0x080001c8   0x080001c8   0x0000000e   Code   RO         3166    .text               mc_p.l(strlen.o)
    0x080001d6   0x080001d6   0x0000001c   Code   RO         3168    .text               mc_p.l(strcmp.o)
    0x080001f2   0x080001f2   0x0000001a   Code   RO         3170    .text               mc_p.l(memcmp.o)
    0x0800020c   0x0800020c   0x00000012   Code   RO         3172    .text               mc_p.l(strcpy.o)
    0x0800021e   0x0800021e   0x00000026   Code   RO         3176    .text               mc_p.l(strcasecmp.o)
    0x08000244   0x08000244   0x0000003c   Code   RO         3439    .text               mc_p.l(__0sscanf.o)
    0x08000280   0x08000280   0x0000014a   Code   RO         3441    .text               mc_p.l(_scanf_int.o)
    0x080003ca   0x080003ca   0x00000002   PAD
    0x080003cc   0x080003cc   0x00000070   Code   RO         3443    .text               mc_p.l(strtol.o)
    0x0800043c   0x0800043c   0x0000001a   Code   RO         3445    .text               mc_p.l(atoi.o)
    0x08000456   0x08000456   0x0000001a   Code   RO         3447    .text               mc_p.l(atol.o)
    0x08000470   0x08000470   0x000000b2   Code   RO         3449    .text               mf_p.l(fadd.o)
    0x08000522   0x08000522   0x0000007a   Code   RO         3451    .text               mf_p.l(fmul.o)
    0x0800059c   0x0800059c   0x0000007c   Code   RO         3453    .text               mf_p.l(fdiv.o)
    0x08000618   0x08000618   0x0000001c   Code   RO         3455    .text               mf_p.l(fcmplt.o)
    0x08000634   0x08000634   0x0000001c   Code   RO         3457    .text               mf_p.l(fcmpgt.o)
    0x08000650   0x08000650   0x00000016   Code   RO         3459    .text               mf_p.l(fflti.o)
    0x08000666   0x08000666   0x0000000e   Code   RO         3461    .text               mf_p.l(ffltui.o)
    0x08000674   0x08000674   0x00000028   Code   RO         3463    .text               mf_p.l(dflti.o)
    0x0800069c   0x0800069c   0x00000032   Code   RO         3465    .text               mf_p.l(ffixi.o)
    0x080006ce   0x080006ce   0x00000028   Code   RO         3467    .text               mf_p.l(f2d.o)
    0x080006f6   0x080006f6   0x0000003e   Code   RO         3488    .text               mc_p.l(uidiv_div0.o)
    0x08000734   0x08000734   0x00000060   Code   RO         3494    .text               mc_p.l(uldiv.o)
    0x08000794   0x08000794   0x0000001e   Code   RO         3503    .text               mc_p.l(_chval.o)
    0x080007b2   0x080007b2   0x00000002   PAD
    0x080007b4   0x080007b4   0x0000002c   Code   RO         3505    .text               mc_p.l(scanf_char.o)
    0x080007e0   0x080007e0   0x00000044   Code   RO         3507    .text               mc_p.l(_sgetc.o)
    0x08000824   0x08000824   0x000000a6   Code   RO         3509    .text               mc_p.l(_strtoul.o)
    0x080008ca   0x080008ca   0x00000000   Code   RO         3511    .text               mc_p.l(iusefp.o)
    0x080008ca   0x080008ca   0x00000082   Code   RO         3512    .text               mf_p.l(fepilogue.o)
    0x0800094c   0x0800094c   0x000000be   Code   RO         3514    .text               mf_p.l(depilogue.o)
    0x08000a0a   0x08000a0a   0x00000002   PAD
    0x08000a0c   0x08000a0c   0x00000164   Code   RO         3518    .text               mf_p.l(dadd.o)
    0x08000b70   0x08000b70   0x000000d0   Code   RO         3520    .text               mf_p.l(dmul.o)
    0x08000c40   0x08000c40   0x000000f0   Code   RO         3522    .text               mf_p.l(ddiv.o)
    0x08000d30   0x08000d30   0x00000040   Code   RO         3524    .text               mf_p.l(dfixul.o)
    0x08000d70   0x08000d70   0x00000028   Code   RO         3526    .text               mf_p.l(cdrcmple.o)
    0x08000d98   0x08000d98   0x00000030   Code   RO         3528    .text               mc_p.l(init.o)
    0x08000dc8   0x08000dc8   0x00000020   Code   RO         3530    .text               mc_p.l(llshl.o)
    0x08000de8   0x08000de8   0x00000022   Code   RO         3532    .text               mc_p.l(llushr.o)
    0x08000e0a   0x08000e0a   0x00000026   Code   RO         3534    .text               mc_p.l(llsshr.o)
    0x08000e30   0x08000e30   0x00000338   Code   RO         3538    .text               mc_p.l(_scanf.o)
    0x08001168   0x08001168   0x000000d4   Code   RO          366    .text.ADC_Enable    stm32c0xx_hal_adc.o
    0x0800123c   0x0800123c   0x0000014c   Code   RO         2806    .text.ADS1232_ConvertToGrams  ads1232_driver.o
    0x08001388   0x08001388   0x00000038   Code   RO         2798    .text.ADS1232_Init  ads1232_driver.o
    0x080013c0   0x080013c0   0x00000118   Code   RO         2800    .text.ADS1232_Read  ads1232_driver.o
    0x080014d8   0x080014d8   0x00000042   Code   RO         2802    .text.ADS1232_Read_Median_of_3  ads1232_driver.o
    0x0800151a   0x0800151a   0x00000002   PAD
    0x0800151c   0x0800151c   0x00000418   Code   RO         2804    .text.ADS1232_Tare  ads1232_driver.o
    0x08001934   0x08001934   0x0000000c   Code   RO         2910    .text.Acao_Abrir_Funil  servo_controle.o
    0x08001940   0x08001940   0x00000002   Code   RO         2914    .text.Acao_Finalizar  servo_controle.o
    0x08001942   0x08001942   0x00000002   PAD
    0x08001944   0x08001944   0x00000010   Code   RO         2912    .text.Acao_Varrer_Scrap  servo_controle.o
    0x08001954   0x08001954   0x00000008   Code   RO         2953    .text.App_Manager_Confirm_Wakeup  app_manager.o
    0x0800195c   0x0800195c   0x0000005c   Code   RO         2945    .text.App_Manager_Init  app_manager.o
    0x080019b8   0x080019b8   0x00000204   Code   RO         2947    .text.App_Manager_Process  app_manager.o
    0x08001bbc   0x08001bbc   0x00000018   Code   RO         2951    .text.App_Manager_Request_Sleep  app_manager.o
    0x08001bd4   0x08001bd4   0x000001b0   Code   RO         2949    .text.App_Manager_Run_Self_Diagnostics  app_manager.o
    0x08001d84   0x08001d84   0x000000cc   Code   RO         2969    .text.Assinatura    relato.o
    0x08001e50   0x08001e50   0x00000140   Code   RO         3059    .text.Auth_ProcessLoginEvent  autenticacao_handler.o
    0x08001f90   0x08001f90   0x000000f8   Code   RO         3061    .text.Auth_ProcessSetPasswordEvent  autenticacao_handler.o
    0x08002088   0x08002088   0x0000003c   Code   RO         2634    .text.CLI_Init      cli_driver.o
    0x080020c4   0x080020c4   0x00000038   Code   RO         2630    .text.CLI_Printf    cli_driver.o
    0x080020fc   0x080020fc   0x000001c4   Code   RO         2636    .text.CLI_Process   cli_driver.o
    0x080022c0   0x080022c0   0x00000084   Code   RO         2638    .text.CLI_Receive_Char  cli_driver.o
    0x08002344   0x08002344   0x000000a4   Code   RO         2838    .text.Carregar_Configuracao_Padrao  gerenciador_configuracoes.o
    0x080023e8   0x080023e8   0x000000b8   Code   RO         2648    .text.Cmd_Date      cli_driver.o
    0x080024a0   0x080024a0   0x0000012c   Code   RO         2642    .text.Cmd_Dwin      cli_driver.o
    0x080025cc   0x080025cc   0x00000084   Code   RO         2654    .text.Cmd_GetFreq   cli_driver.o
    0x08002650   0x08002650   0x00000048   Code   RO         2650    .text.Cmd_GetPeso   cli_driver.o
    0x08002698   0x08002698   0x00000040   Code   RO         2652    .text.Cmd_GetTemp   cli_driver.o
    0x080026d8   0x080026d8   0x0000001c   Code   RO         2640    .text.Cmd_Help      cli_driver.o
    0x080026f4   0x080026f4   0x0000000a   Code   RO         2656    .text.Cmd_Service   cli_driver.o
    0x080026fe   0x080026fe   0x00000002   PAD
    0x08002700   0x08002700   0x000000e4   Code   RO         2646    .text.Cmd_SetDate   cli_driver.o
    0x080027e4   0x080027e4   0x000000dc   Code   RO         2644    .text.Cmd_SetTime   cli_driver.o
    0x080028c0   0x080028c0   0x00000008   Code   RO         2658    .text.Cmd_WhoAmI    cli_driver.o
    0x080028c8   0x080028c8   0x00000298   Code   RO         2931    .text.Controller_DwinCallback  controller.o
    0x08002b60   0x08002b60   0x00000008   Code   RO         2927    .text.Controller_GetCurrentScreen  controller.o
    0x08002b68   0x08002b68   0x00000010   Code   RO         2929    .text.Controller_SetScreen  controller.o
    0x08002b78   0x08002b78   0x00000010   Code   RO          188    .text.DMA1_Channel1_IRQHandler  stm32c0xx_it.o
    0x08002b88   0x08002b88   0x00000010   Code   RO          190    .text.DMA1_Channel2_3_IRQHandler  stm32c0xx_it.o
    0x08002b98   0x08002b98   0x00000018   Code   RO         2705    .text.DWIN_Driver_HandleError  dwin_driver.o
    0x08002bb0   0x08002bb0   0x00000024   Code   RO         2703    .text.DWIN_Driver_HandleRxEvent  dwin_driver.o
    0x08002bd4   0x08002bd4   0x00000008   Code   RO         2701    .text.DWIN_Driver_HandleTxCplt  dwin_driver.o
    0x08002bdc   0x08002bdc   0x00000068   Code   RO         2683    .text.DWIN_Driver_Init  dwin_driver.o
    0x08002c44   0x08002c44   0x00000018   Code   RO         2689    .text.DWIN_Driver_IsTxBusy  dwin_driver.o
    0x08002c5c   0x08002c5c   0x00000248   Code   RO         2685    .text.DWIN_Driver_Process  dwin_driver.o
    0x08002ea4   0x08002ea4   0x000000e8   Code   RO         2691    .text.DWIN_Driver_SetScreen  dwin_driver.o
    0x08002f8c   0x08002f8c   0x000000cc   Code   RO         2693    .text.DWIN_Driver_WriteInt  dwin_driver.o
    0x08003058   0x08003058   0x000000f0   Code   RO         2695    .text.DWIN_Driver_WriteInt32  dwin_driver.o
    0x08003148   0x08003148   0x0000010c   Code   RO         2699    .text.DWIN_Driver_WriteRawBytes  dwin_driver.o
    0x08003254   0x08003254   0x00000168   Code   RO         2697    .text.DWIN_Driver_WriteString  dwin_driver.o
    0x080033bc   0x080033bc   0x000000bc   Code   RO         3049    .text.DWIN_Parse_String_Payload_Robust  dwin_parser.o
    0x08003478   0x08003478   0x00000094   Code   RO         2687    .text.DWIN_TX_Pump  dwin_driver.o
    0x0800350c   0x0800350c   0x00000010   Code   RO         3008    .text.DisplayHandler_Init  display_handler.o
    0x0800351c   0x0800351c   0x0000021c   Code   RO         3010    .text.DisplayHandler_Process  display_handler.o
    0x08003738   0x08003738   0x0000003c   Code   RO         3024    .text.Display_Adj_Capa  display_handler.o
    0x08003774   0x08003774   0x00000060   Code   RO         3030    .text.Display_Preset  display_handler.o
    0x080037d4   0x080037d4   0x000000b4   Code   RO         3014    .text.Display_ProcessPrintEvent  display_handler.o
    0x08003888   0x08003888   0x000000c4   Code   RO         3022    .text.Display_SetCompany  display_handler.o
    0x0800394c   0x0800394c   0x00000090   Code   RO         3018    .text.Display_SetDecimals  display_handler.o
    0x080039dc   0x080039dc   0x00000060   Code   RO         3034    .text.Display_SetPrintingEnabled  display_handler.o
    0x08003a3c   0x08003a3c   0x00000090   Code   RO         3016    .text.Display_SetRepeticoes  display_handler.o
    0x08003acc   0x08003acc   0x000000c4   Code   RO         3020    .text.Display_SetUser  display_handler.o
    0x08003b90   0x08003b90   0x000000b8   Code   RO         3032    .text.Display_Set_Serial  display_handler.o
    0x08003c48   0x08003c48   0x00000014   Code   RO         3026    .text.Display_ShowAbout  display_handler.o
    0x08003c5c   0x08003c5c   0x0000001c   Code   RO         3028    .text.Display_ShowModel  display_handler.o
    0x08003c78   0x08003c78   0x00000054   Code   RO         3012    .text.Display_StartMeasurementSequence  display_handler.o
    0x08003ccc   0x08003ccc   0x0000000c   Code   RO         2796    .text.Drv_ADS1232_DRDY_Callback  ads1232_driver.o
    0x08003cd8   0x08003cd8   0x00000004   Code   RO         2753    .text.EEPROM_Driver_GetAndClearErrorFlag  eeprom_driver.o
    0x08003cdc   0x08003cdc   0x00000008   Code   RO         2739    .text.EEPROM_Driver_Init  eeprom_driver.o
    0x08003ce4   0x08003ce4   0x00000004   Code   RO         2747    .text.EEPROM_Driver_IsBusy  eeprom_driver.o
    0x08003ce8   0x08003ce8   0x00000020   Code   RO         2741    .text.EEPROM_Driver_IsReady  eeprom_driver.o
    0x08003d08   0x08003d08   0x00000098   Code   RO         2743    .text.EEPROM_Driver_Read_Blocking  eeprom_driver.o
    0x08003da0   0x08003da0   0x00000004   Code   RO         2751    .text.EEPROM_Driver_Write_Async_Poll  eeprom_driver.o
    0x08003da4   0x08003da4   0x00000078   Code   RO         2749    .text.EEPROM_Driver_Write_Async_Start  eeprom_driver.o
    0x08003e1c   0x08003e1c   0x0000000a   Code   RO          184    .text.EXTI4_15_IRQHandler  stm32c0xx_it.o
    0x08003e26   0x08003e26   0x00000004   Code   RO           27    .text.Error_Handler  main.o
    0x08003e2a   0x08003e2a   0x00000002   PAD
    0x08003e2c   0x08003e2c   0x00000008   Code   RO         2787    .text.Frequency_Get_Pulse_Count  pcb_frequency.o
    0x08003e34   0x08003e34   0x0000000c   Code   RO         2783    .text.Frequency_Init  pcb_frequency.o
    0x08003e40   0x08003e40   0x00000010   Code   RO         2785    .text.Frequency_Reset  pcb_frequency.o
    0x08003e50   0x08003e50   0x00000024   Code   RO         2870    .text.Gerenciador_Config_Get_Cal_A  gerenciador_configuracoes.o
    0x08003e74   0x08003e74   0x00000028   Code   RO         2878    .text.Gerenciador_Config_Get_Company  gerenciador_configuracoes.o
    0x08003e9c   0x08003e9c   0x00000010   Code   RO         2858    .text.Gerenciador_Config_Get_Config_Snapshot  gerenciador_configuracoes.o
    0x08003eac   0x08003eac   0x00000034   Code   RO         2862    .text.Gerenciador_Config_Get_Dados_Grao  gerenciador_configuracoes.o
    0x08003ee0   0x08003ee0   0x00000018   Code   RO         2868    .text.Gerenciador_Config_Get_Grao_Ativo  gerenciador_configuracoes.o
    0x08003ef8   0x08003ef8   0x00000008   Code   RO         2874    .text.Gerenciador_Config_Get_NR_Decimals  gerenciador_configuracoes.o
    0x08003f00   0x08003f00   0x00000008   Code   RO         2872    .text.Gerenciador_Config_Get_NR_Repetition  gerenciador_configuracoes.o
    0x08003f08   0x08003f08   0x00000004   Code   RO         2866    .text.Gerenciador_Config_Get_Num_Graos  gerenciador_configuracoes.o
    0x08003f0c   0x08003f0c   0x00000024   Code   RO         2864    .text.Gerenciador_Config_Get_Senha  gerenciador_configuracoes.o
    0x08003f30   0x08003f30   0x00000028   Code   RO         2880    .text.Gerenciador_Config_Get_Serial  gerenciador_configuracoes.o
    0x08003f58   0x08003f58   0x00000028   Code   RO         2876    .text.Gerenciador_Config_Get_Usuario  gerenciador_configuracoes.o
    0x08003f80   0x08003f80   0x00000010   Code   RO         2832    .text.Gerenciador_Config_Init  gerenciador_configuracoes.o
    0x08003f90   0x08003f90   0x0000010c   Code   RO         2834    .text.Gerenciador_Config_Run_FSM  gerenciador_configuracoes.o
    0x0800409c   0x0800409c   0x00000034   Code   RO         2854    .text.Gerenciador_Config_Set_Company  gerenciador_configuracoes.o
    0x080040d0   0x080040d0   0x0000001c   Code   RO         2844    .text.Gerenciador_Config_Set_Grao_Ativo  gerenciador_configuracoes.o
    0x080040ec   0x080040ec   0x00000018   Code   RO         2850    .text.Gerenciador_Config_Set_NR_Decimals  gerenciador_configuracoes.o
    0x08004104   0x08004104   0x00000018   Code   RO         2848    .text.Gerenciador_Config_Set_NR_Repetitions  gerenciador_configuracoes.o
    0x0800411c   0x0800411c   0x00000028   Code   RO         2842    .text.Gerenciador_Config_Set_Senha  gerenciador_configuracoes.o
    0x08004144   0x08004144   0x00000034   Code   RO         2856    .text.Gerenciador_Config_Set_Serial  gerenciador_configuracoes.o
    0x08004178   0x08004178   0x00000038   Code   RO         2852    .text.Gerenciador_Config_Set_Usuario  gerenciador_configuracoes.o
    0x080041b0   0x080041b0   0x00000190   Code   RO         2836    .text.Gerenciador_Config_Validar_e_Restaurar  gerenciador_configuracoes.o
    0x08004340   0x08004340   0x000000b0   Code   RO         3096    .text.Graos_Confirmar_Selecao_Pesquisa  graos_handler.o
    0x080043f0   0x080043f0   0x00000054   Code   RO         3088    .text.Graos_Handle_Entrada_Tela  graos_handler.o
    0x08004444   0x08004444   0x000000e8   Code   RO         3090    .text.Graos_Handle_Navegacao  graos_handler.o
    0x0800452c   0x0800452c   0x00000084   Code   RO         3094    .text.Graos_Handle_Page_Change  graos_handler.o
    0x080045b0   0x080045b0   0x00000268   Code   RO         3092    .text.Graos_Handle_Pesquisa_Texto  graos_handler.o
    0x08004818   0x08004818   0x00000238   Code   RO         3086    .text.Graos_UpdateDisplayIfNeeded  graos_handler.o
    0x08004a50   0x08004a50   0x000002b8   Code   RO          404    .text.HAL_ADC_ConfigChannel  stm32c0xx_hal_adc.o
    0x08004d08   0x08004d08   0x00000006   Code   RO          388    .text.HAL_ADC_GetValue  stm32c0xx_hal_adc.o
    0x08004d0e   0x08004d0e   0x00000002   PAD
    0x08004d10   0x08004d10   0x0000024c   Code   RO          352    .text.HAL_ADC_Init  stm32c0xx_hal_adc.o
    0x08004f5c   0x08004f5c   0x00000054   Code   RO           50    .text.HAL_ADC_MspInit  adc.o
    0x08004fb0   0x08004fb0   0x000000e6   Code   RO          370    .text.HAL_ADC_PollForConversion  stm32c0xx_hal_adc.o
    0x08005096   0x08005096   0x00000002   PAD
    0x08005098   0x08005098   0x00000060   Code   RO          364    .text.HAL_ADC_Start  stm32c0xx_hal_adc.o
    0x080050f8   0x080050f8   0x000000b8   Code   RO          368    .text.HAL_ADC_Stop  stm32c0xx_hal_adc.o
    0x080051b0   0x080051b0   0x0000005c   Code   RO          817    .text.HAL_CRCEx_Polynomial_Set  stm32c0xx_hal_crc_ex.o
    0x0800520c   0x0800520c   0x0000024c   Code   RO          805    .text.HAL_CRC_Calculate  stm32c0xx_hal_crc.o
    0x08005458   0x08005458   0x0000007c   Code   RO          795    .text.HAL_CRC_Init  stm32c0xx_hal_crc.o
    0x080054d4   0x080054d4   0x00000030   Code   RO           65    .text.HAL_CRC_MspInit  crc.o
    0x08005504   0x08005504   0x00000070   Code   RO          452    .text.HAL_DMA_Abort  stm32c0xx_hal_dma.o
    0x08005574   0x08005574   0x00000078   Code   RO          454    .text.HAL_DMA_Abort_IT  stm32c0xx_hal_dma.o
    0x080055ec   0x080055ec   0x000000e4   Code   RO          458    .text.HAL_DMA_IRQHandler  stm32c0xx_hal_dma.o
    0x080056d0   0x080056d0   0x00000100   Code   RO          444    .text.HAL_DMA_Init  stm32c0xx_hal_dma.o
    0x080057d0   0x080057d0   0x000000cc   Code   RO          450    .text.HAL_DMA_Start_IT  stm32c0xx_hal_dma.o
    0x0800589c   0x0800589c   0x00000024   Code   RO          308    .text.HAL_Delay     stm32c0xx_hal.o
    0x080058c0   0x080058c0   0x0000000c   Code   RO          202    .text.HAL_GPIO_EXTI_Falling_Callback  stm32c0xx_it.o
    0x080058cc   0x080058cc   0x00000028   Code   RO          645    .text.HAL_GPIO_EXTI_IRQHandler  stm32c0xx_hal_gpio.o
    0x080058f4   0x080058f4   0x00000002   Code   RO          647    .text.HAL_GPIO_EXTI_Rising_Callback  stm32c0xx_hal_gpio.o
    0x080058f6   0x080058f6   0x00000002   PAD
    0x080058f8   0x080058f8   0x00000190   Code   RO          631    .text.HAL_GPIO_Init  stm32c0xx_hal_gpio.o
    0x08005a88   0x08005a88   0x0000000a   Code   RO          635    .text.HAL_GPIO_ReadPin  stm32c0xx_hal_gpio.o
    0x08005a92   0x08005a92   0x00000010   Code   RO          637    .text.HAL_GPIO_WritePin  stm32c0xx_hal_gpio.o
    0x08005aa2   0x08005aa2   0x00000002   PAD
    0x08005aa4   0x08005aa4   0x0000000c   Code   RO          300    .text.HAL_GetTick   stm32c0xx_hal.o
    0x08005ab0   0x08005ab0   0x00000042   Code   RO          985    .text.HAL_I2CEx_ConfigAnalogFilter  stm32c0xx_hal_i2c_ex.o
    0x08005af2   0x08005af2   0x00000042   Code   RO          987    .text.HAL_I2CEx_ConfigDigitalFilter  stm32c0xx_hal_i2c_ex.o
    0x08005b34   0x08005b34   0x000000b4   Code   RO          831    .text.HAL_I2C_Init  stm32c0xx_hal_i2c.o
    0x08005be8   0x08005be8   0x0000014c   Code   RO          905    .text.HAL_I2C_IsDeviceReady  stm32c0xx_hal_i2c.o
    0x08005d34   0x08005d34   0x00000234   Code   RO          891    .text.HAL_I2C_Mem_Read  stm32c0xx_hal_i2c.o
    0x08005f68   0x08005f68   0x00000234   Code   RO          889    .text.HAL_I2C_Mem_Write  stm32c0xx_hal_i2c.o
    0x0800619c   0x0800619c   0x00000088   Code   RO           88    .text.HAL_I2C_MspInit  i2c.o
    0x08006224   0x08006224   0x00000014   Code   RO          298    .text.HAL_IncTick   stm32c0xx_hal.o
    0x08006238   0x08006238   0x0000001a   Code   RO          288    .text.HAL_Init      stm32c0xx_hal.o
    0x08006252   0x08006252   0x00000002   PAD
    0x08006254   0x08006254   0x00000048   Code   RO          290    .text.HAL_InitTick  stm32c0xx_hal.o
    0x0800629c   0x0800629c   0x0000002c   Code   RO          214    .text.HAL_MspInit   stm32c0xx_hal_msp.o
    0x080062c8   0x080062c8   0x00000020   Code   RO          731    .text.HAL_NVIC_DisableIRQ  stm32c0xx_hal_cortex.o
    0x080062e8   0x080062e8   0x00000018   Code   RO          729    .text.HAL_NVIC_EnableIRQ  stm32c0xx_hal_cortex.o
    0x08006300   0x08006300   0x00000038   Code   RO          727    .text.HAL_NVIC_SetPriority  stm32c0xx_hal_cortex.o
    0x08006338   0x08006338   0x00000024   Code   RO         1692    .text.HAL_PCDEx_ActivateLPM  stm32c0xx_hal_pcd_ex.o
    0x0800635c   0x0800635c   0x00000002   Code   RO         1696    .text.HAL_PCDEx_LPM_Callback  stm32c0xx_hal_pcd_ex.o
    0x0800635e   0x0800635e   0x00000040   Code   RO         1682    .text.HAL_PCDEx_PMAConfig  stm32c0xx_hal_pcd_ex.o
    0x0800639e   0x0800639e   0x00000002   PAD
    0x080063a0   0x080063a0   0x000000d4   Code   RO         1797    .text.HAL_PCD_DataInStageCallback  ux_dcd_stm32_callback.o
    0x08006474   0x08006474   0x00000098   Code   RO         1799    .text.HAL_PCD_DataOutStageCallback  ux_dcd_stm32_callback.o
    0x0800650c   0x0800650c   0x00000034   Code   RO         1612    .text.HAL_PCD_DeInit  stm32c0xx_hal_pcd.o
    0x08006540   0x08006540   0x00000024   Code   RO         1664    .text.HAL_PCD_EP_Abort  stm32c0xx_hal_pcd.o
    0x08006564   0x08006564   0x00000044   Code   RO         1652    .text.HAL_PCD_EP_Close  stm32c0xx_hal_pcd.o
    0x080065a8   0x080065a8   0x00000056   Code   RO         1662    .text.HAL_PCD_EP_ClrStall  stm32c0xx_hal_pcd.o
    0x080065fe   0x080065fe   0x00000036   Code   RO         1666    .text.HAL_PCD_EP_Flush  stm32c0xx_hal_pcd.o
    0x08006634   0x08006634   0x00000012   Code   RO         1656    .text.HAL_PCD_EP_GetRxCount  stm32c0xx_hal_pcd.o
    0x08006646   0x08006646   0x00000002   PAD
    0x08006648   0x08006648   0x00000058   Code   RO         1650    .text.HAL_PCD_EP_Open  stm32c0xx_hal_pcd.o
    0x080066a0   0x080066a0   0x00000028   Code   RO         1654    .text.HAL_PCD_EP_Receive  stm32c0xx_hal_pcd.o
    0x080066c8   0x080066c8   0x00000058   Code   RO         1660    .text.HAL_PCD_EP_SetStall  stm32c0xx_hal_pcd.o
    0x08006720   0x08006720   0x0000002c   Code   RO         1658    .text.HAL_PCD_EP_Transmit  stm32c0xx_hal_pcd.o
    0x0800674c   0x0800674c   0x00000a64   Code   RO         1620    .text.HAL_PCD_IRQHandler  stm32c0xx_hal_pcd.o
    0x080071b0   0x080071b0   0x00000244   Code   RO         1608    .text.HAL_PCD_Init  stm32c0xx_hal_pcd.o
    0x080073f4   0x080073f4   0x00000020   Code   RO          163    .text.HAL_PCD_MspDeInit  usb.o
    0x08007414   0x08007414   0x00000064   Code   RO          161    .text.HAL_PCD_MspInit  usb.o
    0x08007478   0x08007478   0x00000024   Code   RO         1801    .text.HAL_PCD_ResetCallback  ux_dcd_stm32_callback.o
    0x0800749c   0x0800749c   0x00000018   Code   RO         1809    .text.HAL_PCD_ResumeCallback  ux_dcd_stm32_callback.o
    0x080074b4   0x080074b4   0x00000018   Code   RO         1811    .text.HAL_PCD_SOFCallback  ux_dcd_stm32_callback.o
    0x080074cc   0x080074cc   0x00000024   Code   RO         1624    .text.HAL_PCD_SetAddress  stm32c0xx_hal_pcd.o
    0x080074f0   0x080074f0   0x000000a0   Code   RO         1795    .text.HAL_PCD_SetupStageCallback  ux_dcd_stm32_callback.o
    0x08007590   0x08007590   0x0000002c   Code   RO         1616    .text.HAL_PCD_Start  stm32c0xx_hal_pcd.o
    0x080075bc   0x080075bc   0x0000002c   Code   RO         1618    .text.HAL_PCD_Stop  stm32c0xx_hal_pcd.o
    0x080075e8   0x080075e8   0x0000001c   Code   RO         1807    .text.HAL_PCD_SuspendCallback  ux_dcd_stm32_callback.o
    0x08007604   0x08007604   0x00000038   Code   RO          667    .text.HAL_PWR_EnterSTOPMode  stm32c0xx_hal_pwr.o
    0x0800763c   0x0800763c   0x0000004c   Code   RO          542    .text.HAL_RCCEx_CRSConfig  stm32c0xx_hal_rcc_ex.o
    0x08007688   0x08007688   0x00000144   Code   RO          532    .text.HAL_RCCEx_PeriphCLKConfig  stm32c0xx_hal_rcc_ex.o
    0x080077cc   0x080077cc   0x000001d8   Code   RO          498    .text.HAL_RCC_ClockConfig  stm32c0xx_hal_rcc.o
    0x080079a4   0x080079a4   0x00000090   Code   RO          506    .text.HAL_RCC_GetPCLK1Freq  stm32c0xx_hal_rcc.o
    0x08007a34   0x08007a34   0x00000070   Code   RO          500    .text.HAL_RCC_GetSysClockFreq  stm32c0xx_hal_rcc.o
    0x08007aa4   0x08007aa4   0x000002b8   Code   RO          496    .text.HAL_RCC_OscConfig  stm32c0xx_hal_rcc.o
    0x08007d5c   0x08007d5c   0x00000046   Code   RO         1027    .text.HAL_RTC_GetDate  stm32c0xx_hal_rtc.o
    0x08007da2   0x08007da2   0x00000002   PAD
    0x08007da4   0x08007da4   0x00000058   Code   RO         1021    .text.HAL_RTC_GetTime  stm32c0xx_hal_rtc.o
    0x08007dfc   0x08007dfc   0x000000d8   Code   RO         1005    .text.HAL_RTC_Init  stm32c0xx_hal_rtc.o
    0x08007ed4   0x08007ed4   0x0000005c   Code   RO          103    .text.HAL_RTC_MspInit  rtc.o
    0x08007f30   0x08007f30   0x00000148   Code   RO         1025    .text.HAL_RTC_SetDate  stm32c0xx_hal_rtc.o
    0x08008078   0x08008078   0x00000174   Code   RO         1017    .text.HAL_RTC_SetTime  stm32c0xx_hal_rtc.o
    0x080081ec   0x080081ec   0x00000034   Code   RO          735    .text.HAL_SYSTICK_Config  stm32c0xx_hal_cortex.o
    0x08008220   0x08008220   0x00000002   Code   RO         1410    .text.HAL_TIMEx_Break2Callback  stm32c0xx_hal_tim_ex.o
    0x08008222   0x08008222   0x00000002   Code   RO         1408    .text.HAL_TIMEx_BreakCallback  stm32c0xx_hal_tim_ex.o
    0x08008224   0x08008224   0x00000002   Code   RO         1404    .text.HAL_TIMEx_CommutCallback  stm32c0xx_hal_tim_ex.o
    0x08008226   0x08008226   0x00000002   PAD
    0x08008228   0x08008228   0x000000bc   Code   RO         1390    .text.HAL_TIMEx_ConfigBreakDeadTime  stm32c0xx_hal_tim_ex.o
    0x080082e4   0x080082e4   0x00000060   Code   RO         1388    .text.HAL_TIMEx_MasterConfigSynchronization  stm32c0xx_hal_tim_ex.o
    0x08008344   0x08008344   0x000000d8   Code   RO         1093    .text.HAL_TIM_Base_Init  stm32c0xx_hal_tim.o
    0x0800841c   0x0800841c   0x000000cc   Code   RO          126    .text.HAL_TIM_Base_MspInit  tim.o
    0x080084e8   0x080084e8   0x00000054   Code   RO         1103    .text.HAL_TIM_Base_Start  stm32c0xx_hal_tim.o
    0x0800853c   0x0800853c   0x00000002   Code   RO         1229    .text.HAL_TIM_IC_CaptureCallback  stm32c0xx_hal_tim.o
    0x0800853e   0x0800853e   0x00000002   PAD
    0x08008540   0x08008540   0x000001dc   Code   RO         1227    .text.HAL_TIM_IRQHandler  stm32c0xx_hal_tim.o
    0x0800871c   0x0800871c   0x00000002   Code   RO         1231    .text.HAL_TIM_OC_DelayElapsedCallback  stm32c0xx_hal_tim.o
    0x0800871e   0x0800871e   0x00000002   PAD
    0x08008720   0x08008720   0x0000035c   Code   RO         1247    .text.HAL_TIM_PWM_ConfigChannel  stm32c0xx_hal_tim.o
    0x08008a7c   0x08008a7c   0x000000e4   Code   RO         1147    .text.HAL_TIM_PWM_Init  stm32c0xx_hal_tim.o
    0x08008b60   0x08008b60   0x00000002   Code   RO         1149    .text.HAL_TIM_PWM_MspInit  stm32c0xx_hal_tim.o
    0x08008b62   0x08008b62   0x00000002   Code   RO         1233    .text.HAL_TIM_PWM_PulseFinishedCallback  stm32c0xx_hal_tim.o
    0x08008b64   0x08008b64   0x000000d8   Code   RO         1155    .text.HAL_TIM_PWM_Start  stm32c0xx_hal_tim.o
    0x08008c3c   0x08008c3c   0x00000002   Code   RO         1235    .text.HAL_TIM_PeriodElapsedCallback  stm32c0xx_hal_tim.o
    0x08008c3e   0x08008c3e   0x0000004c   Code   RO         1277    .text.HAL_TIM_SlaveConfigSynchro  stm32c0xx_hal_tim.o
    0x08008c8a   0x08008c8a   0x00000002   Code   RO         1237    .text.HAL_TIM_TriggerCallback  stm32c0xx_hal_tim.o
    0x08008c8c   0x08008c8c   0x00000036   Code   RO         1585    .text.HAL_UARTEx_DisableFifoMode  stm32c0xx_hal_uart_ex.o
    0x08008cc2   0x08008cc2   0x00000070   Code   RO         1595    .text.HAL_UARTEx_ReceiveToIdle_DMA  stm32c0xx_hal_uart_ex.o
    0x08008d32   0x08008d32   0x00000002   PAD
    0x08008d34   0x08008d34   0x00000014   Code   RO          198    .text.HAL_UARTEx_RxEventCallback  stm32c0xx_it.o
    0x08008d48   0x08008d48   0x00000002   Code   RO         1571    .text.HAL_UARTEx_RxFifoFullCallback  stm32c0xx_hal_uart_ex.o
    0x08008d4a   0x08008d4a   0x00000002   PAD
    0x08008d4c   0x08008d4c   0x00000080   Code   RO         1589    .text.HAL_UARTEx_SetRxFifoThreshold  stm32c0xx_hal_uart_ex.o
    0x08008dcc   0x08008dcc   0x00000088   Code   RO         1587    .text.HAL_UARTEx_SetTxFifoThreshold  stm32c0xx_hal_uart_ex.o
    0x08008e54   0x08008e54   0x00000002   Code   RO         1573    .text.HAL_UARTEx_TxFifoEmptyCallback  stm32c0xx_hal_uart_ex.o
    0x08008e56   0x08008e56   0x00000002   Code   RO         1569    .text.HAL_UARTEx_WakeupCallback  stm32c0xx_hal_uart_ex.o
    0x08008e58   0x08008e58   0x00000002   Code   RO         1506    .text.HAL_UART_AbortReceiveCpltCallback  stm32c0xx_hal_uart.o
    0x08008e5a   0x08008e5a   0x00000002   PAD
    0x08008e5c   0x08008e5c   0x000000c8   Code   RO         1502    .text.HAL_UART_AbortReceive_IT  stm32c0xx_hal_uart.o
    0x08008f24   0x08008f24   0x00000018   Code   RO          200    .text.HAL_UART_ErrorCallback  stm32c0xx_it.o
    0x08008f3c   0x08008f3c   0x00000480   Code   RO         1508    .text.HAL_UART_IRQHandler  stm32c0xx_hal_uart.o
    0x080093bc   0x080093bc   0x00000070   Code   RO         1424    .text.HAL_UART_Init  stm32c0xx_hal_uart.o
    0x0800942c   0x0800942c   0x000000dc   Code   RO          144    .text.HAL_UART_MspInit  usart.o
    0x08009508   0x08009508   0x00000002   Code   RO         1520    .text.HAL_UART_RxCpltCallback  stm32c0xx_hal_uart.o
    0x0800950a   0x0800950a   0x00000002   Code   RO         1522    .text.HAL_UART_RxHalfCpltCallback  stm32c0xx_hal_uart.o
    0x0800950c   0x0800950c   0x000000bc   Code   RO         1464    .text.HAL_UART_Transmit_DMA  stm32c0xx_hal_uart.o
    0x080095c8   0x080095c8   0x00000018   Code   RO          196    .text.HAL_UART_TxCpltCallback  stm32c0xx_it.o
    0x080095e0   0x080095e0   0x00000002   Code   RO         1518    .text.HAL_UART_TxHalfCpltCallback  stm32c0xx_hal_uart.o
    0x080095e2   0x080095e2   0x00000002   PAD
    0x080095e4   0x080095e4   0x00000098   Code   RO         2662    .text.Handle_Dwin_INT  cli_driver.o
    0x0800967c   0x0800967c   0x0000009c   Code   RO         2664    .text.Handle_Dwin_INT32  cli_driver.o
    0x08009718   0x08009718   0x00000060   Code   RO         2660    .text.Handle_Dwin_PIC  cli_driver.o
    0x08009778   0x08009778   0x0000019c   Code   RO         2666    .text.Handle_Dwin_RAW  cli_driver.o
    0x08009914   0x08009914   0x00000070   Code   RO         2933    .text.Handle_Escape_Navigation  controller.o
    0x08009984   0x08009984   0x00000002   Code   RO          176    .text.HardFault_Handler  stm32c0xx_it.o
    0x08009986   0x08009986   0x00000002   PAD
    0x08009988   0x08009988   0x0000017c   Code   RO          975    .text.I2C_IsErrorOccurred  stm32c0xx_hal_i2c.o
    0x08009b04   0x08009b04   0x000000fa   Code   RO          841    .text.I2C_WaitOnFlagUntilTimeout  stm32c0xx_hal_i2c.o
    0x08009bfe   0x08009bfe   0x00000086   Code   RO          845    .text.I2C_WaitOnSTOPFlagUntilTimeout  stm32c0xx_hal_i2c.o
    0x08009c84   0x08009c84   0x000000a6   Code   RO          843    .text.I2C_WaitOnTXISFlagUntilTimeout  stm32c0xx_hal_i2c.o
    0x08009d2a   0x08009d2a   0x00000002   PAD
    0x08009d2c   0x08009d2c   0x00000074   Code   RO           48    .text.MX_ADC1_Init  adc.o
    0x08009da0   0x08009da0   0x0000002c   Code   RO           63    .text.MX_CRC_Init   crc.o
    0x08009dcc   0x08009dcc   0x00000044   Code   RO           78    .text.MX_DMA_Init   dma.o
    0x08009e10   0x08009e10   0x00000140   Code   RO           40    .text.MX_GPIO_Init  gpio.o
    0x08009f50   0x08009f50   0x00000058   Code   RO           86    .text.MX_I2C1_Init  i2c.o
    0x08009fa8   0x08009fa8   0x0000007c   Code   RO          101    .text.MX_RTC_Init   rtc.o
    0x0800a024   0x0800a024   0x00000034   Code   RO          118    .text.MX_TIM14_Init  tim.o
    0x0800a058   0x0800a058   0x000000e4   Code   RO          120    .text.MX_TIM16_Init  tim.o
    0x0800a13c   0x0800a13c   0x000000f4   Code   RO          124    .text.MX_TIM17_Init  tim.o
    0x0800a230   0x0800a230   0x00000068   Code   RO          116    .text.MX_TIM2_Init  tim.o
    0x0800a298   0x0800a298   0x00000068   Code   RO          142    .text.MX_USART2_UART_Init  usart.o
    0x0800a300   0x0800a300   0x000000cc   Code   RO          249    .text.MX_USBX_Device_Init  app_usbx_device.o
    0x0800a3cc   0x0800a3cc   0x00000080   Code   RO          159    .text.MX_USB_PCD_Init  usb.o
    0x0800a44c   0x0800a44c   0x00000014   Code   RO         2991    .text.Medicao_Get_UltimaMedicao  medicao_handler.o
    0x0800a460   0x0800a460   0x00000014   Code   RO         2987    .text.Medicao_Init  medicao_handler.o
    0x0800a474   0x0800a474   0x00000084   Code   RO         2989    .text.Medicao_Process  medicao_handler.o
    0x0800a4f8   0x0800a4f8   0x00000008   Code   RO         2995    .text.Medicao_Set_Densidade  medicao_handler.o
    0x0800a500   0x0800a500   0x00000008   Code   RO         2993    .text.Medicao_Set_Temp_Instru  medicao_handler.o
    0x0800a508   0x0800a508   0x0000000c   Code   RO         2997    .text.Medicao_Set_Umidade  medicao_handler.o
    0x0800a514   0x0800a514   0x00000002   Code   RO          174    .text.NMI_Handler   stm32c0xx_it.o
    0x0800a516   0x0800a516   0x0000001a   Code   RO         2769    .text.PWM_Servo_Init  pwm_servo_driver.o
    0x0800a530   0x0800a530   0x0000008c   Code   RO         2771    .text.PWM_Servo_SetAngle  pwm_servo_driver.o
    0x0800a5bc   0x0800a5bc   0x00000002   Code   RO          180    .text.PendSV_Handler  stm32c0xx_it.o
    0x0800a5be   0x0800a5be   0x00000002   PAD
    0x0800a5c0   0x0800a5c0   0x000000b4   Code   RO         2726    .text.RTC_Driver_GetDate  rtc_driver.o
    0x0800a674   0x0800a674   0x00000050   Code   RO         2728    .text.RTC_Driver_GetTime  rtc_driver.o
    0x0800a6c4   0x0800a6c4   0x00000048   Code   RO         2720    .text.RTC_Driver_Init  rtc_driver.o
    0x0800a70c   0x0800a70c   0x00000024   Code   RO         2722    .text.RTC_Driver_SetDate  rtc_driver.o
    0x0800a730   0x0800a730   0x00000030   Code   RO         2724    .text.RTC_Driver_SetTime  rtc_driver.o
    0x0800a760   0x0800a760   0x0000009c   Code   RO         1011    .text.RTC_ExitInitMode  stm32c0xx_hal_rtc.o
    0x0800a7fc   0x0800a7fc   0x0000017c   Code   RO         3075    .text.RTC_Handle_Set_Date_And_Time  rtc_handler.o
    0x0800a978   0x0800a978   0x0000010c   Code   RO         3073    .text.RTC_Handle_Set_Time  rtc_handler.o
    0x0800aa84   0x0800aa84   0x000001a4   Code   RO         2973    .text.Relatorio_Printer  relato.o
    0x0800ac28   0x0800ac28   0x00000002   Code   RO          178    .text.SVC_Handler   stm32c0xx_it.o
    0x0800ac2a   0x0800ac2a   0x00000002   PAD
    0x0800ac2c   0x0800ac2c   0x00000018   Code   RO         2904    .text.Servos_Init   servo_controle.o
    0x0800ac44   0x0800ac44   0x00000078   Code   RO         2906    .text.Servos_Process  servo_controle.o
    0x0800acbc   0x0800acbc   0x00000008   Code   RO          182    .text.SysTick_Handler  stm32c0xx_it.o
    0x0800acc4   0x0800acc4   0x000000b8   Code   RO           25    .text.SystemClock_Config  main.o
    0x0800ad7c   0x0800ad7c   0x00000010   Code   RO         1778    .text.SystemInit    system_stm32c0xx.o
    0x0800ad8c   0x0800ad8c   0x00000010   Code   RO          192    .text.TIM14_IRQHandler  stm32c0xx_it.o
    0x0800ad9c   0x0800ad9c   0x000000c8   Code   RO         1279    .text.TIM_SlaveTimer_SetConfig  stm32c0xx_hal_tim.o
    0x0800ae64   0x0800ae64   0x000000c8   Code   RO         2823    .text.TempSensor_GetTemperature  temp_sensor.o
    0x0800af2c   0x0800af2c   0x0000007c   Code   RO         2955    .text.Test_DisplayInfo  app_manager.o
    0x0800afa8   0x0800afa8   0x000000d2   Code   RO         1428    .text.UART_AdvFeatureConfig  stm32c0xx_hal_uart.o
    0x0800b07a   0x0800b07a   0x00000002   PAD
    0x0800b07c   0x0800b07c   0x000000d0   Code   RO         1432    .text.UART_CheckIdleState  stm32c0xx_hal_uart.o
    0x0800b14c   0x0800b14c   0x00000010   Code   RO         1510    .text.UART_DMAAbortOnError  stm32c0xx_hal_uart.o
    0x0800b15c   0x0800b15c   0x000000d8   Code   RO         1470    .text.UART_DMAError  stm32c0xx_hal_uart.o
    0x0800b234   0x0800b234   0x000000b6   Code   RO         1554    .text.UART_DMAReceiveCplt  stm32c0xx_hal_uart.o
    0x0800b2ea   0x0800b2ea   0x00000038   Code   RO         1556    .text.UART_DMARxHalfCplt  stm32c0xx_hal_uart.o
    0x0800b322   0x0800b322   0x00000026   Code   RO         1504    .text.UART_DMARxOnlyAbortCallback  stm32c0xx_hal_uart.o
    0x0800b348   0x0800b348   0x0000004a   Code   RO         1466    .text.UART_DMATransmitCplt  stm32c0xx_hal_uart.o
    0x0800b392   0x0800b392   0x0000000a   Code   RO         1468    .text.UART_DMATxHalfCplt  stm32c0xx_hal_uart.o
    0x0800b39c   0x0800b39c   0x00000184   Code   RO         1430    .text.UART_SetConfig  stm32c0xx_hal_uart.o
    0x0800b520   0x0800b520   0x000000ac   Code   RO         1474    .text.UART_Start_Receive_DMA  stm32c0xx_hal_uart.o
    0x0800b5cc   0x0800b5cc   0x000001c4   Code   RO         1446    .text.UART_WaitOnFlagUntilTimeout  stm32c0xx_hal_uart.o
    0x0800b790   0x0800b790   0x00000010   Code   RO          194    .text.USART2_IRQHandler  stm32c0xx_it.o
    0x0800b7a0   0x0800b7a0   0x00000008   Code   RO          269    .text.USBD_CDC_ACM_Activate  ux_device_cdc_acm.o
    0x0800b7a8   0x0800b7a8   0x00000008   Code   RO          271    .text.USBD_CDC_ACM_Deactivate  ux_device_cdc_acm.o
    0x0800b7b0   0x0800b7b0   0x00000002   Code   RO          273    .text.USBD_CDC_ACM_ParameterChange  ux_device_cdc_acm.o
    0x0800b7b2   0x0800b7b2   0x00000002   PAD
    0x0800b7b4   0x0800b7b4   0x0000001c   Code   RO          277    .text.USBD_CDC_ACM_Receive  ux_device_cdc_acm.o
    0x0800b7d0   0x0800b7d0   0x00000044   Code   RO          275    .text.USBD_CDC_ACM_Transmit  ux_device_cdc_acm.o
    0x0800b814   0x0800b814   0x00000004   Code   RO          251    .text.USBD_ChangeFunction  app_usbx_device.o
    0x0800b818   0x0800b818   0x00000414   Code   RO          224    .text.USBD_Device_Framework_Builder  ux_device_descriptors.o
    0x0800bc2c   0x0800bc2c   0x00000004   Code   RO          232    .text.USBD_Get_Configuration_Number  ux_device_descriptors.o
    0x0800bc30   0x0800bc30   0x00000044   Code   RO          222    .text.USBD_Get_Device_Framework_Speed  ux_device_descriptors.o
    0x0800bc74   0x0800bc74   0x00000050   Code   RO          230    .text.USBD_Get_Interface_Number  ux_device_descriptors.o
    0x0800bcc4   0x0800bcc4   0x00000020   Code   RO          228    .text.USBD_Get_Language_Id_Framework  ux_device_descriptors.o
    0x0800bce4   0x0800bce4   0x00000094   Code   RO          226    .text.USBD_Get_String_Framework  ux_device_descriptors.o
    0x0800bd78   0x0800bd78   0x00000280   Code   RO         1720    .text.USB_ActivateEndpoint  stm32c0xx_ll_usb.o
    0x0800bff8   0x0800bff8   0x00000010   Code   RO          186    .text.USB_DRD_FS_IRQHandler  stm32c0xx_it.o
    0x0800c008   0x0800c008   0x000000a8   Code   RO         1722    .text.USB_DeactivateEndpoint  stm32c0xx_ll_usb.o
    0x0800c0b0   0x0800c0b0   0x0000000e   Code   RO         1738    .text.USB_DevConnect  stm32c0xx_ll_usb.o
    0x0800c0be   0x0800c0be   0x0000000e   Code   RO         1740    .text.USB_DevDisconnect  stm32c0xx_ll_usb.o
    0x0800c0cc   0x0800c0cc   0x0000001a   Code   RO         1714    .text.USB_DevInit   stm32c0xx_ll_usb.o
    0x0800c0e6   0x0800c0e6   0x00000002   PAD
    0x0800c0e8   0x0800c0e8   0x00000010   Code   RO         1710    .text.USB_DisableGlobalInt  stm32c0xx_ll_usb.o
    0x0800c0f8   0x0800c0f8   0x00000068   Code   RO         1730    .text.USB_EPClearStall  stm32c0xx_ll_usb.o
    0x0800c160   0x0800c160   0x0000003c   Code   RO         1728    .text.USB_EPSetStall  stm32c0xx_ll_usb.o
    0x0800c19c   0x0800c19c   0x00000b18   Code   RO         1724    .text.USB_EPStartXfer  stm32c0xx_ll_usb.o
    0x0800ccb4   0x0800ccb4   0x00000070   Code   RO         1732    .text.USB_EPStopXfer  stm32c0xx_ll_usb.o
    0x0800cd24   0x0800cd24   0x00000010   Code   RO         1708    .text.USB_EnableGlobalInt  stm32c0xx_ll_usb.o
    0x0800cd34   0x0800cd34   0x00000004   Code   RO         1718    .text.USB_FlushRxFifo  stm32c0xx_ll_usb.o
    0x0800cd38   0x0800cd38   0x00000004   Code   RO         1716    .text.USB_FlushTxFifo  stm32c0xx_ll_usb.o
    0x0800cd3c   0x0800cd3c   0x00000004   Code   RO         1742    .text.USB_ReadInterrupts  stm32c0xx_ll_usb.o
    0x0800cd40   0x0800cd40   0x0000010c   Code   RO         1748    .text.USB_ReadPMA   stm32c0xx_ll_usb.o
    0x0800ce4c   0x0800ce4c   0x00000010   Code   RO         1736    .text.USB_SetDevAddress  stm32c0xx_ll_usb.o
    0x0800ce5c   0x0800ce5c   0x00000010   Code   RO         1734    .text.USB_StopDevice  stm32c0xx_ll_usb.o
    0x0800ce6c   0x0800ce6c   0x00000120   Code   RO         1726    .text.USB_WritePMA  stm32c0xx_ll_usb.o
    0x0800cf8c   0x0800cf8c   0x0000010c   Code   RO         2967    .text.Who_am_i      relato.o
    0x0800d098   0x0800d098   0x0000006a   Code   RO         1821    .text._ux_dcd_stm32_endpoint_create  ux_dcd_stm32_endpoint_create.o
    0x0800d102   0x0800d102   0x00000016   Code   RO         1831    .text._ux_dcd_stm32_endpoint_destroy  ux_dcd_stm32_endpoint_destroy.o
    0x0800d118   0x0800d118   0x0000003c   Code   RO         1840    .text._ux_dcd_stm32_endpoint_reset  ux_dcd_stm32_endpoint_reset.o
    0x0800d154   0x0800d154   0x0000001e   Code   RO         1849    .text._ux_dcd_stm32_endpoint_stall  ux_dcd_stm32_endpoint_stall.o
    0x0800d172   0x0800d172   0x00000028   Code   RO         1858    .text._ux_dcd_stm32_endpoint_status  ux_dcd_stm32_endpoint_status.o
    0x0800d19a   0x0800d19a   0x00000004   Code   RO         1868    .text._ux_dcd_stm32_frame_number_get  ux_dcd_stm32_frame_number_get.o
    0x0800d19e   0x0800d19e   0x00000002   PAD
    0x0800d1a0   0x0800d1a0   0x000000a0   Code   RO         1877    .text._ux_dcd_stm32_function  ux_dcd_stm32_function.o
    0x0800d240   0x0800d240   0x00000038   Code   RO         1886    .text._ux_dcd_stm32_initialize  ux_dcd_stm32_initialize.o
    0x0800d278   0x0800d278   0x000000d8   Code   RO         1895    .text._ux_dcd_stm32_initialize_complete  ux_dcd_stm32_initialize_complete.o
    0x0800d350   0x0800d350   0x000000a8   Code   RO         1793    .text._ux_dcd_stm32_setup_isr_pending  ux_dcd_stm32_callback.o
    0x0800d3f8   0x0800d3f8   0x0000001c   Code   RO         1913    .text._ux_dcd_stm32_transfer_abort  ux_dcd_stm32_transfer_abort.o
    0x0800d414   0x0800d414   0x00000090   Code   RO         1922    .text._ux_dcd_stm32_transfer_run  ux_dcd_stm32_transfer_run.o
    0x0800d4a4   0x0800d4a4   0x00000018   Code   RO         2519    .text._ux_device_class_cdc_acm_activate  ux_device_class_cdc_acm_activate.o
    0x0800d4bc   0x0800d4bc   0x000000c8   Code   RO         2528    .text._ux_device_class_cdc_acm_control_request  ux_device_class_cdc_acm_control_request.o
    0x0800d584   0x0800d584   0x00000054   Code   RO         2537    .text._ux_device_class_cdc_acm_deactivate  ux_device_class_cdc_acm_deactivate.o
    0x0800d5d8   0x0800d5d8   0x00000056   Code   RO         2546    .text._ux_device_class_cdc_acm_entry  ux_device_class_cdc_acm_entry.o
    0x0800d62e   0x0800d62e   0x00000040   Code   RO         2555    .text._ux_device_class_cdc_acm_initialize  ux_device_class_cdc_acm_initialize.o
    0x0800d66e   0x0800d66e   0x00000002   PAD
    0x0800d670   0x0800d670   0x000000d6   Code   RO         2564    .text._ux_device_class_cdc_acm_ioctl  ux_device_class_cdc_acm_ioctl.o
    0x0800d746   0x0800d746   0x00000002   PAD
    0x0800d748   0x0800d748   0x000000fc   Code   RO         2597    .text._ux_device_class_cdc_acm_read_run  ux_device_class_cdc_acm_read_run.o
    0x0800d844   0x0800d844   0x00000012   Code   RO         2576    .text._ux_device_class_cdc_acm_uninitialize  ux_device_class_cdc_acm_unitialize.o
    0x0800d856   0x0800d856   0x00000002   PAD
    0x0800d858   0x0800d858   0x00000100   Code   RO         2618    .text._ux_device_class_cdc_acm_write_run  ux_device_class_cdc_acm_write_run.o
    0x0800d958   0x0800d958   0x00000070   Code   RO         2263    .text._ux_device_stack_alternate_setting_get  ux_device_stack_alternate_setting_get.o
    0x0800d9c8   0x0800d9c8   0x000002a4   Code   RO         2272    .text._ux_device_stack_alternate_setting_set  ux_device_stack_alternate_setting_set.o
    0x0800dc6c   0x0800dc6c   0x00000074   Code   RO         2281    .text._ux_device_stack_class_register  ux_device_stack_class_register.o
    0x0800dce0   0x0800dce0   0x00000090   Code   RO         2305    .text._ux_device_stack_clear_feature  ux_device_stack_clear_feature.o
    0x0800dd70   0x0800dd70   0x00000024   Code   RO         2314    .text._ux_device_stack_configuration_get  ux_device_stack_configuration_get.o
    0x0800dd94   0x0800dd94   0x000001cc   Code   RO         2323    .text._ux_device_stack_configuration_set  ux_device_stack_configuration_set.o
    0x0800df60   0x0800df60   0x00000490   Code   RO         2332    .text._ux_device_stack_control_request_process  ux_device_stack_control_request_process.o
    0x0800e3f0   0x0800e3f0   0x00000370   Code   RO         2341    .text._ux_device_stack_descriptor_send  ux_device_stack_descriptor_send.o
    0x0800e760   0x0800e760   0x0000007c   Code   RO         2350    .text._ux_device_stack_disconnect  ux_device_stack_disconnect.o
    0x0800e7dc   0x0800e7dc   0x00000044   Code   RO         2359    .text._ux_device_stack_endpoint_stall  ux_device_stack_endpoint_stall.o
    0x0800e820   0x0800e820   0x000000a4   Code   RO         2368    .text._ux_device_stack_get_status  ux_device_stack_get_status.o
    0x0800e8c4   0x0800e8c4   0x000001e0   Code   RO         2386    .text._ux_device_stack_initialize  ux_device_stack_initialize.o
    0x0800eaa4   0x0800eaa4   0x0000004c   Code   RO         2411    .text._ux_device_stack_interface_delete  ux_device_stack_interface_delete.o
    0x0800eaf0   0x0800eaf0   0x000001ec   Code   RO         2429    .text._ux_device_stack_interface_set  ux_device_stack_interface_set.o
    0x0800ecdc   0x0800ecdc   0x00000068   Code   RO         2438    .text._ux_device_stack_interface_start  ux_device_stack_interface_start.o
    0x0800ed44   0x0800ed44   0x00000090   Code   RO         2456    .text._ux_device_stack_set_feature  ux_device_stack_set_feature.o
    0x0800edd4   0x0800edd4   0x0000002c   Code   RO         2501    .text._ux_device_stack_tasks_run  ux_device_stack_tasks_run.o
    0x0800ee00   0x0800ee00   0x0000003c   Code   RO         2465    .text._ux_device_stack_transfer_abort  ux_device_stack_transfer_abort.o
    0x0800ee3c   0x0800ee3c   0x0000000c   Code   RO         2474    .text._ux_device_stack_transfer_all_request_abort  ux_device_stack_transfer_all_request_abort.o
    0x0800ee48   0x0800ee48   0x0000001e   Code   RO         2483    .text._ux_device_stack_transfer_request  ux_device_stack_transfer_request.o
    0x0800ee66   0x0800ee66   0x00000002   PAD
    0x0800ee68   0x0800ee68   0x000000f4   Code   RO         2510    .text._ux_device_stack_transfer_run  ux_device_stack_transfer_run.o
    0x0800ef5c   0x0800ef5c   0x00000048   Code   RO         2492    .text._ux_device_stack_uninitialize  ux_device_stack_uninitialize.o
    0x0800efa4   0x0800efa4   0x00000018   Code   RO         2192    .text._ux_system_error_handler  ux_system_error_handler.o
    0x0800efbc   0x0800efbc   0x000000b0   Code   RO         2201    .text._ux_system_initialize  ux_system_initialize.o
    0x0800f06c   0x0800f06c   0x00000004   Code   RO         2237    .text._ux_system_uninitialize  ux_system_uninitialize.o
    0x0800f070   0x0800f070   0x00000074   Code   RO         1968    .text._ux_utility_descriptor_parse  ux_utility_descriptor_parse.o
    0x0800f0e4   0x0800f0e4   0x00000008   Code   RO          253    .text._ux_utility_interrupt_disable  app_usbx_device.o
    0x0800f0ec   0x0800f0ec   0x00000006   Code   RO          255    .text._ux_utility_interrupt_restore  app_usbx_device.o
    0x0800f0f2   0x0800f0f2   0x00000016   Code   RO         1988    .text._ux_utility_long_get  ux_utility_long_get.o
    0x0800f108   0x0800f108   0x00000010   Code   RO         2006    .text._ux_utility_long_put  ux_utility_long_put.o
    0x0800f118   0x0800f118   0x000000d8   Code   RO         2024    .text._ux_utility_memory_allocate  ux_utility_memory_allocate.o
    0x0800f1f0   0x0800f1f0   0x00000038   Code   RO         2042    .text._ux_utility_memory_allocate_mulc_safe  ux_utility_memory_allocate_mulc_safe.o
    0x0800f228   0x0800f228   0x0000003c   Code   RO         2245    .text._ux_utility_memory_byte_pool_create  ux_utility_memory_byte_pool_create.o
    0x0800f264   0x0800f264   0x00000094   Code   RO         2254    .text._ux_utility_memory_byte_pool_search  ux_utility_memory_byte_pool_search.o
    0x0800f2f8   0x0800f2f8   0x00000064   Code   RO         2069    .text._ux_utility_memory_copy  ux_utility_memory_copy.o
    0x0800f35c   0x0800f35c   0x00000050   Code   RO         2078    .text._ux_utility_memory_free  ux_utility_memory_free.o
    0x0800f3ac   0x0800f3ac   0x00000012   Code   RO         2087    .text._ux_utility_memory_set  ux_utility_memory_set.o
    0x0800f3be   0x0800f3be   0x0000000a   Code   RO         2112    .text._ux_utility_short_get  ux_utility_short_get.o
    0x0800f3c8   0x0800f3c8   0x0000006a   Code   RO         2148    .text._ux_utility_string_length_check  ux_utility_string_length_check.o
    0x0800f432   0x0800f432   0x00000016   Code   RO         2203    .text._uxe_system_initialize  ux_system_initialize.o
    0x0800f448   0x0800f448   0x00000018   Code   RO           11    .text.fputc         retarget.o
    0x0800f460   0x0800f460   0x0000007c   Code   RO           23    .text.main          main.o
    0x0800f4dc   0x0800f4dc   0x00000020   Code   RO         3411    i.__0printf         mc_p.l(printfa.o)
    0x0800f4fc   0x0800f4fc   0x00000038   Code   RO         3412    i.__0snprintf       mc_p.l(printfa.o)
    0x0800f534   0x0800f534   0x00000028   Code   RO         3413    i.__0sprintf        mc_p.l(printfa.o)
    0x0800f55c   0x0800f55c   0x00000030   Code   RO         3416    i.__0vsnprintf      mc_p.l(printfa.o)
    0x0800f58c   0x0800f58c   0x0000002e   Code   RO         3516    i.__ARM_clz         mf_p.l(depilogue.o)
    0x0800f5ba   0x0800f5ba   0x00000002   PAD
    0x0800f5bc   0x0800f5bc   0x00000008   Code   RO         3496    i.__aeabi_errno_addr  mc_p.l(errno.o)
    0x0800f5c4   0x0800f5c4   0x0000000e   Code   RO         3545    i.__scatterload_copy  mc_p.l(handlers.o)
    0x0800f5d2   0x0800f5d2   0x00000002   Code   RO         3546    i.__scatterload_null  mc_p.l(handlers.o)
    0x0800f5d4   0x0800f5d4   0x0000000e   Code   RO         3547    i.__scatterload_zeroinit  mc_p.l(handlers.o)
    0x0800f5e2   0x0800f5e2   0x00000002   PAD
    0x0800f5e4   0x0800f5e4   0x00000174   Code   RO         3418    i._fp_digits        mc_p.l(printfa.o)
    0x0800f758   0x0800f758   0x000006ec   Code   RO         3419    i._printf_core      mc_p.l(printfa.o)
    0x0800fe44   0x0800fe44   0x00000020   Code   RO         3420    i._printf_post_padding  mc_p.l(printfa.o)
    0x0800fe64   0x0800fe64   0x0000002c   Code   RO         3421    i._printf_pre_padding  mc_p.l(printfa.o)
    0x0800fe90   0x0800fe90   0x00000016   Code   RO         3422    i._snputc           mc_p.l(printfa.o)
    0x0800fea6   0x0800fea6   0x0000000a   Code   RO         3423    i._sputc            mc_p.l(printfa.o)
    0x0800feb0   0x0800feb0   0x00000020   Code   RO         3114    i.puts              mc_p.l(puts.o)
    0x0800fed0   0x0800fed0   0x00000081   Data   RO         3127    .constdata          mc_p.l(ctype_o.o)
    0x0800ff51   0x0800ff51   0x00000003   PAD
    0x0800ff54   0x0800ff54   0x00000004   Data   RO         3128    .constdata          mc_p.l(ctype_o.o)
    0x0800ff58   0x0800ff58   0x00000040   Data   RO         1783    .rodata.AHBPrescTable  system_stm32c0xx.o
    0x0800ff98   0x0800ff98   0x00000020   Data   RO         1784    .rodata.APBPrescTable  system_stm32c0xx.o
    0x0800ffb8   0x0800ffb8   0x00000025   Data   RO         2976    .rodata.Dupla       relato.o
    0x0800ffdd   0x0800ffdd   0x00000029   Data   RO         2975    .rodata.Ejeta       relato.o
    0x08010006   0x08010006   0x0000040f   Data   RO         2672    .rodata.HELP_TEXT   cli_driver.o
    0x08010415   0x08010415   0x00000023   Data   RO         2977    .rodata.Linha       relato.o
    0x08010438   0x08010438   0x000021c0   Data   RO         2896    .rodata.Produto     gxxx_equacoes.o
    0x080125f8   0x080125f8   0x00000018   Data   RO         1558    .rodata.UARTPrescTable  stm32c0xx_hal_uart.o
    0x08012610   0x08012610   0x00000010   Data   RO         1599    .rodata.cst8        stm32c0xx_hal_uart_ex.o
    0x08012620   0x08012620   0x00000058   Data   RO         2671    .rodata.s_command_table  cli_driver.o
    0x08012678   0x08012678   0x00000020   Data   RO         2673    .rodata.s_dwin_table  cli_driver.o
    0x08012698   0x08012698   0x00000050   Data   RO         2916    .rodata.s_fluxo_processo  servo_controle.o
    0x080126e8   0x080126e8   0x00000014   Data   RO         3101    .rodata.s_vps_resultados_nomes  graos_handler.o
    0x080126fc   0x080126fc   0x0000016f   Data   RO         2670    .rodata.str1.1      cli_driver.o
    0x0801286b   0x0801286b   0x0000009c   Data   RO         2710    .rodata.str1.1      dwin_driver.o
    0x08012907   0x08012907   0x00000030   Data   RO         2760    .rodata.str1.1      eeprom_driver.o
    0x08012937   0x08012937   0x00000086   Data   RO         2884    .rodata.str1.1      gerenciador_configuracoes.o
    0x080129bd   0x080129bd   0x0000308f   Data   RO         2895    .rodata.str1.1      gxxx_equacoes.o
    0x08015a4c   0x08015a4c   0x000000f2   Data   RO         2957    .rodata.str1.1      app_manager.o
    0x08015b3e   0x08015b3e   0x000000d5   Data   RO         2978    .rodata.str1.1      relato.o
    0x08015c13   0x08015c13   0x0000000f   Data   RO         3039    .rodata.str1.1      display_handler.o
    0x08015c22   0x08015c22   0x00000056   Data   RO         3063    .rodata.str1.1      autenticacao_handler.o
    0x08015c78   0x08015c78   0x0000018f   Data   RO         3077    .rodata.str1.1      rtc_handler.o
    0x08015e07   0x08015e07   0x00000290   Data   RO         3100    .rodata.str1.1      graos_handler.o
    0x08016097   0x08016097   0x00000001   PAD
    0x08016098   0x08016098   0x0000001b   Data   RO         2883    .rodata.str1.4      gerenciador_configuracoes.o
    0x080160b3   0x080160b3   0x00000001   PAD
    0x080160b4   0x080160b4   0x00000020   Data   RO         3544    Region$$Table       anon$$obj.o


    Execution Region RW_IRAM1 (Exec base: 0x20000000, Load base: 0x080160d8, Size: 0x00005080, Max: 0x00006000, ABSOLUTE)

    Exec Addr    Load Addr    Size         Type   Attr      Idx    E Section Name        Object

    0x20000000   0x080160d8   0x00000004   Data   RW         3483    .data               mc_p.l(stdout.o)
    0x20000004   0x080160dc   0x00000004   Data   RW         3499    .data               mc_p.l(errno.o)
    0x20000008   0x080160e0   0x00000008   Data   RW          343    .data..L_MergedGlobals  stm32c0xx_hal.o
    0x20000010   0x080160e8   0x0000001c   Data   RW         2917    .data..L_MergedGlobals  servo_controle.o
    0x2000002c   0x08016104   0x00000004   Data   RW         3102    .data..L_MergedGlobals  graos_handler.o
    0x20000030   0x08016108   0x00000004   Data   RW         1782    .data.SystemCoreClock  system_stm32c0xx.o
    0x20000034   0x0801610c   0x0000000c   Data   RW          234    .data.UserClassInstance  ux_device_descriptors.o
    0x20000040   0x08016118   0x00000004   Data   RW         2224    .data._ux_system_bos_descriptor_structure  ux_system_initialize.o
    0x20000044   0x0801611c   0x00000008   Data   RW         2208    .data._ux_system_configuration_descriptor_structure  ux_system_initialize.o
    0x2000004c   0x08016124   0x0000000e   Data   RW         2207    .data._ux_system_device_descriptor_structure  ux_system_initialize.o
    0x2000005a   0x08016132   0x00000006   Data   RW         2206    .data._ux_system_endpoint_descriptor_structure  ux_system_initialize.o
    0x20000060   0x08016138   0x00000009   Data   RW         2209    .data._ux_system_interface_descriptor_structure  ux_system_initialize.o
    0x20000069   0x08016141   0x00000017   Data   RW         2391    .data._ux_system_slave_class_cdc_acm_name  ux_device_stack_initialize.o
    0x20000080   0x08016158   0x00000020   Data   RW         2813    .data.cal_points    ads1232_driver.o
    0x200000a0   0x08016178   0x00000002   Data   RW         2935    .data.s_current_screen_id  controller.o
    0x200000a2   0x0801617a   0x00000001   Data   RW         3038    .data.s_printing_enabled  display_handler.o
    0x200000a3   0x0801617b   0x00000005   PAD
    0x200000a8        -       0x00000010   Zero   RW          260    .bss..L_MergedGlobals  app_usbx_device.o
    0x200000b8        -       0x00000004   Zero   RW         2674    .bss..L_MergedGlobals  cli_driver.o
    0x200000bc        -       0x0000001c   Zero   RW         2711    .bss..L_MergedGlobals  dwin_driver.o
    0x200000d8        -       0x00000008   Zero   RW         2814    .bss..L_MergedGlobals  ads1232_driver.o
    0x200000e0        -       0x0000000c   Zero   RW         2886    .bss..L_MergedGlobals  gerenciador_configuracoes.o
    0x200000ec        -       0x0000000c   Zero   RW         2958    .bss..L_MergedGlobals  app_manager.o
    0x200000f8        -       0x0000001c   Zero   RW         2999    .bss..L_MergedGlobals  medicao_handler.o
    0x20000114        -       0x00000010   Zero   RW         3040    .bss..L_MergedGlobals  display_handler.o
    0x20000124        -       0x0000000c   Zero   RW         3064    .bss..L_MergedGlobals  autenticacao_handler.o
    0x20000130        -       0x0000000c   Zero   RW         2918    .bss..L_MergedGlobals.1  servo_controle.o
    0x2000013c        -       0x00000042   Zero   RW         3103    .bss..L_MergedGlobals.27  graos_handler.o
    0x2000017e        -       0x00000100   Zero   RW         2668    .bss.CLI_Printf.printf_buffer  cli_driver.o
    0x2000027e   0x0801617b   0x00000002   PAD
    0x20000280        -       0x000000c8   Zero   RW          239    .bss.DevFrameWorkDesc_FS  ux_device_descriptors.o
    0x20000348        -       0x000000c8   Zero   RW          240    .bss.DevFrameWorkDesc_HS  ux_device_descriptors.o
    0x20000410        -       0x00000128   Zero   RW          237    .bss.USBD_Device_FS  ux_device_descriptors.o
    0x20000538        -       0x00000128   Zero   RW          238    .bss.USBD_Device_HS  ux_device_descriptors.o
    0x20000660        -       0x00000002   Zero   RW          236    .bss.USBD_language_id_framework  ux_device_descriptors.o
    0x20000662   0x0801617b   0x00000002   PAD
    0x20000664        -       0x00000100   Zero   RW          235    .bss.USBD_string_framework  ux_device_descriptors.o
    0x20000764        -       0x00000004   Zero   RW         2227    .bss._ux_system     ux_system_initialize.o
    0x20000768        -       0x00000004   Zero   RW         2402    .bss._ux_system_slave  ux_device_stack_initialize.o
    0x2000076c        -       0x00000004   Zero   RW          279    .bss.cdc_acm        ux_device_cdc_acm.o
    0x20000770        -       0x00000001   Zero   RW         2812    .bss.g_ads_data_ready  ads1232_driver.o
    0x20000771   0x0801617b   0x00000003   PAD
    0x20000774        -       0x00000064   Zero   RW           54    .bss.hadc1          adc.o
    0x200007d8        -       0x00000024   Zero   RW           69    .bss.hcrc           crc.o
    0x200007fc        -       0x0000005c   Zero   RW          149    .bss.hdma_usart2_rx  usart.o
    0x20000858        -       0x0000005c   Zero   RW          150    .bss.hdma_usart2_tx  usart.o
    0x200008b4        -       0x00000054   Zero   RW           92    .bss.hi2c1          i2c.o
    0x20000908        -       0x000002e0   Zero   RW          165    .bss.hpcd_USB_DRD_FS  usb.o
    0x20000be8        -       0x00000028   Zero   RW          107    .bss.hrtc           rtc.o
    0x20000c10        -       0x0000004c   Zero   RW          131    .bss.htim14         tim.o
    0x20000c5c        -       0x0000004c   Zero   RW          132    .bss.htim16         tim.o
    0x20000ca8        -       0x0000004c   Zero   RW          133    .bss.htim17         tim.o
    0x20000cf4        -       0x0000004c   Zero   RW          130    .bss.htim2          tim.o
    0x20000d40        -       0x00000094   Zero   RW          148    .bss.huart2         usart.o
    0x20000dd4        -       0x00000002   Zero   RW         2936    .bss.received_value  controller.o
    0x20000dd6   0x0801617b   0x00000002   PAD
    0x20000dd8        -       0x00000080   Zero   RW         2669    .bss.s_cli_buffer   cli_driver.o
    0x20000e58        -       0x000016dc   Zero   RW         2882    .bss.s_config_cache  gerenciador_configuracoes.o
    0x20002534        -       0x00000004   Zero   RW         2730    .bss.s_hrtc         rtc_driver.o
    0x20002538        -       0x00000004   Zero   RW         2759    .bss.s_i2c_handle   eeprom_driver.o
    0x2000253c        -       0x00000100   Zero   RW         2707    .bss.s_rx_dma_buffer  dwin_driver.o
    0x2000263c        -       0x00000100   Zero   RW         2709    .bss.s_tx_dma_buffer  dwin_driver.o
    0x2000273c        -       0x00000100   Zero   RW         2708    .bss.s_tx_fifo      dwin_driver.o
    0x2000283c        -       0x00000040   Zero   RW           29    .bss.usb_rx_buffer  main.o
    0x2000287c        -       0x00000004   Zero   RW          342    .bss.uwTick         stm32c0xx_hal.o
    0x20002880        -       0x00002000   Zero   RW          259    .bss.ux_device_byte_pool_buffer  app_usbx_device.o
    0x20004880        -       0x00000800   Zero   RW            1    STACK               startup_stm32c071xx.o


==============================================================================

Image component sizes


      Code (inc. data)   RO Data    RW Data    ZI Data      Debug   Object Name

       200         20          0          0        100       5444   adc.o
      1794         32          0         32          9       8684   ads1232_driver.o
      1196        328        242          0         12       8365   app_manager.o
       222         32          0          0       8208       3399   app_usbx_device.o
       568        220         86          0         12       4203   autenticacao_handler.o
      2762       1080       1526          0        388      11782   cli_driver.o
       800        176          0          2          2       6540   controller.o
        92         16          0          0         36       2782   crc.o
      1984        574         15          1         16      10449   display_handler.o
        68          4          0          0          0       1969   dma.o
      2232        200        156          0        796      14515   dwin_driver.o
       188          0          0          0          0       1294   dwin_parser.o
       324         60         48          0          4       7008   eeprom_driver.o
      1428        134        161          0       5864      10209   gerenciador_configuracoes.o
       320         16          0          0          0       2762   gpio.o
      1808        590        676          4         66       9042   graos_handler.o
         0          0      21071          0          0      10327   gxxx_equacoes.o
       224         24          0          0         84       5874   i2c.o
       312         16          0          0         64       4874   main.o
       200         16          0          0         28       2311   medicao_handler.o
        36          4          0          0          0       1764   pcb_frequency.o
       166         24          0          0          0       5379   pwm_servo_driver.o
       892        488        326          0          0       3370   relato.o
        24          0          0          0          0       1476   retarget.o
       216         20          0          0         40       4214   rtc.o
       416         44          0          0          4       4371   rtc_driver.o
       648        248        399          0          0       5038   rtc_handler.o
       174         24         80         28         12       6379   servo_controle.o
        28          8        192          0       2048        632   startup_stm32c071xx.o
       166         20          0          8          4       6730   stm32c0xx_hal.o
      2012         80          0          0          0      23400   stm32c0xx_hal_adc.o
       164         28          0          0          0       6937   stm32c0xx_hal_cortex.o
       712          8          0          0          0       7870   stm32c0xx_hal_crc.o
        92         16          0          0          0       2729   stm32c0xx_hal_crc_ex.o
       920         28          0          0          0       9351   stm32c0xx_hal_dma.o
       468         20          0          0          0       5165   stm32c0xx_hal_gpio.o
      2570         56          0          0          0      69289   stm32c0xx_hal_i2c.o
       132          0          0          0          0       6035   stm32c0xx_hal_i2c_ex.o
        44          4          0          0          0       1348   stm32c0xx_hal_msp.o
      3938        112          0          0          0      17575   stm32c0xx_hal_pcd.o
       102          0          0          0          0       5711   stm32c0xx_hal_pcd_ex.o
        56          8          0          0          0       3555   stm32c0xx_hal_pwr.o
      1424         64          0          0          0       8575   stm32c0xx_hal_rcc.o
       400         16          0          0          0       7707   stm32c0xx_hal_rcc_ex.o
      1230         24          0          0          0      14802   stm32c0xx_hal_rtc.o
      2368        106          0          0          0      71096   stm32c0xx_hal_tim.o
       290         32          0          0          0      27471   stm32c0xx_hal_tim_ex.o
      3682        132         24          0          0      50339   stm32c0xx_hal_uart.o
       436          8         16          0          0      12228   stm32c0xx_hal_uart_ex.o
       186         28          0          0          0       6518   stm32c0xx_it.o
      4610        172          0          0          0      37023   stm32c0xx_ll_usb.o
        16          4         96          4          0       2120   system_stm32c0xx.o
       200         32          0          0          0       1758   temp_sensor.o
       832         68          0          0        304      10392   tim.o
       324         24          0          0        332       6374   usart.o
       260         16          0          0        736       5388   usb.o
       804          8          0          0          0      13130   ux_dcd_stm32_callback.o
       106          0          0          0          0       9282   ux_dcd_stm32_endpoint_create.o
        22          0          0          0          0       8868   ux_dcd_stm32_endpoint_destroy.o
        60          0          0          0          0       8931   ux_dcd_stm32_endpoint_reset.o
        30          0          0          0          0       8864   ux_dcd_stm32_endpoint_stall.o
        40          0          0          0          0       9161   ux_dcd_stm32_endpoint_status.o
         4          0          0          0          0       8632   ux_dcd_stm32_frame_number_get.o
       160         12          0          0          0       9784   ux_dcd_stm32_function.o
        56          4          0          0          0       8835   ux_dcd_stm32_initialize.o
       216          8          0          0          0       9202   ux_dcd_stm32_initialize_complete.o
        28          0          0          0          0       8886   ux_dcd_stm32_transfer_abort.o
       144          4          0          0          0       9394   ux_dcd_stm32_transfer_run.o
       114          4          0          0          4       8105   ux_device_cdc_acm.o
        24          0          0          0          0       7186   ux_device_class_cdc_acm_activate.o
       200          4          0          0          0       7919   ux_device_class_cdc_acm_control_request.o
        84          0          0          0          0       7386   ux_device_class_cdc_acm_deactivate.o
        86          8          0          0          0       5642   ux_device_class_cdc_acm_entry.o
        64          0          0          0          0       7260   ux_device_class_cdc_acm_initialize.o
       214         10          0          0          0       9441   ux_device_class_cdc_acm_ioctl.o
       252          4          0          0          0       8666   ux_device_class_cdc_acm_read_run.o
        18          0          0          0          0       7130   ux_device_class_cdc_acm_unitialize.o
       256          0          0          0          0       8569   ux_device_class_cdc_acm_write_run.o
      1376         96          0         12       1250      11011   ux_device_descriptors.o
       112          4          0          0          0       5945   ux_device_stack_alternate_setting_get.o
       676         20          0          0          0       8569   ux_device_stack_alternate_setting_set.o
       116          4          0          0          0       7284   ux_device_stack_class_register.o
       144          0          0          0          0       6614   ux_device_stack_clear_feature.o
        36          4          0          0          0       5612   ux_device_stack_configuration_get.o
       460         12          0          0          0       7639   ux_device_stack_configuration_set.o
      1168         36          0          0          0       9253   ux_device_stack_control_request_process.o
       880         68          0          0          0       9264   ux_device_stack_descriptor_send.o
       124          4          0          0          0       6391   ux_device_stack_disconnect.o
        68          0          0          0          0       6057   ux_device_stack_endpoint_stall.o
       164          0          0          0          0       6604   ux_device_stack_get_status.o
       480          0          0         23          4      11379   ux_device_stack_initialize.o
        76          4          0          0          0       6207   ux_device_stack_interface_delete.o
       492         12          0          0          0       7906   ux_device_stack_interface_set.o
       104          4          0          0          0       5843   ux_device_stack_interface_start.o
       144          0          0          0          0       6648   ux_device_stack_set_feature.o
        44          0          0          0          0       5963   ux_device_stack_tasks_run.o
        60          4          0          0          0       6068   ux_device_stack_transfer_abort.o
        12          0          0          0          0       5578   ux_device_stack_transfer_all_request_abort.o
        30          0          0          0          0       5603   ux_device_stack_transfer_request.o
       244          0          0          0          0       6826   ux_device_stack_transfer_run.o
        72          4          0          0          0       5713   ux_device_stack_uninitialize.o
        24          0          0          0          0        788   ux_system_error_handler.o
       198          4          0         41          4      11405   ux_system_initialize.o
         4          0          0          0          0        598   ux_system_uninitialize.o
       116          0          0          0          0       1892   ux_utility_descriptor_parse.o
        22          0          0          0          0        830   ux_utility_long_get.o
        16          0          0          0          0        803   ux_utility_long_put.o
       216          4          0          0          0       2304   ux_utility_memory_allocate.o
        56          0          0          0          0        946   ux_utility_memory_allocate_mulc_safe.o
        60          0          0          0          0       1627   ux_utility_memory_byte_pool_create.o
       148          0          0          0          0       2201   ux_utility_memory_byte_pool_search.o
       100          0          0          0          0       1425   ux_utility_memory_copy.o
        80          8          0          0          0       1587   ux_utility_memory_free.o
        18          0          0          0          0        889   ux_utility_memory_set.o
        10          0          0          0          0        814   ux_utility_short_get.o
       106          0          0          0          0       1269   ux_utility_string_length_check.o

    ----------------------------------------------------------------------
     58256       5862      25148        156      20444     975570   Object Totals
         0          0         32          0          0          0   (incl. Generated)
        62          0          2          1         13          0   (incl. Padding)

    ----------------------------------------------------------------------

      Code (inc. data)   RO Data    RW Data    ZI Data      Debug   Library Member Name

        60         10          0          0          0         84   __0sscanf.o
        30          0          0          0          0         60   _chval.o
       824         12          0          0          0         84   _scanf.o
       330          0          0          0          0         84   _scanf_int.o
        68          0          0          0          0         76   _sgetc.o
       166          0          0          0          0         84   _strtoul.o
        26          0          0          0          0         72   atoi.o
        26          0          0          0          0         72   atol.o
         8          4        133          0          0         60   ctype_o.o
         0          0          0          0          0          0   entry.o
         0          0          0          0          0          0   entry10a.o
         0          0          0          0          0          0   entry11a.o
         8          4          0          0          0          0   entry2.o
         4          0          0          0          0          0   entry5.o
         0          0          0          0          0          0   entry7b.o
         0          0          0          0          0          0   entry8b.o
         8          4          0          0          0          0   entry9a.o
         8          4          0          4          0         60   errno.o
        30          0          0          0          0          0   handlers.o
        48         10          0          0          0         68   init.o
        18          0          0          0          0         68   isspace_o.o
         0          0          0          0          0          0   iusefp.o
        48          0          0          0          0         72   llmul.o
        32          0          0          0          0         68   llshl.o
        38          0          0          0          0         68   llsshr.o
        34          0          0          0          0         68   llushr.o
        26          0          0          0          0         72   memcmp.o
        36          0          0          0          0         60   memcpya.o
        36          0          0          0          0        100   memseta.o
      2428        112          0          0          0        780   printfa.o
        32          4          0          0          0         68   puts.o
        44          8          0          0          0         84   scanf_char.o
         0          0          0          4          0          0   stdout.o
        38          0          0          0          0         76   strcasecmp.o
        20          0          0          0          0         60   strchr.o
        28          0          0          0          0         68   strcmp.o
        18          0          0          0          0         60   strcpy.o
        14          0          0          0          0         60   strlen.o
        26          0          0          0          0         68   strncpy.o
       112          4          0          0          0         76   strtol.o
        12          0          0          0          0         60   tolower.o
        12          0          0          0          0         60   toupper.o
        62          0          0          0          0         72   uidiv_div0.o
        96          0          0          0          0         84   uldiv.o
        40          2          0          0          0         68   cdrcmple.o
       356          4          0          0          0        140   dadd.o
       240          6          0          0          0         84   ddiv.o
       236          0          0          0          0        216   depilogue.o
        64         10          0          0          0         68   dfixul.o
        40          6          0          0          0         68   dflti.o
       208          6          0          0          0         88   dmul.o
        40          0          0          0          0         60   f2d.o
       178          0          0          0          0        108   fadd.o
        28          0          0          0          0         60   fcmpgt.o
        28          0          0          0          0         60   fcmplt.o
       124          0          0          0          0         72   fdiv.o
       130          0          0          0          0        144   fepilogue.o
        50          0          0          0          0         60   ffixi.o
        22          0          0          0          0         68   fflti.o
        14          0          0          0          0         68   ffltui.o
       122          0          0          0          0         72   fmul.o

    ----------------------------------------------------------------------
      6784        210        136          8          0       4560   Library Totals
        10          0          3          0          0          0   (incl. Padding)

    ----------------------------------------------------------------------

      Code (inc. data)   RO Data    RW Data    ZI Data      Debug   Library Name

      4854        176        133          8          0       3056   mc_p.l
      1920         34          0          0          0       1504   mf_p.l

    ----------------------------------------------------------------------
      6784        210        136          8          0       4560   Library Totals

    ----------------------------------------------------------------------

==============================================================================


      Code (inc. data)   RO Data    RW Data    ZI Data      Debug   

     65040       6072      25284        164      20444     975550   Grand Totals
     65040       6072      25284        164      20444     975550   ELF Image Totals
     65040       6072      25284        164          0          0   ROM Totals

==============================================================================

    Total RO  Size (Code + RO Data)                90324 (  88.21kB)
    Total RW  Size (RW Data + ZI Data)             20608 (  20.12kB)
    Total ROM Size (Code + RO Data + RW Data)      90488 (  88.37kB)

==============================================================================

