<html>
<body>
<pre>
<h1>µVision Build Log</h1>
<h2>Tool Versions:</h2>
IDE-Version: µVision V5.42.0.0
Copyright (C) 2025 ARM Ltd and ARM Germany GmbH. All rights reserved.
License Information: Gabriel Agune, Gehaka, LIC=KRMW3-AFNEI-9U04U-SXD6T-EIBF1-R55PT
 
Tool Versions:
Toolchain:       MDK-ARM Plus  Version: 5.42.0.0
Toolchain Path:  C:\Users\gabriel.agune\AppData\Local\Keil_v5\ARM\ARMCLANG\Bin
C Compiler:      ArmClang.exe V6.23
Assembler:       Armasm.exe V6.23
Linker/Locator:  ArmLink.exe V6.23
Library Manager: ArmAr.exe V6.23
Hex Converter:   FromElf.exe V6.23
CPU DLL:         SARMCM3.DLL V5.42.0.0
Dialog DLL:      DARMCM1.DLL V1.19.6.0
Target DLL:      STLink\ST-LINKIII-KEIL_SWO.dll V3.3.0.0
Dialog DLL:      TARMCM1.DLL V1.14.6.0
 
<h2>Project:</h2>
C:\Users\gabriel.agune\Documents\Projeto_Keil\STM_VCOM_ERROR\MDK-ARM\STM_VCOM_ERROR.uvprojx
Project File Date:  10/30/2025

<h2>Output:</h2>
*** Using Compiler 'V6.23', folder: 'C:\Users\gabriel.agune\AppData\Local\Keil_v5\ARM\ARMCLANG\Bin'
Rebuild target 'STM_VCOM_ERROR'
compiling stm32c0xx_hal_msp.c...
compiling crc.c...
compiling rtc.c...
compiling usart.c...
compiling retarget.c...
compiling dma.c...
compiling usb.c...
compiling stm32c0xx_it.c...
compiling gpio.c...
compiling i2c.c...
compiling adc.c...
assembling startup_stm32c071xx.s...
../Core/Src/main.c(131): warning: incompatible pointer types passing 'ULONG *' (aka 'unsigned long *') to parameter of type 'uint32_t *' (aka 'unsigned int *') [-Wincompatible-pointer-types]
  131 |     USBD_CDC_ACM_Receive(usb_rx_buffer, sizeof(usb_rx_buffer), &bytes_received);
      |                                                                ^~~~~~~~~~~~~~~
../USBX/App\ux_device_cdc_acm.h(59): note: passing argument to parameter 'received' here
   59 | uint32_t USBD_CDC_ACM_Receive(uint8_t* buffer, uint32_t size, uint32_t* received);
      |                                                                         ^
1 warning generated.
compiling main.c...
compiling tim.c...
compiling app_usbx_device.c...
compiling ux_device_descriptors.c...
compiling ux_device_cdc_acm.c...
compiling stm32c0xx_hal.c...
compiling stm32c0xx_hal_dma_ex.c...
compiling stm32c0xx_hal_adc_ex.c...
compiling stm32c0xx_hal_dma.c...
compiling stm32c0xx_hal_pwr.c...
compiling stm32c0xx_hal_rcc_ex.c...
compiling stm32c0xx_hal_flash.c...
compiling stm32c0xx_hal_gpio.c...
compiling stm32c0xx_hal_flash_ex.c...
compiling stm32c0xx_hal_rcc.c...
compiling stm32c0xx_hal_adc.c...
compiling stm32c0xx_hal_pwr_ex.c...
compiling stm32c0xx_hal_cortex.c...
compiling stm32c0xx_hal_exti.c...
compiling stm32c0xx_hal_crc_ex.c...
compiling stm32c0xx_hal_crc.c...
compiling stm32c0xx_hal_i2c_ex.c...
compiling stm32c0xx_hal_rtc_ex.c...
compiling stm32c0xx_hal_rtc.c...
compiling stm32c0xx_hal_uart_ex.c...
compiling stm32c0xx_hal_pcd_ex.c...
compiling system_stm32c0xx.c...
compiling stm32c0xx_hal_tim_ex.c...
compiling ux_dcd_stm32_callback.c...
compiling stm32c0xx_hal_pcd.c...
compiling ux_dcd_stm32_endpoint_create.c...
compiling ux_dcd_stm32_endpoint_destroy.c...
compiling stm32c0xx_hal_uart.c...
compiling ux_dcd_stm32_endpoint_reset.c...
compiling ux_dcd_stm32_endpoint_stall.c...
compiling stm32c0xx_ll_usb.c...
compiling ux_dcd_stm32_endpoint_status.c...
compiling ux_dcd_stm32_frame_number_get.c...
compiling stm32c0xx_hal_i2c.c...
compiling ux_dcd_stm32_function.c...
compiling ux_dcd_stm32_initialize.c...
compiling stm32c0xx_hal_tim.c...
compiling ux_dcd_stm32_initialize_complete.c...
compiling ux_dcd_stm32_interrupt_handler.c...
compiling ux_dcd_stm32_transfer_abort.c...
compiling ux_dcd_stm32_transfer_run.c...
compiling ux_system_tasks_run.c...
compiling ux_utility_debug_log.c...
compiling ux_utility_debug_callback_register.c...
compiling ux_dcd_stm32_uninitialize.c...
compiling ux_utility_delay_ms.c...
compiling ux_utility_descriptor_pack.c...
compiling ux_utility_descriptor_parse.c...
compiling ux_utility_error_callback_register.c...
compiling ux_utility_long_get.c...
compiling ux_utility_long_put.c...
compiling ux_utility_long_get_big_endian.c...
compiling ux_utility_long_put_big_endian.c...
compiling ux_utility_memory_allocate_add_safe.c...
compiling ux_utility_memory_allocate.c...
compiling ux_utility_memory_allocate_mulc_safe.c...
compiling ux_utility_memory_compare.c...
compiling ux_utility_memory_allocate_mulv_safe.c...
compiling ux_utility_memory_free.c...
compiling ux_utility_memory_copy.c...
compiling ux_utility_memory_set.c...
compiling ux_utility_physical_address.c...
compiling ux_utility_set_interrupt_handler.c...
compiling ux_utility_short_get.c...
compiling ux_utility_short_get_big_endian.c...
compiling ux_utility_short_put.c...
compiling ux_utility_short_put_big_endian.c...
compiling ux_utility_string_length_check.c...
compiling ux_utility_string_length_get.c...
compiling ux_utility_string_to_unicode.c...
compiling ux_utility_unicode_to_string.c...
compiling ux_utility_virtual_address.c...
compiling ux_system_error_handler.c...
compiling ux_system_initialize.c...
compiling ux_utility_memory_byte_pool_create.c...
compiling ux_system_uninitialize.c...
compiling ux_utility_memory_byte_pool_search.c...
compiling ux_device_stack_alternate_setting_get.c...
compiling ux_device_stack_alternate_setting_set.c...
compiling ux_device_stack_class_register.c...
compiling ux_device_stack_class_unregister.c...
compiling ux_device_stack_clear_feature.c...
compiling ux_device_stack_configuration_get.c...
compiling ux_device_stack_configuration_set.c...
compiling ux_device_stack_control_request_process.c...
compiling ux_device_stack_descriptor_send.c...
compiling ux_device_stack_endpoint_stall.c...
compiling ux_device_stack_disconnect.c...
compiling ux_device_stack_get_status.c...
compiling ux_device_stack_host_wakeup.c...
compiling ux_device_stack_interface_delete.c...
compiling ux_device_stack_interface_get.c...
compiling ux_device_stack_initialize.c...
compiling ux_device_stack_interface_set.c...
compiling ux_device_stack_interface_start.c...
compiling ux_device_stack_microsoft_extension_register.c...
compiling ux_device_stack_set_feature.c...
compiling ux_device_stack_transfer_abort.c...
compiling ux_device_stack_transfer_all_request_abort.c...
compiling ux_device_stack_uninitialize.c...
compiling ux_device_stack_transfer_request.c...
compiling ux_device_stack_tasks_run.c...
compiling ux_device_class_cdc_acm_activate.c...
compiling ux_device_stack_transfer_run.c...
compiling ux_device_class_cdc_acm_control_request.c...
compiling ux_device_class_cdc_acm_entry.c...
compiling ux_device_class_cdc_acm_deactivate.c...
compiling ux_device_class_cdc_acm_initialize.c...
compiling ux_device_class_cdc_acm_unitialize.c...
compiling ux_device_class_cdc_acm_ioctl.c...
compiling ux_device_class_cdc_acm_read_run.c...
compiling ux_device_class_cdc_acm_tasks_run.c...
compiling ux_device_class_cdc_acm_write_run.c...
compiling GXXX_Equacoes.c...
compiling pcb_frequency.c...
compiling pwm_servo_driver.c...
compiling rtc_driver.c...
compiling dwin_driver.c...
compiling temp_sensor.c...
compiling ads1232_driver.c...
compiling eeprom_driver.c...
compiling ux_device_class_cdc_acm_write_with_callback.c...
compiling gerenciador_configuracoes.c...
compiling cli_driver.c...
compiling servo_controle.c...
compiling controller.c...
compiling app_manager.c...
compiling dwin_parser.c...
compiling medicao_handler.c...
compiling relato.c...
compiling autenticacao_handler.c...
compiling display_handler.c...
compiling rtc_handler.c...
compiling graos_handler.c...
linking...
Program Size: Code=69004 RO-data=24916 RW-data=164 ZI-data=21860  
FromELF: creating hex file...
"STM_VCOM_ERROR\STM_VCOM_ERROR.axf" - 0 Error(s), 1 Warning(s).

<h2>Software Packages used:</h2>

Package Vendor: ARM
                https://www.keil.com/pack/ARM.CMSIS.6.1.0.pack
                ARM::CMSIS@6.1.0
                CMSIS (Common Microcontroller Software Interface Standard)
   * Component: CORE Version: 6.1.0

Package Vendor: Keil
                https://www.keil.com/pack/Keil.STM32C0xx_DFP.2.2.0.pack
                Keil::STM32C0xx_DFP@2.2.0
                STMicroelectronics STM32C0 Series Device Support

<h2>Collection of Component include folders:</h2>
  ./RTE/_STM_VCOM_ERROR
  C:/Users/gabriel.agune/AppData/Local/arm/packs/ARM/CMSIS/6.1.0/CMSIS/Core/Include

<h2>Collection of Component Files used:</h2>

   * Component: ARM::CMSIS:CORE@6.1.0
      Include file:  CMSIS/Core/Include/tz_context.h
Build Time Elapsed:  00:00:07
</pre>
</body>
</html>
