<!doctype html public "-//w3c//dtd html 4.0 transitional//en">
<html><head>
<title>Static Call Graph - [STM_VCOM_ERROR\STM_VCOM_ERROR.axf]</title></head>
<body><HR>
<H1>Static Call Graph for image STM_VCOM_ERROR\STM_VCOM_ERROR.axf</H1><HR>
<BR><P>#&#060CALLGRAPH&#062# ARM Linker, 6230001: Last Updated: Mon Oct 20 18:21:49 2025
<BR><P>
<H3>Maximum Stack Usage =      12080 bytes + Unknown(Cycles, Untraceable Function Pointers)</H3><H3>
Call chain for Maximum Stack Depth:</H3>
main &rArr; App_Manager_Process &rArr; DisplayHandler_Process &rArr; Display_ProcessPrintEvent &rArr; Relatorio_Printer &rArr; Assinatura &rArr; RTC_Driver_GetDate &rArr; HAL_RTC_GetDate
<P>
<H3>
Mutually Recursive functions
</H3> <LI><a href="#[12]">ADC1_IRQHandler</a>&nbsp;&nbsp;&nbsp;&rArr;&nbsp;&nbsp;&nbsp;<a href="#[12]">ADC1_IRQHandler</a><BR>
 <LI><a href="#[2]">HardFault_Handler</a>&nbsp;&nbsp;&nbsp;&rArr;&nbsp;&nbsp;&nbsp;<a href="#[2]">HardFault_Handler</a><BR>
 <LI><a href="#[1]">NMI_Handler</a>&nbsp;&nbsp;&nbsp;&rArr;&nbsp;&nbsp;&nbsp;<a href="#[1]">NMI_Handler</a><BR>
</UL>
<P>
<H3>
Function Pointers
</H3><UL>
 <LI><a href="#[12]">ADC1_IRQHandler</a> from startup_stm32c071xx.o(.text) referenced from startup_stm32c071xx.o(RESET)
 <LI><a href="#[41]">Acao_Abrir_Funil</a> from servo_controle.o(.text.Acao_Abrir_Funil) referenced from servo_controle.o(.rodata.s_fluxo_processo)
 <LI><a href="#[43]">Acao_Finalizar</a> from servo_controle.o(.text.Acao_Finalizar) referenced from servo_controle.o(.rodata.s_fluxo_processo)
 <LI><a href="#[42]">Acao_Varrer_Scrap</a> from servo_controle.o(.text.Acao_Varrer_Scrap) referenced from servo_controle.o(.rodata.s_fluxo_processo)
 <LI><a href="#[3c]">Cmd_Date</a> from cli_driver.o(.text.Cmd_Date) referenced from cli_driver.o(.rodata.s_command_table)
 <LI><a href="#[39]">Cmd_Dwin</a> from cli_driver.o(.text.Cmd_Dwin) referenced from cli_driver.o(.rodata.s_command_table)
 <LI><a href="#[38]">Cmd_Help</a> from cli_driver.o(.text.Cmd_Help) referenced 2 times from cli_driver.o(.rodata.s_command_table)
 <LI><a href="#[3b]">Cmd_SetDate</a> from cli_driver.o(.text.Cmd_SetDate) referenced from cli_driver.o(.rodata.s_command_table)
 <LI><a href="#[3a]">Cmd_SetTime</a> from cli_driver.o(.text.Cmd_SetTime) referenced from cli_driver.o(.rodata.s_command_table)
 <LI><a href="#[27]">Controller_DwinCallback</a> from controller.o(.text.Controller_DwinCallback) referenced from app_manager.o(.text.App_Manager_Process)
 <LI><a href="#[f]">DMA1_Channel1_IRQHandler</a> from stm32c0xx_it.o(.text.DMA1_Channel1_IRQHandler) referenced from startup_stm32c071xx.o(RESET)
 <LI><a href="#[10]">DMA1_Channel2_3_IRQHandler</a> from stm32c0xx_it.o(.text.DMA1_Channel2_3_IRQHandler) referenced from startup_stm32c071xx.o(RESET)
 <LI><a href="#[11]">DMAMUX1_DMA1_CH4_5_IRQHandler</a> from startup_stm32c071xx.o(.text) referenced from startup_stm32c071xx.o(RESET)
 <LI><a href="#[b]">EXTI0_1_IRQHandler</a> from startup_stm32c071xx.o(.text) referenced from startup_stm32c071xx.o(RESET)
 <LI><a href="#[c]">EXTI2_3_IRQHandler</a> from startup_stm32c071xx.o(.text) referenced from startup_stm32c071xx.o(RESET)
 <LI><a href="#[d]">EXTI4_15_IRQHandler</a> from stm32c0xx_it.o(.text.EXTI4_15_IRQHandler) referenced from startup_stm32c071xx.o(RESET)
 <LI><a href="#[9]">FLASH_IRQHandler</a> from startup_stm32c071xx.o(.text) referenced from startup_stm32c071xx.o(RESET)
 <LI><a href="#[3e]">Handle_Dwin_INT</a> from cli_driver.o(.text.Handle_Dwin_INT) referenced from cli_driver.o(.rodata.s_dwin_table)
 <LI><a href="#[3f]">Handle_Dwin_INT32</a> from cli_driver.o(.text.Handle_Dwin_INT32) referenced from cli_driver.o(.rodata.s_dwin_table)
 <LI><a href="#[3d]">Handle_Dwin_PIC</a> from cli_driver.o(.text.Handle_Dwin_PIC) referenced from cli_driver.o(.rodata.s_dwin_table)
 <LI><a href="#[40]">Handle_Dwin_RAW</a> from cli_driver.o(.text.Handle_Dwin_RAW) referenced from cli_driver.o(.rodata.s_dwin_table)
 <LI><a href="#[2]">HardFault_Handler</a> from stm32c0xx_it.o(.text.HardFault_Handler) referenced from startup_stm32c071xx.o(RESET)
 <LI><a href="#[1a]">I2C1_IRQHandler</a> from startup_stm32c071xx.o(.text) referenced from startup_stm32c071xx.o(RESET)
 <LI><a href="#[1b]">I2C2_IRQHandler</a> from startup_stm32c071xx.o(.text) referenced from startup_stm32c071xx.o(RESET)
 <LI><a href="#[1]">NMI_Handler</a> from stm32c0xx_it.o(.text.NMI_Handler) referenced from startup_stm32c071xx.o(RESET)
 <LI><a href="#[7]">PVD_VDDIO2_IRQHandler</a> from startup_stm32c071xx.o(.text) referenced from startup_stm32c071xx.o(RESET)
 <LI><a href="#[4]">PendSV_Handler</a> from stm32c0xx_it.o(.text.PendSV_Handler) referenced from startup_stm32c071xx.o(RESET)
 <LI><a href="#[a]">RCC_CRS_IRQHandler</a> from startup_stm32c071xx.o(.text) referenced from startup_stm32c071xx.o(RESET)
 <LI><a href="#[8]">RTC_IRQHandler</a> from startup_stm32c071xx.o(.text) referenced from startup_stm32c071xx.o(RESET)
 <LI><a href="#[0]">Reset_Handler</a> from startup_stm32c071xx.o(.text) referenced from startup_stm32c071xx.o(RESET)
 <LI><a href="#[1c]">SPI1_IRQHandler</a> from startup_stm32c071xx.o(.text) referenced from startup_stm32c071xx.o(RESET)
 <LI><a href="#[1d]">SPI2_IRQHandler</a> from startup_stm32c071xx.o(.text) referenced from startup_stm32c071xx.o(RESET)
 <LI><a href="#[3]">SVC_Handler</a> from stm32c0xx_it.o(.text.SVC_Handler) referenced from startup_stm32c071xx.o(RESET)
 <LI><a href="#[5]">SysTick_Handler</a> from stm32c0xx_it.o(.text.SysTick_Handler) referenced from startup_stm32c071xx.o(RESET)
 <LI><a href="#[21]">SystemInit</a> from system_stm32c0xx.o(.text.SystemInit) referenced from startup_stm32c071xx.o(.text)
 <LI><a href="#[17]">TIM14_IRQHandler</a> from stm32c0xx_it.o(.text.TIM14_IRQHandler) referenced from startup_stm32c071xx.o(RESET)
 <LI><a href="#[18]">TIM16_IRQHandler</a> from startup_stm32c071xx.o(.text) referenced from startup_stm32c071xx.o(RESET)
 <LI><a href="#[19]">TIM17_IRQHandler</a> from startup_stm32c071xx.o(.text) referenced from startup_stm32c071xx.o(RESET)
 <LI><a href="#[13]">TIM1_BRK_UP_TRG_COM_IRQHandler</a> from startup_stm32c071xx.o(.text) referenced from startup_stm32c071xx.o(RESET)
 <LI><a href="#[14]">TIM1_CC_IRQHandler</a> from startup_stm32c071xx.o(.text) referenced from startup_stm32c071xx.o(RESET)
 <LI><a href="#[15]">TIM2_IRQHandler</a> from startup_stm32c071xx.o(.text) referenced from startup_stm32c071xx.o(RESET)
 <LI><a href="#[16]">TIM3_IRQHandler</a> from startup_stm32c071xx.o(.text) referenced from startup_stm32c071xx.o(RESET)
 <LI><a href="#[29]">UART_DMAAbortOnError</a> from stm32c0xx_hal_uart.o(.text.UART_DMAAbortOnError) referenced from stm32c0xx_hal_uart.o(.text.HAL_UART_IRQHandler)
 <LI><a href="#[2a]">UART_DMAError</a> from stm32c0xx_hal_uart.o(.text.UART_DMAError) referenced from stm32c0xx_hal_uart.o(.text.HAL_UART_Transmit_DMA)
 <LI><a href="#[2a]">UART_DMAError</a> from stm32c0xx_hal_uart.o(.text.UART_DMAError) referenced from stm32c0xx_hal_uart.o(.text.UART_Start_Receive_DMA)
 <LI><a href="#[33]">UART_DMAReceiveCplt</a> from stm32c0xx_hal_uart.o(.text.UART_DMAReceiveCplt) referenced from stm32c0xx_hal_uart.o(.text.UART_Start_Receive_DMA)
 <LI><a href="#[32]">UART_DMARxHalfCplt</a> from stm32c0xx_hal_uart.o(.text.UART_DMARxHalfCplt) referenced from stm32c0xx_hal_uart.o(.text.UART_Start_Receive_DMA)
 <LI><a href="#[28]">UART_DMARxOnlyAbortCallback</a> from stm32c0xx_hal_uart.o(.text.UART_DMARxOnlyAbortCallback) referenced from stm32c0xx_hal_uart.o(.text.HAL_UART_AbortReceive_IT)
 <LI><a href="#[2c]">UART_DMATransmitCplt</a> from stm32c0xx_hal_uart.o(.text.UART_DMATransmitCplt) referenced from stm32c0xx_hal_uart.o(.text.HAL_UART_Transmit_DMA)
 <LI><a href="#[2b]">UART_DMATxHalfCplt</a> from stm32c0xx_hal_uart.o(.text.UART_DMATxHalfCplt) referenced from stm32c0xx_hal_uart.o(.text.HAL_UART_Transmit_DMA)
 <LI><a href="#[1e]">USART1_IRQHandler</a> from startup_stm32c071xx.o(.text) referenced from startup_stm32c071xx.o(RESET)
 <LI><a href="#[1f]">USART2_IRQHandler</a> from stm32c0xx_it.o(.text.USART2_IRQHandler) referenced from startup_stm32c071xx.o(RESET)
 <LI><a href="#[30]">USBD_CDC_ACM_Activate</a> from ux_device_cdc_acm.o(.text.USBD_CDC_ACM_Activate) referenced from app_usbx_device.o(.text.MX_USBX_Device_Init)
 <LI><a href="#[2f]">USBD_CDC_ACM_Deactivate</a> from ux_device_cdc_acm.o(.text.USBD_CDC_ACM_Deactivate) referenced from app_usbx_device.o(.text.MX_USBX_Device_Init)
 <LI><a href="#[2e]">USBD_CDC_ACM_ParameterChange</a> from ux_device_cdc_acm.o(.text.USBD_CDC_ACM_ParameterChange) referenced from app_usbx_device.o(.text.MX_USBX_Device_Init)
 <LI><a href="#[2d]">USBD_ChangeFunction</a> from app_usbx_device.o(.text.USBD_ChangeFunction) referenced from app_usbx_device.o(.text.MX_USBX_Device_Init)
 <LI><a href="#[e]">USB_DRD_FS_IRQHandler</a> from stm32c0xx_it.o(.text.USB_DRD_FS_IRQHandler) referenced from startup_stm32c071xx.o(RESET)
 <LI><a href="#[6]">WWDG_IRQHandler</a> from startup_stm32c071xx.o(.text) referenced from startup_stm32c071xx.o(RESET)
 <LI><a href="#[22]">__main</a> from entry.o(.ARM.Collect$$$$00000000) referenced from startup_stm32c071xx.o(.text)
 <LI><a href="#[24]">_sbackspace</a> from _sgetc.o(.text) referenced from __0sscanf.o(.text)
 <LI><a href="#[25]">_scanf_char_input</a> from scanf_char.o(.text) referenced from scanf_char.o(.text)
 <LI><a href="#[23]">_sgetc</a> from _sgetc.o(.text) referenced from __0sscanf.o(.text)
 <LI><a href="#[36]">_snputc</a> from printfa.o(i._snputc) referenced from printfa.o(i.__0snprintf)
 <LI><a href="#[36]">_snputc</a> from printfa.o(i._snputc) referenced from printfa.o(i.__0vsnprintf)
 <LI><a href="#[37]">_sputc</a> from printfa.o(i._sputc) referenced from printfa.o(i.__0sprintf)
 <LI><a href="#[34]">_ux_dcd_stm32_function</a> from ux_dcd_stm32_function.o(.text._ux_dcd_stm32_function) referenced from ux_dcd_stm32_initialize.o(.text._ux_dcd_stm32_initialize)
 <LI><a href="#[31]">_ux_device_class_cdc_acm_entry</a> from ux_device_class_cdc_acm_entry.o(.text._ux_device_class_cdc_acm_entry) referenced from app_usbx_device.o(.text.MX_USBX_Device_Init)
 <LI><a href="#[35]">fputc</a> from retarget.o(.text.fputc) referenced from printfa.o(i.__0printf)
 <LI><a href="#[26]">isspace</a> from isspace_o.o(.text) referenced from scanf_char.o(.text)
 <LI><a href="#[20]">main</a> from main.o(.text.main) referenced from entry9a.o(.ARM.Collect$$$$0000000B)
</UL>
<P>
<H3>
Global Symbols
</H3>
<P><STRONG><a name="[22]"></a>__main</STRONG> (Thumb, 0 bytes, Stack size unknown bytes, entry.o(.ARM.Collect$$$$00000000))
<BR>[Address Reference Count : 1]<UL><LI> startup_stm32c071xx.o(.text)
</UL>
<P><STRONG><a name="[1dc]"></a>_main_stk</STRONG> (Thumb, 0 bytes, Stack size unknown bytes, entry2.o(.ARM.Collect$$$$00000001))

<P><STRONG><a name="[44]"></a>_main_scatterload</STRONG> (Thumb, 0 bytes, Stack size unknown bytes, entry5.o(.ARM.Collect$$$$00000004))
<BR><BR>[Calls]<UL><LI><a href="#[45]">&gt;&gt;</a>&nbsp;&nbsp;&nbsp;__scatterload
</UL>

<P><STRONG><a name="[6c]"></a>__main_after_scatterload</STRONG> (Thumb, 0 bytes, Stack size unknown bytes, entry5.o(.ARM.Collect$$$$00000004))
<BR><BR>[Called By]<UL><LI><a href="#[45]">&gt;&gt;</a>&nbsp;&nbsp;&nbsp;__scatterload
</UL>

<P><STRONG><a name="[1dd]"></a>_main_clock</STRONG> (Thumb, 0 bytes, Stack size unknown bytes, entry7b.o(.ARM.Collect$$$$00000008))

<P><STRONG><a name="[1de]"></a>_main_cpp_init</STRONG> (Thumb, 0 bytes, Stack size unknown bytes, entry8b.o(.ARM.Collect$$$$0000000A))

<P><STRONG><a name="[1df]"></a>_main_init</STRONG> (Thumb, 0 bytes, Stack size unknown bytes, entry9a.o(.ARM.Collect$$$$0000000B))

<P><STRONG><a name="[1e0]"></a>__rt_final_cpp</STRONG> (Thumb, 0 bytes, Stack size unknown bytes, entry10a.o(.ARM.Collect$$$$0000000D))

<P><STRONG><a name="[1e1]"></a>__rt_final_exit</STRONG> (Thumb, 0 bytes, Stack size unknown bytes, entry11a.o(.ARM.Collect$$$$0000000F))

<P><STRONG><a name="[0]"></a>Reset_Handler</STRONG> (Thumb, 8 bytes, Stack size 0 bytes, startup_stm32c071xx.o(.text))
<BR>[Address Reference Count : 1]<UL><LI> startup_stm32c071xx.o(RESET)
</UL>
<P><STRONG><a name="[12]"></a>ADC1_IRQHandler</STRONG> (Thumb, 0 bytes, Stack size 0 bytes, startup_stm32c071xx.o(.text))
<BR><BR>[Calls]<UL><LI><a href="#[12]">&gt;&gt;</a>&nbsp;&nbsp;&nbsp;ADC1_IRQHandler
</UL>
<BR>[Called By]<UL><LI><a href="#[12]">&gt;&gt;</a>&nbsp;&nbsp;&nbsp;ADC1_IRQHandler
</UL>
<BR>[Address Reference Count : 1]<UL><LI> startup_stm32c071xx.o(RESET)
</UL>
<P><STRONG><a name="[11]"></a>DMAMUX1_DMA1_CH4_5_IRQHandler</STRONG> (Thumb, 0 bytes, Stack size 0 bytes, startup_stm32c071xx.o(.text))
<BR>[Address Reference Count : 1]<UL><LI> startup_stm32c071xx.o(RESET)
</UL>
<P><STRONG><a name="[b]"></a>EXTI0_1_IRQHandler</STRONG> (Thumb, 0 bytes, Stack size 0 bytes, startup_stm32c071xx.o(.text))
<BR>[Address Reference Count : 1]<UL><LI> startup_stm32c071xx.o(RESET)
</UL>
<P><STRONG><a name="[c]"></a>EXTI2_3_IRQHandler</STRONG> (Thumb, 0 bytes, Stack size 0 bytes, startup_stm32c071xx.o(.text))
<BR>[Address Reference Count : 1]<UL><LI> startup_stm32c071xx.o(RESET)
</UL>
<P><STRONG><a name="[9]"></a>FLASH_IRQHandler</STRONG> (Thumb, 0 bytes, Stack size 0 bytes, startup_stm32c071xx.o(.text))
<BR>[Address Reference Count : 1]<UL><LI> startup_stm32c071xx.o(RESET)
</UL>
<P><STRONG><a name="[1a]"></a>I2C1_IRQHandler</STRONG> (Thumb, 0 bytes, Stack size 0 bytes, startup_stm32c071xx.o(.text))
<BR>[Address Reference Count : 1]<UL><LI> startup_stm32c071xx.o(RESET)
</UL>
<P><STRONG><a name="[1b]"></a>I2C2_IRQHandler</STRONG> (Thumb, 0 bytes, Stack size 0 bytes, startup_stm32c071xx.o(.text))
<BR>[Address Reference Count : 1]<UL><LI> startup_stm32c071xx.o(RESET)
</UL>
<P><STRONG><a name="[7]"></a>PVD_VDDIO2_IRQHandler</STRONG> (Thumb, 0 bytes, Stack size 0 bytes, startup_stm32c071xx.o(.text))
<BR>[Address Reference Count : 1]<UL><LI> startup_stm32c071xx.o(RESET)
</UL>
<P><STRONG><a name="[a]"></a>RCC_CRS_IRQHandler</STRONG> (Thumb, 0 bytes, Stack size 0 bytes, startup_stm32c071xx.o(.text))
<BR>[Address Reference Count : 1]<UL><LI> startup_stm32c071xx.o(RESET)
</UL>
<P><STRONG><a name="[8]"></a>RTC_IRQHandler</STRONG> (Thumb, 0 bytes, Stack size 0 bytes, startup_stm32c071xx.o(.text))
<BR>[Address Reference Count : 1]<UL><LI> startup_stm32c071xx.o(RESET)
</UL>
<P><STRONG><a name="[1c]"></a>SPI1_IRQHandler</STRONG> (Thumb, 0 bytes, Stack size 0 bytes, startup_stm32c071xx.o(.text))
<BR>[Address Reference Count : 1]<UL><LI> startup_stm32c071xx.o(RESET)
</UL>
<P><STRONG><a name="[1d]"></a>SPI2_IRQHandler</STRONG> (Thumb, 0 bytes, Stack size 0 bytes, startup_stm32c071xx.o(.text))
<BR>[Address Reference Count : 1]<UL><LI> startup_stm32c071xx.o(RESET)
</UL>
<P><STRONG><a name="[18]"></a>TIM16_IRQHandler</STRONG> (Thumb, 0 bytes, Stack size 0 bytes, startup_stm32c071xx.o(.text))
<BR>[Address Reference Count : 1]<UL><LI> startup_stm32c071xx.o(RESET)
</UL>
<P><STRONG><a name="[19]"></a>TIM17_IRQHandler</STRONG> (Thumb, 0 bytes, Stack size 0 bytes, startup_stm32c071xx.o(.text))
<BR>[Address Reference Count : 1]<UL><LI> startup_stm32c071xx.o(RESET)
</UL>
<P><STRONG><a name="[13]"></a>TIM1_BRK_UP_TRG_COM_IRQHandler</STRONG> (Thumb, 0 bytes, Stack size 0 bytes, startup_stm32c071xx.o(.text))
<BR>[Address Reference Count : 1]<UL><LI> startup_stm32c071xx.o(RESET)
</UL>
<P><STRONG><a name="[14]"></a>TIM1_CC_IRQHandler</STRONG> (Thumb, 0 bytes, Stack size 0 bytes, startup_stm32c071xx.o(.text))
<BR>[Address Reference Count : 1]<UL><LI> startup_stm32c071xx.o(RESET)
</UL>
<P><STRONG><a name="[15]"></a>TIM2_IRQHandler</STRONG> (Thumb, 0 bytes, Stack size 0 bytes, startup_stm32c071xx.o(.text))
<BR>[Address Reference Count : 1]<UL><LI> startup_stm32c071xx.o(RESET)
</UL>
<P><STRONG><a name="[16]"></a>TIM3_IRQHandler</STRONG> (Thumb, 0 bytes, Stack size 0 bytes, startup_stm32c071xx.o(.text))
<BR>[Address Reference Count : 1]<UL><LI> startup_stm32c071xx.o(RESET)
</UL>
<P><STRONG><a name="[1e]"></a>USART1_IRQHandler</STRONG> (Thumb, 0 bytes, Stack size 0 bytes, startup_stm32c071xx.o(.text))
<BR>[Address Reference Count : 1]<UL><LI> startup_stm32c071xx.o(RESET)
</UL>
<P><STRONG><a name="[6]"></a>WWDG_IRQHandler</STRONG> (Thumb, 0 bytes, Stack size 0 bytes, startup_stm32c071xx.o(.text))
<BR>[Address Reference Count : 1]<UL><LI> startup_stm32c071xx.o(RESET)
</UL>
<P><STRONG><a name="[1d1]"></a>__aeabi_lmul</STRONG> (Thumb, 48 bytes, Stack size 12 bytes, llmul.o(.text))
<BR><BR>[Stack]<UL><LI>Max Depth = 12<LI>Call Chain = __aeabi_lmul
</UL>
<BR>[Called By]<UL><LI><a href="#[1cb]">&gt;&gt;</a>&nbsp;&nbsp;&nbsp;_ux_utility_memory_allocate_mulc_safe
</UL>

<P><STRONG><a name="[1e2]"></a>_ll_mul</STRONG> (Thumb, 0 bytes, Stack size 12 bytes, llmul.o(.text), UNUSED)

<P><STRONG><a name="[46]"></a>__rt_ctype_table</STRONG> (Thumb, 4 bytes, Stack size 0 bytes, ctype_o.o(.text))
<BR><BR>[Called By]<UL><LI><a href="#[b0]">&gt;&gt;</a>&nbsp;&nbsp;&nbsp;CLI_Receive_Char
<LI><a href="#[8b]">&gt;&gt;</a>&nbsp;&nbsp;&nbsp;CLI_Process
<LI><a href="#[40]">&gt;&gt;</a>&nbsp;&nbsp;&nbsp;Handle_Dwin_RAW
<LI><a href="#[39]">&gt;&gt;</a>&nbsp;&nbsp;&nbsp;Cmd_Dwin
<LI><a href="#[26]">&gt;&gt;</a>&nbsp;&nbsp;&nbsp;isspace
<LI><a href="#[50]">&gt;&gt;</a>&nbsp;&nbsp;&nbsp;strtol
</UL>

<P><STRONG><a name="[26]"></a>isspace</STRONG> (Thumb, 18 bytes, Stack size 8 bytes, isspace_o.o(.text))
<BR><BR>[Stack]<UL><LI>Max Depth = 8<LI>Call Chain = isspace
</UL>
<BR>[Calls]<UL><LI><a href="#[46]">&gt;&gt;</a>&nbsp;&nbsp;&nbsp;__rt_ctype_table
</UL>
<BR>[Address Reference Count : 1]<UL><LI> scanf_char.o(.text)
</UL>
<P><STRONG><a name="[170]"></a>toupper</STRONG> (Thumb, 12 bytes, Stack size 0 bytes, toupper.o(.text))
<BR><BR>[Called By]<UL><LI><a href="#[40]">&gt;&gt;</a>&nbsp;&nbsp;&nbsp;Handle_Dwin_RAW
</UL>

<P><STRONG><a name="[4b]"></a>tolower</STRONG> (Thumb, 12 bytes, Stack size 0 bytes, tolower.o(.text))
<BR><BR>[Called By]<UL><LI><a href="#[4a]">&gt;&gt;</a>&nbsp;&nbsp;&nbsp;strcasecmp
<LI><a href="#[f8]">&gt;&gt;</a>&nbsp;&nbsp;&nbsp;Graos_Executar_Pesquisa
</UL>

<P><STRONG><a name="[b3]"></a>__aeabi_memcpy</STRONG> (Thumb, 36 bytes, Stack size 0 bytes, memcpya.o(.text))
<BR><BR>[Called By]<UL><LI><a href="#[d7]">&gt;&gt;</a>&nbsp;&nbsp;&nbsp;DWIN_Driver_WriteString
<LI><a href="#[b1]">&gt;&gt;</a>&nbsp;&nbsp;&nbsp;Carregar_Configuracao_Padrao
<LI><a href="#[86]">&gt;&gt;</a>&nbsp;&nbsp;&nbsp;Gerenciador_Config_Validar_e_Restaurar
</UL>

<P><STRONG><a name="[d2]"></a>__aeabi_memcpy4</STRONG> (Thumb, 0 bytes, Stack size 0 bytes, memcpya.o(.text))
<BR><BR>[Called By]<UL><LI><a href="#[8c]">&gt;&gt;</a>&nbsp;&nbsp;&nbsp;DWIN_Driver_Process
<LI><a href="#[f1]">&gt;&gt;</a>&nbsp;&nbsp;&nbsp;Gerenciador_Config_Get_Config_Snapshot
</UL>

<P><STRONG><a name="[1e3]"></a>__aeabi_memcpy8</STRONG> (Thumb, 0 bytes, Stack size 0 bytes, memcpya.o(.text), UNUSED)

<P><STRONG><a name="[48]"></a>__aeabi_memset</STRONG> (Thumb, 14 bytes, Stack size 0 bytes, memseta.o(.text))
<BR><BR>[Called By]<UL><LI><a href="#[1ce]">&gt;&gt;</a>&nbsp;&nbsp;&nbsp;_ux_utility_memory_set
<LI><a href="#[49]">&gt;&gt;</a>&nbsp;&nbsp;&nbsp;_memset$wrapper
<LI><a href="#[47]">&gt;&gt;</a>&nbsp;&nbsp;&nbsp;__aeabi_memclr
</UL>

<P><STRONG><a name="[1e4]"></a>__aeabi_memset4</STRONG> (Thumb, 0 bytes, Stack size 0 bytes, memseta.o(.text), UNUSED)

<P><STRONG><a name="[1e5]"></a>__aeabi_memset8</STRONG> (Thumb, 0 bytes, Stack size 0 bytes, memseta.o(.text), UNUSED)

<P><STRONG><a name="[47]"></a>__aeabi_memclr</STRONG> (Thumb, 4 bytes, Stack size 0 bytes, memseta.o(.text))
<BR><BR>[Calls]<UL><LI><a href="#[48]">&gt;&gt;</a>&nbsp;&nbsp;&nbsp;__aeabi_memset
</UL>
<BR>[Called By]<UL><LI><a href="#[1b0]">&gt;&gt;</a>&nbsp;&nbsp;&nbsp;_ux_utility_descriptor_parse
<LI><a href="#[a3]">&gt;&gt;</a>&nbsp;&nbsp;&nbsp;DWIN_Parse_String_Payload_Robust
</UL>

<P><STRONG><a name="[af]"></a>__aeabi_memclr4</STRONG> (Thumb, 0 bytes, Stack size 0 bytes, memseta.o(.text))
<BR><BR>[Called By]<UL><LI><a href="#[17d]">&gt;&gt;</a>&nbsp;&nbsp;&nbsp;MX_TIM17_Init
<LI><a href="#[17a]">&gt;&gt;</a>&nbsp;&nbsp;&nbsp;MX_TIM16_Init
<LI><a href="#[7e]">&gt;&gt;</a>&nbsp;&nbsp;&nbsp;DWIN_Driver_Init
<LI><a href="#[8b]">&gt;&gt;</a>&nbsp;&nbsp;&nbsp;CLI_Process
<LI><a href="#[b9]">&gt;&gt;</a>&nbsp;&nbsp;&nbsp;Display_Set_Serial
<LI><a href="#[b1]">&gt;&gt;</a>&nbsp;&nbsp;&nbsp;Carregar_Configuracao_Padrao
<LI><a href="#[86]">&gt;&gt;</a>&nbsp;&nbsp;&nbsp;Gerenciador_Config_Validar_e_Restaurar
</UL>

<P><STRONG><a name="[1e6]"></a>__aeabi_memclr8</STRONG> (Thumb, 0 bytes, Stack size 0 bytes, memseta.o(.text), UNUSED)

<P><STRONG><a name="[49]"></a>_memset$wrapper</STRONG> (Thumb, 18 bytes, Stack size 8 bytes, memseta.o(.text), UNUSED)
<BR><BR>[Calls]<UL><LI><a href="#[48]">&gt;&gt;</a>&nbsp;&nbsp;&nbsp;__aeabi_memset
</UL>

<P><STRONG><a name="[b2]"></a>strncpy</STRONG> (Thumb, 26 bytes, Stack size 8 bytes, strncpy.o(.text))
<BR><BR>[Stack]<UL><LI>Max Depth = 8<LI>Call Chain = strncpy
</UL>
<BR>[Called By]<UL><LI><a href="#[e9]">&gt;&gt;</a>&nbsp;&nbsp;&nbsp;Gerenciador_Config_Get_Serial
<LI><a href="#[e1]">&gt;&gt;</a>&nbsp;&nbsp;&nbsp;Gerenciador_Config_Get_Company
<LI><a href="#[e6]">&gt;&gt;</a>&nbsp;&nbsp;&nbsp;Gerenciador_Config_Get_Usuario
<LI><a href="#[a4]">&gt;&gt;</a>&nbsp;&nbsp;&nbsp;Gerenciador_Config_Get_Senha
<LI><a href="#[e8]">&gt;&gt;</a>&nbsp;&nbsp;&nbsp;Gerenciador_Config_Set_Serial
<LI><a href="#[e2]">&gt;&gt;</a>&nbsp;&nbsp;&nbsp;Gerenciador_Config_Set_Company
<LI><a href="#[e7]">&gt;&gt;</a>&nbsp;&nbsp;&nbsp;Gerenciador_Config_Set_Usuario
<LI><a href="#[aa]">&gt;&gt;</a>&nbsp;&nbsp;&nbsp;Gerenciador_Config_Set_Senha
<LI><a href="#[b1]">&gt;&gt;</a>&nbsp;&nbsp;&nbsp;Carregar_Configuracao_Padrao
<LI><a href="#[86]">&gt;&gt;</a>&nbsp;&nbsp;&nbsp;Gerenciador_Config_Validar_e_Restaurar
</UL>

<P><STRONG><a name="[ae]"></a>strchr</STRONG> (Thumb, 20 bytes, Stack size 0 bytes, strchr.o(.text))
<BR><BR>[Called By]<UL><LI><a href="#[8b]">&gt;&gt;</a>&nbsp;&nbsp;&nbsp;CLI_Process
<LI><a href="#[3f]">&gt;&gt;</a>&nbsp;&nbsp;&nbsp;Handle_Dwin_INT32
<LI><a href="#[3e]">&gt;&gt;</a>&nbsp;&nbsp;&nbsp;Handle_Dwin_INT
<LI><a href="#[39]">&gt;&gt;</a>&nbsp;&nbsp;&nbsp;Cmd_Dwin
</UL>

<P><STRONG><a name="[a8]"></a>strlen</STRONG> (Thumb, 14 bytes, Stack size 0 bytes, strlen.o(.text))
<BR><BR>[Called By]<UL><LI><a href="#[185]">&gt;&gt;</a>&nbsp;&nbsp;&nbsp;USBD_Get_Language_Id_Framework
<LI><a href="#[184]">&gt;&gt;</a>&nbsp;&nbsp;&nbsp;USBD_Get_String_Framework
<LI><a href="#[d7]">&gt;&gt;</a>&nbsp;&nbsp;&nbsp;DWIN_Driver_WriteString
<LI><a href="#[f8]">&gt;&gt;</a>&nbsp;&nbsp;&nbsp;Graos_Executar_Pesquisa
<LI><a href="#[f7]">&gt;&gt;</a>&nbsp;&nbsp;&nbsp;atualizar_display_grao_selecionado
<LI><a href="#[9b]">&gt;&gt;</a>&nbsp;&nbsp;&nbsp;Test_DisplayInfo
<LI><a href="#[c7]">&gt;&gt;</a>&nbsp;&nbsp;&nbsp;Display_SetRepeticoes
<LI><a href="#[c3]">&gt;&gt;</a>&nbsp;&nbsp;&nbsp;Display_SetCompany
<LI><a href="#[c0]">&gt;&gt;</a>&nbsp;&nbsp;&nbsp;RTC_Handle_Set_Time
<LI><a href="#[bd]">&gt;&gt;</a>&nbsp;&nbsp;&nbsp;Graos_Handle_Page_Change
<LI><a href="#[bc]">&gt;&gt;</a>&nbsp;&nbsp;&nbsp;Display_SetUser
<LI><a href="#[bb]">&gt;&gt;</a>&nbsp;&nbsp;&nbsp;RTC_Handle_Set_Date_And_Time
<LI><a href="#[b9]">&gt;&gt;</a>&nbsp;&nbsp;&nbsp;Display_Set_Serial
<LI><a href="#[b8]">&gt;&gt;</a>&nbsp;&nbsp;&nbsp;Display_SetDecimals
<LI><a href="#[a7]">&gt;&gt;</a>&nbsp;&nbsp;&nbsp;Auth_ProcessSetPasswordEvent
</UL>

<P><STRONG><a name="[a5]"></a>strcmp</STRONG> (Thumb, 28 bytes, Stack size 8 bytes, strcmp.o(.text))
<BR><BR>[Stack]<UL><LI>Max Depth = 8<LI>Call Chain = strcmp
</UL>
<BR>[Called By]<UL><LI><a href="#[a2]">&gt;&gt;</a>&nbsp;&nbsp;&nbsp;Auth_ProcessLoginEvent
<LI><a href="#[a7]">&gt;&gt;</a>&nbsp;&nbsp;&nbsp;Auth_ProcessSetPasswordEvent
</UL>

<P><STRONG><a name="[a6]"></a>memcmp</STRONG> (Thumb, 26 bytes, Stack size 12 bytes, memcmp.o(.text))
<BR><BR>[Stack]<UL><LI>Max Depth = 12<LI>Call Chain = memcmp
</UL>
<BR>[Called By]<UL><LI><a href="#[a2]">&gt;&gt;</a>&nbsp;&nbsp;&nbsp;Auth_ProcessLoginEvent
</UL>

<P><STRONG><a name="[a9]"></a>strcpy</STRONG> (Thumb, 18 bytes, Stack size 0 bytes, strcpy.o(.text))
<BR><BR>[Called By]<UL><LI><a href="#[b9]">&gt;&gt;</a>&nbsp;&nbsp;&nbsp;Display_Set_Serial
<LI><a href="#[a7]">&gt;&gt;</a>&nbsp;&nbsp;&nbsp;Auth_ProcessSetPasswordEvent
</UL>

<P><STRONG><a name="[4a]"></a>strcasecmp</STRONG> (Thumb, 38 bytes, Stack size 24 bytes, strcasecmp.o(.text))
<BR><BR>[Stack]<UL><LI>Max Depth = 24<LI>Call Chain = strcasecmp
</UL>
<BR>[Calls]<UL><LI><a href="#[4b]">&gt;&gt;</a>&nbsp;&nbsp;&nbsp;tolower
</UL>
<BR>[Called By]<UL><LI><a href="#[8b]">&gt;&gt;</a>&nbsp;&nbsp;&nbsp;CLI_Process
<LI><a href="#[39]">&gt;&gt;</a>&nbsp;&nbsp;&nbsp;Cmd_Dwin
</UL>

<P><STRONG><a name="[4c]"></a>__0sscanf</STRONG> (Thumb, 50 bytes, Stack size 72 bytes, __0sscanf.o(.text))
<BR><BR>[Stack]<UL><LI>Max Depth = 208<LI>Call Chain = __0sscanf &rArr; __vfscanf_char &rArr; __vfscanf &rArr; _scanf_int
</UL>
<BR>[Calls]<UL><LI><a href="#[4d]">&gt;&gt;</a>&nbsp;&nbsp;&nbsp;__vfscanf_char
</UL>
<BR>[Called By]<UL><LI><a href="#[3b]">&gt;&gt;</a>&nbsp;&nbsp;&nbsp;Cmd_SetDate
<LI><a href="#[3a]">&gt;&gt;</a>&nbsp;&nbsp;&nbsp;Cmd_SetTime
<LI><a href="#[c0]">&gt;&gt;</a>&nbsp;&nbsp;&nbsp;RTC_Handle_Set_Time
<LI><a href="#[bb]">&gt;&gt;</a>&nbsp;&nbsp;&nbsp;RTC_Handle_Set_Date_And_Time
</UL>

<P><STRONG><a name="[4e]"></a>_scanf_int</STRONG> (Thumb, 330 bytes, Stack size 48 bytes, _scanf_int.o(.text))
<BR><BR>[Stack]<UL><LI>Max Depth = 48<LI>Call Chain = _scanf_int
</UL>
<BR>[Calls]<UL><LI><a href="#[4f]">&gt;&gt;</a>&nbsp;&nbsp;&nbsp;_chval
</UL>
<BR>[Called By]<UL><LI><a href="#[62]">&gt;&gt;</a>&nbsp;&nbsp;&nbsp;__vfscanf
</UL>

<P><STRONG><a name="[50]"></a>strtol</STRONG> (Thumb, 108 bytes, Stack size 32 bytes, strtol.o(.text))
<BR><BR>[Stack]<UL><LI>Max Depth = 72<LI>Call Chain = strtol &rArr; _strtoul
</UL>
<BR>[Calls]<UL><LI><a href="#[46]">&gt;&gt;</a>&nbsp;&nbsp;&nbsp;__rt_ctype_table
<LI><a href="#[51]">&gt;&gt;</a>&nbsp;&nbsp;&nbsp;_strtoul
<LI><a href="#[52]">&gt;&gt;</a>&nbsp;&nbsp;&nbsp;__aeabi_errno_addr
</UL>
<BR>[Called By]<UL><LI><a href="#[3f]">&gt;&gt;</a>&nbsp;&nbsp;&nbsp;Handle_Dwin_INT32
<LI><a href="#[3e]">&gt;&gt;</a>&nbsp;&nbsp;&nbsp;Handle_Dwin_INT
<LI><a href="#[54]">&gt;&gt;</a>&nbsp;&nbsp;&nbsp;atol
<LI><a href="#[53]">&gt;&gt;</a>&nbsp;&nbsp;&nbsp;atoi
</UL>

<P><STRONG><a name="[53]"></a>atoi</STRONG> (Thumb, 26 bytes, Stack size 16 bytes, atoi.o(.text))
<BR><BR>[Stack]<UL><LI>Max Depth = 88<LI>Call Chain = atoi &rArr; strtol &rArr; _strtoul
</UL>
<BR>[Calls]<UL><LI><a href="#[52]">&gt;&gt;</a>&nbsp;&nbsp;&nbsp;__aeabi_errno_addr
<LI><a href="#[50]">&gt;&gt;</a>&nbsp;&nbsp;&nbsp;strtol
</UL>
<BR>[Called By]<UL><LI><a href="#[3e]">&gt;&gt;</a>&nbsp;&nbsp;&nbsp;Handle_Dwin_INT
<LI><a href="#[3d]">&gt;&gt;</a>&nbsp;&nbsp;&nbsp;Handle_Dwin_PIC
</UL>

<P><STRONG><a name="[54]"></a>atol</STRONG> (Thumb, 26 bytes, Stack size 16 bytes, atol.o(.text))
<BR><BR>[Stack]<UL><LI>Max Depth = 88<LI>Call Chain = atol &rArr; strtol &rArr; _strtoul
</UL>
<BR>[Calls]<UL><LI><a href="#[52]">&gt;&gt;</a>&nbsp;&nbsp;&nbsp;__aeabi_errno_addr
<LI><a href="#[50]">&gt;&gt;</a>&nbsp;&nbsp;&nbsp;strtol
</UL>
<BR>[Called By]<UL><LI><a href="#[3f]">&gt;&gt;</a>&nbsp;&nbsp;&nbsp;Handle_Dwin_INT32
</UL>

<P><STRONG><a name="[55]"></a>__aeabi_fadd</STRONG> (Thumb, 162 bytes, Stack size 24 bytes, fadd.o(.text))
<BR><BR>[Stack]<UL><LI>Max Depth = 36<LI>Call Chain = __aeabi_fadd &rArr; _float_epilogue
</UL>
<BR>[Calls]<UL><LI><a href="#[57]">&gt;&gt;</a>&nbsp;&nbsp;&nbsp;_float_round
<LI><a href="#[56]">&gt;&gt;</a>&nbsp;&nbsp;&nbsp;_float_epilogue
</UL>
<BR>[Called By]<UL><LI><a href="#[8e]">&gt;&gt;</a>&nbsp;&nbsp;&nbsp;Medicao_Process
<LI><a href="#[9c]">&gt;&gt;</a>&nbsp;&nbsp;&nbsp;TempSensor_GetTemperature
<LI><a href="#[58]">&gt;&gt;</a>&nbsp;&nbsp;&nbsp;__aeabi_fsub
<LI><a href="#[73]">&gt;&gt;</a>&nbsp;&nbsp;&nbsp;ADS1232_ConvertToGrams
<LI><a href="#[59]">&gt;&gt;</a>&nbsp;&nbsp;&nbsp;__aeabi_frsub
</UL>

<P><STRONG><a name="[58]"></a>__aeabi_fsub</STRONG> (Thumb, 8 bytes, Stack size 0 bytes, fadd.o(.text))
<BR><BR>[Stack]<UL><LI>Max Depth = 36<LI>Call Chain = __aeabi_fsub &rArr; __aeabi_fadd &rArr; _float_epilogue
</UL>
<BR>[Calls]<UL><LI><a href="#[55]">&gt;&gt;</a>&nbsp;&nbsp;&nbsp;__aeabi_fadd
</UL>
<BR>[Called By]<UL><LI><a href="#[9c]">&gt;&gt;</a>&nbsp;&nbsp;&nbsp;TempSensor_GetTemperature
<LI><a href="#[73]">&gt;&gt;</a>&nbsp;&nbsp;&nbsp;ADS1232_ConvertToGrams
</UL>

<P><STRONG><a name="[59]"></a>__aeabi_frsub</STRONG> (Thumb, 8 bytes, Stack size 0 bytes, fadd.o(.text), UNUSED)
<BR><BR>[Calls]<UL><LI><a href="#[55]">&gt;&gt;</a>&nbsp;&nbsp;&nbsp;__aeabi_fadd
</UL>

<P><STRONG><a name="[74]"></a>__aeabi_fmul</STRONG> (Thumb, 122 bytes, Stack size 16 bytes, fmul.o(.text))
<BR><BR>[Stack]<UL><LI>Max Depth = 16<LI>Call Chain = __aeabi_fmul
</UL>
<BR>[Called By]<UL><LI><a href="#[8f]">&gt;&gt;</a>&nbsp;&nbsp;&nbsp;DisplayHandler_Process
<LI><a href="#[8e]">&gt;&gt;</a>&nbsp;&nbsp;&nbsp;Medicao_Process
<LI><a href="#[ca]">&gt;&gt;</a>&nbsp;&nbsp;&nbsp;Display_ProcessPrintEvent
<LI><a href="#[9c]">&gt;&gt;</a>&nbsp;&nbsp;&nbsp;TempSensor_GetTemperature
<LI><a href="#[73]">&gt;&gt;</a>&nbsp;&nbsp;&nbsp;ADS1232_ConvertToGrams
<LI><a href="#[192]">&gt;&gt;</a>&nbsp;&nbsp;&nbsp;PWM_Servo_SetAngle
</UL>

<P><STRONG><a name="[5a]"></a>__aeabi_fdiv</STRONG> (Thumb, 124 bytes, Stack size 16 bytes, fdiv.o(.text))
<BR><BR>[Stack]<UL><LI>Max Depth = 16<LI>Call Chain = __aeabi_fdiv
</UL>
<BR>[Calls]<UL><LI><a href="#[57]">&gt;&gt;</a>&nbsp;&nbsp;&nbsp;_float_round
</UL>
<BR>[Called By]<UL><LI><a href="#[9c]">&gt;&gt;</a>&nbsp;&nbsp;&nbsp;TempSensor_GetTemperature
<LI><a href="#[73]">&gt;&gt;</a>&nbsp;&nbsp;&nbsp;ADS1232_ConvertToGrams
<LI><a href="#[192]">&gt;&gt;</a>&nbsp;&nbsp;&nbsp;PWM_Servo_SetAngle
</UL>

<P><STRONG><a name="[193]"></a>__aeabi_fcmplt</STRONG> (Thumb, 28 bytes, Stack size 0 bytes, fcmplt.o(.text))
<BR><BR>[Called By]<UL><LI><a href="#[192]">&gt;&gt;</a>&nbsp;&nbsp;&nbsp;PWM_Servo_SetAngle
</UL>

<P><STRONG><a name="[194]"></a>__aeabi_fcmpgt</STRONG> (Thumb, 28 bytes, Stack size 0 bytes, fcmpgt.o(.text))
<BR><BR>[Called By]<UL><LI><a href="#[192]">&gt;&gt;</a>&nbsp;&nbsp;&nbsp;PWM_Servo_SetAngle
</UL>

<P><STRONG><a name="[5b]"></a>__aeabi_i2f</STRONG> (Thumb, 22 bytes, Stack size 8 bytes, fflti.o(.text))
<BR><BR>[Stack]<UL><LI>Max Depth = 20<LI>Call Chain = __aeabi_i2f &rArr; _float_epilogue
</UL>
<BR>[Calls]<UL><LI><a href="#[56]">&gt;&gt;</a>&nbsp;&nbsp;&nbsp;_float_epilogue
</UL>
<BR>[Called By]<UL><LI><a href="#[73]">&gt;&gt;</a>&nbsp;&nbsp;&nbsp;ADS1232_ConvertToGrams
</UL>

<P><STRONG><a name="[5c]"></a>__aeabi_ui2f</STRONG> (Thumb, 14 bytes, Stack size 8 bytes, ffltui.o(.text))
<BR><BR>[Stack]<UL><LI>Max Depth = 20<LI>Call Chain = __aeabi_ui2f &rArr; _float_epilogue
</UL>
<BR>[Calls]<UL><LI><a href="#[56]">&gt;&gt;</a>&nbsp;&nbsp;&nbsp;_float_epilogue
</UL>
<BR>[Called By]<UL><LI><a href="#[8e]">&gt;&gt;</a>&nbsp;&nbsp;&nbsp;Medicao_Process
<LI><a href="#[9c]">&gt;&gt;</a>&nbsp;&nbsp;&nbsp;TempSensor_GetTemperature
<LI><a href="#[192]">&gt;&gt;</a>&nbsp;&nbsp;&nbsp;PWM_Servo_SetAngle
</UL>

<P><STRONG><a name="[5d]"></a>__aeabi_i2d</STRONG> (Thumb, 34 bytes, Stack size 16 bytes, dflti.o(.text))
<BR><BR>[Stack]<UL><LI>Max Depth = 72<LI>Call Chain = __aeabi_i2d &rArr; _double_epilogue &rArr; __aeabi_llsr
</UL>
<BR>[Calls]<UL><LI><a href="#[5e]">&gt;&gt;</a>&nbsp;&nbsp;&nbsp;_double_epilogue
</UL>
<BR>[Called By]<UL><LI><a href="#[f7]">&gt;&gt;</a>&nbsp;&nbsp;&nbsp;atualizar_display_grao_selecionado
</UL>

<P><STRONG><a name="[db]"></a>__aeabi_f2iz</STRONG> (Thumb, 50 bytes, Stack size 0 bytes, ffixi.o(.text))
<BR><BR>[Called By]<UL><LI><a href="#[8f]">&gt;&gt;</a>&nbsp;&nbsp;&nbsp;DisplayHandler_Process
<LI><a href="#[ca]">&gt;&gt;</a>&nbsp;&nbsp;&nbsp;Display_ProcessPrintEvent
<LI><a href="#[192]">&gt;&gt;</a>&nbsp;&nbsp;&nbsp;PWM_Servo_SetAngle
</UL>

<P><STRONG><a name="[198]"></a>__aeabi_f2d</STRONG> (Thumb, 40 bytes, Stack size 0 bytes, f2d.o(.text))
<BR><BR>[Called By]<UL><LI><a href="#[dd]">&gt;&gt;</a>&nbsp;&nbsp;&nbsp;Relatorio_Printer
</UL>

<P><STRONG><a name="[71]"></a>__aeabi_uidiv</STRONG> (Thumb, 0 bytes, Stack size 16 bytes, uidiv_div0.o(.text))
<BR><BR>[Stack]<UL><LI>Max Depth = 16<LI>Call Chain = __aeabi_uidiv
</UL>
<BR>[Called By]<UL><LI><a href="#[145]">&gt;&gt;</a>&nbsp;&nbsp;&nbsp;HAL_RCC_GetPCLK1Freq
<LI><a href="#[146]">&gt;&gt;</a>&nbsp;&nbsp;&nbsp;HAL_RCC_GetSysClockFreq
<LI><a href="#[70]">&gt;&gt;</a>&nbsp;&nbsp;&nbsp;ADC_Enable
<LI><a href="#[112]">&gt;&gt;</a>&nbsp;&nbsp;&nbsp;HAL_InitTick
<LI><a href="#[106]">&gt;&gt;</a>&nbsp;&nbsp;&nbsp;HAL_DMA_Init
<LI><a href="#[15e]">&gt;&gt;</a>&nbsp;&nbsp;&nbsp;HAL_UARTEx_SetRxFifoThreshold
<LI><a href="#[15f]">&gt;&gt;</a>&nbsp;&nbsp;&nbsp;HAL_UARTEx_SetTxFifoThreshold
<LI><a href="#[fc]">&gt;&gt;</a>&nbsp;&nbsp;&nbsp;HAL_ADC_ConfigChannel
<LI><a href="#[fd]">&gt;&gt;</a>&nbsp;&nbsp;&nbsp;HAL_ADC_Init
<LI><a href="#[144]">&gt;&gt;</a>&nbsp;&nbsp;&nbsp;HAL_RCC_ClockConfig
<LI><a href="#[89]">&gt;&gt;</a>&nbsp;&nbsp;&nbsp;App_Manager_Process
<LI><a href="#[16c]">&gt;&gt;</a>&nbsp;&nbsp;&nbsp;UART_SetConfig
</UL>

<P><STRONG><a name="[fb]"></a>__aeabi_uidivmod</STRONG> (Thumb, 62 bytes, Stack size 16 bytes, uidiv_div0.o(.text))
<BR><BR>[Stack]<UL><LI>Max Depth = 16<LI>Call Chain = __aeabi_uidivmod
</UL>
<BR>[Called By]<UL><LI><a href="#[1bd]">&gt;&gt;</a>&nbsp;&nbsp;&nbsp;_ux_device_stack_transfer_run
<LI><a href="#[bd]">&gt;&gt;</a>&nbsp;&nbsp;&nbsp;Graos_Handle_Page_Change
<LI><a href="#[1d4]">&gt;&gt;</a>&nbsp;&nbsp;&nbsp;_printf_core
</UL>

<P><STRONG><a name="[5f]"></a>__aeabi_uldivmod</STRONG> (Thumb, 96 bytes, Stack size 48 bytes, uldiv.o(.text), UNUSED)
<BR><BR>[Calls]<UL><LI><a href="#[60]">&gt;&gt;</a>&nbsp;&nbsp;&nbsp;__aeabi_llsr
<LI><a href="#[61]">&gt;&gt;</a>&nbsp;&nbsp;&nbsp;__aeabi_llsl
</UL>
<BR>[Called By]<UL><LI><a href="#[1d4]">&gt;&gt;</a>&nbsp;&nbsp;&nbsp;_printf_core
<LI><a href="#[1d8]">&gt;&gt;</a>&nbsp;&nbsp;&nbsp;_fp_digits
</UL>

<P><STRONG><a name="[4f]"></a>_chval</STRONG> (Thumb, 30 bytes, Stack size 0 bytes, _chval.o(.text))
<BR><BR>[Called By]<UL><LI><a href="#[51]">&gt;&gt;</a>&nbsp;&nbsp;&nbsp;_strtoul
<LI><a href="#[4e]">&gt;&gt;</a>&nbsp;&nbsp;&nbsp;_scanf_int
</UL>

<P><STRONG><a name="[4d]"></a>__vfscanf_char</STRONG> (Thumb, 24 bytes, Stack size 8 bytes, scanf_char.o(.text))
<BR><BR>[Stack]<UL><LI>Max Depth = 136<LI>Call Chain = __vfscanf_char &rArr; __vfscanf &rArr; _scanf_int
</UL>
<BR>[Calls]<UL><LI><a href="#[62]">&gt;&gt;</a>&nbsp;&nbsp;&nbsp;__vfscanf
</UL>
<BR>[Called By]<UL><LI><a href="#[4c]">&gt;&gt;</a>&nbsp;&nbsp;&nbsp;__0sscanf
</UL>

<P><STRONG><a name="[23]"></a>_sgetc</STRONG> (Thumb, 32 bytes, Stack size 0 bytes, _sgetc.o(.text))
<BR>[Address Reference Count : 1]<UL><LI> __0sscanf.o(.text)
</UL>
<P><STRONG><a name="[24]"></a>_sbackspace</STRONG> (Thumb, 36 bytes, Stack size 0 bytes, _sgetc.o(.text))
<BR>[Address Reference Count : 1]<UL><LI> __0sscanf.o(.text)
</UL>
<P><STRONG><a name="[51]"></a>_strtoul</STRONG> (Thumb, 166 bytes, Stack size 40 bytes, _strtoul.o(.text))
<BR><BR>[Stack]<UL><LI>Max Depth = 40<LI>Call Chain = _strtoul
</UL>
<BR>[Calls]<UL><LI><a href="#[4f]">&gt;&gt;</a>&nbsp;&nbsp;&nbsp;_chval
<LI><a href="#[52]">&gt;&gt;</a>&nbsp;&nbsp;&nbsp;__aeabi_errno_addr
</UL>
<BR>[Called By]<UL><LI><a href="#[50]">&gt;&gt;</a>&nbsp;&nbsp;&nbsp;strtol
</UL>

<P><STRONG><a name="[1e7]"></a>__I$use$fp</STRONG> (Thumb, 0 bytes, Stack size 0 bytes, iusefp.o(.text), UNUSED)

<P><STRONG><a name="[57]"></a>_float_round</STRONG> (Thumb, 16 bytes, Stack size 0 bytes, fepilogue.o(.text))
<BR><BR>[Called By]<UL><LI><a href="#[55]">&gt;&gt;</a>&nbsp;&nbsp;&nbsp;__aeabi_fadd
<LI><a href="#[5a]">&gt;&gt;</a>&nbsp;&nbsp;&nbsp;__aeabi_fdiv
</UL>

<P><STRONG><a name="[56]"></a>_float_epilogue</STRONG> (Thumb, 114 bytes, Stack size 12 bytes, fepilogue.o(.text))
<BR><BR>[Stack]<UL><LI>Max Depth = 12<LI>Call Chain = _float_epilogue
</UL>
<BR>[Called By]<UL><LI><a href="#[55]">&gt;&gt;</a>&nbsp;&nbsp;&nbsp;__aeabi_fadd
<LI><a href="#[5b]">&gt;&gt;</a>&nbsp;&nbsp;&nbsp;__aeabi_i2f
<LI><a href="#[5c]">&gt;&gt;</a>&nbsp;&nbsp;&nbsp;__aeabi_ui2f
</UL>

<P><STRONG><a name="[64]"></a>_double_round</STRONG> (Thumb, 26 bytes, Stack size 8 bytes, depilogue.o(.text))
<BR><BR>[Stack]<UL><LI>Max Depth = 8<LI>Call Chain = _double_round
</UL>
<BR>[Called By]<UL><LI><a href="#[5e]">&gt;&gt;</a>&nbsp;&nbsp;&nbsp;_double_epilogue
<LI><a href="#[6a]">&gt;&gt;</a>&nbsp;&nbsp;&nbsp;__aeabi_ddiv
<LI><a href="#[65]">&gt;&gt;</a>&nbsp;&nbsp;&nbsp;__aeabi_dadd
</UL>

<P><STRONG><a name="[5e]"></a>_double_epilogue</STRONG> (Thumb, 164 bytes, Stack size 48 bytes, depilogue.o(.text))
<BR><BR>[Stack]<UL><LI>Max Depth = 56<LI>Call Chain = _double_epilogue &rArr; __aeabi_llsr
</UL>
<BR>[Calls]<UL><LI><a href="#[60]">&gt;&gt;</a>&nbsp;&nbsp;&nbsp;__aeabi_llsr
<LI><a href="#[61]">&gt;&gt;</a>&nbsp;&nbsp;&nbsp;__aeabi_llsl
<LI><a href="#[63]">&gt;&gt;</a>&nbsp;&nbsp;&nbsp;__ARM_clz
<LI><a href="#[64]">&gt;&gt;</a>&nbsp;&nbsp;&nbsp;_double_round
</UL>
<BR>[Called By]<UL><LI><a href="#[5d]">&gt;&gt;</a>&nbsp;&nbsp;&nbsp;__aeabi_i2d
<LI><a href="#[69]">&gt;&gt;</a>&nbsp;&nbsp;&nbsp;__aeabi_dmul
<LI><a href="#[65]">&gt;&gt;</a>&nbsp;&nbsp;&nbsp;__aeabi_dadd
</UL>

<P><STRONG><a name="[65]"></a>__aeabi_dadd</STRONG> (Thumb, 328 bytes, Stack size 48 bytes, dadd.o(.text), UNUSED)
<BR><BR>[Calls]<UL><LI><a href="#[66]">&gt;&gt;</a>&nbsp;&nbsp;&nbsp;__aeabi_lasr
<LI><a href="#[61]">&gt;&gt;</a>&nbsp;&nbsp;&nbsp;__aeabi_llsl
<LI><a href="#[64]">&gt;&gt;</a>&nbsp;&nbsp;&nbsp;_double_round
<LI><a href="#[5e]">&gt;&gt;</a>&nbsp;&nbsp;&nbsp;_double_epilogue
</UL>
<BR>[Called By]<UL><LI><a href="#[68]">&gt;&gt;</a>&nbsp;&nbsp;&nbsp;__aeabi_drsub
<LI><a href="#[67]">&gt;&gt;</a>&nbsp;&nbsp;&nbsp;__aeabi_dsub
<LI><a href="#[1d8]">&gt;&gt;</a>&nbsp;&nbsp;&nbsp;_fp_digits
</UL>

<P><STRONG><a name="[67]"></a>__aeabi_dsub</STRONG> (Thumb, 12 bytes, Stack size 8 bytes, dadd.o(.text), UNUSED)
<BR><BR>[Calls]<UL><LI><a href="#[65]">&gt;&gt;</a>&nbsp;&nbsp;&nbsp;__aeabi_dadd
</UL>

<P><STRONG><a name="[68]"></a>__aeabi_drsub</STRONG> (Thumb, 12 bytes, Stack size 8 bytes, dadd.o(.text), UNUSED)
<BR><BR>[Calls]<UL><LI><a href="#[65]">&gt;&gt;</a>&nbsp;&nbsp;&nbsp;__aeabi_dadd
</UL>

<P><STRONG><a name="[69]"></a>__aeabi_dmul</STRONG> (Thumb, 202 bytes, Stack size 72 bytes, dmul.o(.text), UNUSED)
<BR><BR>[Calls]<UL><LI><a href="#[5e]">&gt;&gt;</a>&nbsp;&nbsp;&nbsp;_double_epilogue
</UL>
<BR>[Called By]<UL><LI><a href="#[1d8]">&gt;&gt;</a>&nbsp;&nbsp;&nbsp;_fp_digits
</UL>

<P><STRONG><a name="[6a]"></a>__aeabi_ddiv</STRONG> (Thumb, 234 bytes, Stack size 40 bytes, ddiv.o(.text), UNUSED)
<BR><BR>[Calls]<UL><LI><a href="#[64]">&gt;&gt;</a>&nbsp;&nbsp;&nbsp;_double_round
</UL>
<BR>[Called By]<UL><LI><a href="#[1d8]">&gt;&gt;</a>&nbsp;&nbsp;&nbsp;_fp_digits
</UL>

<P><STRONG><a name="[6b]"></a>__aeabi_d2ulz</STRONG> (Thumb, 54 bytes, Stack size 8 bytes, dfixul.o(.text), UNUSED)
<BR><BR>[Calls]<UL><LI><a href="#[60]">&gt;&gt;</a>&nbsp;&nbsp;&nbsp;__aeabi_llsr
<LI><a href="#[61]">&gt;&gt;</a>&nbsp;&nbsp;&nbsp;__aeabi_llsl
</UL>
<BR>[Called By]<UL><LI><a href="#[1d8]">&gt;&gt;</a>&nbsp;&nbsp;&nbsp;_fp_digits
</UL>

<P><STRONG><a name="[1d9]"></a>__aeabi_cdrcmple</STRONG> (Thumb, 38 bytes, Stack size 0 bytes, cdrcmple.o(.text), UNUSED)
<BR><BR>[Called By]<UL><LI><a href="#[1d8]">&gt;&gt;</a>&nbsp;&nbsp;&nbsp;_fp_digits
</UL>

<P><STRONG><a name="[45]"></a>__scatterload</STRONG> (Thumb, 38 bytes, Stack size 0 bytes, init.o(.text))
<BR><BR>[Calls]<UL><LI><a href="#[6c]">&gt;&gt;</a>&nbsp;&nbsp;&nbsp;__main_after_scatterload
</UL>
<BR>[Called By]<UL><LI><a href="#[44]">&gt;&gt;</a>&nbsp;&nbsp;&nbsp;_main_scatterload
</UL>

<P><STRONG><a name="[1e8]"></a>__scatterload_rt2</STRONG> (Thumb, 0 bytes, Stack size 0 bytes, init.o(.text), UNUSED)

<P><STRONG><a name="[61]"></a>__aeabi_llsl</STRONG> (Thumb, 32 bytes, Stack size 8 bytes, llshl.o(.text))
<BR><BR>[Stack]<UL><LI>Max Depth = 8<LI>Call Chain = __aeabi_llsl
</UL>
<BR>[Called By]<UL><LI><a href="#[5f]">&gt;&gt;</a>&nbsp;&nbsp;&nbsp;__aeabi_uldivmod
<LI><a href="#[5e]">&gt;&gt;</a>&nbsp;&nbsp;&nbsp;_double_epilogue
<LI><a href="#[65]">&gt;&gt;</a>&nbsp;&nbsp;&nbsp;__aeabi_dadd
<LI><a href="#[6b]">&gt;&gt;</a>&nbsp;&nbsp;&nbsp;__aeabi_d2ulz
</UL>

<P><STRONG><a name="[1e9]"></a>_ll_shift_l</STRONG> (Thumb, 0 bytes, Stack size 8 bytes, llshl.o(.text), UNUSED)

<P><STRONG><a name="[60]"></a>__aeabi_llsr</STRONG> (Thumb, 34 bytes, Stack size 8 bytes, llushr.o(.text))
<BR><BR>[Stack]<UL><LI>Max Depth = 8<LI>Call Chain = __aeabi_llsr
</UL>
<BR>[Called By]<UL><LI><a href="#[5f]">&gt;&gt;</a>&nbsp;&nbsp;&nbsp;__aeabi_uldivmod
<LI><a href="#[5e]">&gt;&gt;</a>&nbsp;&nbsp;&nbsp;_double_epilogue
<LI><a href="#[6b]">&gt;&gt;</a>&nbsp;&nbsp;&nbsp;__aeabi_d2ulz
</UL>

<P><STRONG><a name="[1ea]"></a>_ll_ushift_r</STRONG> (Thumb, 0 bytes, Stack size 8 bytes, llushr.o(.text), UNUSED)

<P><STRONG><a name="[66]"></a>__aeabi_lasr</STRONG> (Thumb, 38 bytes, Stack size 8 bytes, llsshr.o(.text), UNUSED)
<BR><BR>[Called By]<UL><LI><a href="#[65]">&gt;&gt;</a>&nbsp;&nbsp;&nbsp;__aeabi_dadd
</UL>

<P><STRONG><a name="[1eb]"></a>_ll_sshift_r</STRONG> (Thumb, 0 bytes, Stack size 8 bytes, llsshr.o(.text), UNUSED)

<P><STRONG><a name="[62]"></a>__vfscanf</STRONG> (Thumb, 812 bytes, Stack size 80 bytes, _scanf.o(.text))
<BR><BR>[Stack]<UL><LI>Max Depth = 128<LI>Call Chain = __vfscanf &rArr; _scanf_int
</UL>
<BR>[Calls]<UL><LI><a href="#[6f]">&gt;&gt;</a>&nbsp;&nbsp;&nbsp;_scanf_string (Weak Reference)
<LI><a href="#[6d]">&gt;&gt;</a>&nbsp;&nbsp;&nbsp;_scanf_real (Weak Reference)
<LI><a href="#[6e]">&gt;&gt;</a>&nbsp;&nbsp;&nbsp;_scanf_longlong (Weak Reference)
<LI><a href="#[4e]">&gt;&gt;</a>&nbsp;&nbsp;&nbsp;_scanf_int
</UL>
<BR>[Called By]<UL><LI><a href="#[4d]">&gt;&gt;</a>&nbsp;&nbsp;&nbsp;__vfscanf_char
</UL>

<P><STRONG><a name="[70]"></a>ADC_Enable</STRONG> (Thumb, 196 bytes, Stack size 24 bytes, stm32c0xx_hal_adc.o(.text.ADC_Enable))
<BR><BR>[Stack]<UL><LI>Max Depth = 40<LI>Call Chain = ADC_Enable &rArr; __aeabi_uidiv
</UL>
<BR>[Calls]<UL><LI><a href="#[72]">&gt;&gt;</a>&nbsp;&nbsp;&nbsp;HAL_GetTick
<LI><a href="#[71]">&gt;&gt;</a>&nbsp;&nbsp;&nbsp;__aeabi_uidiv
</UL>
<BR>[Called By]<UL><LI><a href="#[101]">&gt;&gt;</a>&nbsp;&nbsp;&nbsp;HAL_ADC_Start
</UL>

<P><STRONG><a name="[73]"></a>ADS1232_ConvertToGrams</STRONG> (Thumb, 332 bytes, Stack size 32 bytes, ads1232_driver.o(.text.ADS1232_ConvertToGrams))
<BR><BR>[Stack]<UL><LI>Max Depth = 68<LI>Call Chain = ADS1232_ConvertToGrams &rArr; __aeabi_fadd &rArr; _float_epilogue
</UL>
<BR>[Calls]<UL><LI><a href="#[55]">&gt;&gt;</a>&nbsp;&nbsp;&nbsp;__aeabi_fadd
<LI><a href="#[5b]">&gt;&gt;</a>&nbsp;&nbsp;&nbsp;__aeabi_i2f
<LI><a href="#[58]">&gt;&gt;</a>&nbsp;&nbsp;&nbsp;__aeabi_fsub
<LI><a href="#[74]">&gt;&gt;</a>&nbsp;&nbsp;&nbsp;__aeabi_fmul
<LI><a href="#[5a]">&gt;&gt;</a>&nbsp;&nbsp;&nbsp;__aeabi_fdiv
</UL>
<BR>[Called By]<UL><LI><a href="#[8e]">&gt;&gt;</a>&nbsp;&nbsp;&nbsp;Medicao_Process
</UL>

<P><STRONG><a name="[75]"></a>ADS1232_Init</STRONG> (Thumb, 44 bytes, Stack size 16 bytes, ads1232_driver.o(.text.ADS1232_Init))
<BR><BR>[Stack]<UL><LI>Max Depth = 32<LI>Call Chain = ADS1232_Init &rArr; HAL_Delay
</UL>
<BR>[Calls]<UL><LI><a href="#[77]">&gt;&gt;</a>&nbsp;&nbsp;&nbsp;HAL_Delay
<LI><a href="#[76]">&gt;&gt;</a>&nbsp;&nbsp;&nbsp;HAL_GPIO_WritePin
</UL>
<BR>[Called By]<UL><LI><a href="#[7c]">&gt;&gt;</a>&nbsp;&nbsp;&nbsp;App_Manager_Init
</UL>

<P><STRONG><a name="[78]"></a>ADS1232_Read</STRONG> (Thumb, 276 bytes, Stack size 40 bytes, ads1232_driver.o(.text.ADS1232_Read))
<BR><BR>[Stack]<UL><LI>Max Depth = 40<LI>Call Chain = ADS1232_Read
</UL>
<BR>[Calls]<UL><LI><a href="#[76]">&gt;&gt;</a>&nbsp;&nbsp;&nbsp;HAL_GPIO_WritePin
<LI><a href="#[79]">&gt;&gt;</a>&nbsp;&nbsp;&nbsp;HAL_GPIO_ReadPin
</UL>
<BR>[Called By]<UL><LI><a href="#[7a]">&gt;&gt;</a>&nbsp;&nbsp;&nbsp;ADS1232_Read_Median_of_3
</UL>

<P><STRONG><a name="[7a]"></a>ADS1232_Read_Median_of_3</STRONG> (Thumb, 66 bytes, Stack size 16 bytes, ads1232_driver.o(.text.ADS1232_Read_Median_of_3))
<BR><BR>[Stack]<UL><LI>Max Depth = 56<LI>Call Chain = ADS1232_Read_Median_of_3 &rArr; ADS1232_Read
</UL>
<BR>[Calls]<UL><LI><a href="#[78]">&gt;&gt;</a>&nbsp;&nbsp;&nbsp;ADS1232_Read
</UL>
<BR>[Called By]<UL><LI><a href="#[8e]">&gt;&gt;</a>&nbsp;&nbsp;&nbsp;Medicao_Process
</UL>

<P><STRONG><a name="[7b]"></a>ADS1232_Tare</STRONG> (Thumb, 1036 bytes, Stack size 88 bytes, ads1232_driver.o(.text.ADS1232_Tare))
<BR><BR>[Stack]<UL><LI>Max Depth = 104<LI>Call Chain = ADS1232_Tare &rArr; HAL_Delay
</UL>
<BR>[Calls]<UL><LI><a href="#[77]">&gt;&gt;</a>&nbsp;&nbsp;&nbsp;HAL_Delay
<LI><a href="#[76]">&gt;&gt;</a>&nbsp;&nbsp;&nbsp;HAL_GPIO_WritePin
<LI><a href="#[79]">&gt;&gt;</a>&nbsp;&nbsp;&nbsp;HAL_GPIO_ReadPin
</UL>
<BR>[Called By]<UL><LI><a href="#[97]">&gt;&gt;</a>&nbsp;&nbsp;&nbsp;App_Manager_Run_Self_Diagnostics
</UL>

<P><STRONG><a name="[c2]"></a>App_Manager_Confirm_Wakeup</STRONG> (Thumb, 8 bytes, Stack size 0 bytes, app_manager.o(.text.App_Manager_Confirm_Wakeup))
<BR><BR>[Called By]<UL><LI><a href="#[27]">&gt;&gt;</a>&nbsp;&nbsp;&nbsp;Controller_DwinCallback
</UL>

<P><STRONG><a name="[7c]"></a>App_Manager_Init</STRONG> (Thumb, 72 bytes, Stack size 8 bytes, app_manager.o(.text.App_Manager_Init))
<BR><BR>[Stack]<UL><LI>Max Depth = 216<LI>Call Chain = App_Manager_Init &rArr; Gerenciador_Config_Validar_e_Restaurar &rArr; EEPROM_Driver_Read_Blocking &rArr; HAL_I2C_Mem_Read &rArr; I2C_WaitOnFlagUntilTimeout &rArr; I2C_IsErrorOccurred
</UL>
<BR>[Calls]<UL><LI><a href="#[7f]">&gt;&gt;</a>&nbsp;&nbsp;&nbsp;EEPROM_Driver_Init
<LI><a href="#[81]">&gt;&gt;</a>&nbsp;&nbsp;&nbsp;RTC_Driver_Init
<LI><a href="#[7e]">&gt;&gt;</a>&nbsp;&nbsp;&nbsp;DWIN_Driver_Init
<LI><a href="#[7d]">&gt;&gt;</a>&nbsp;&nbsp;&nbsp;CLI_Init
<LI><a href="#[88]">&gt;&gt;</a>&nbsp;&nbsp;&nbsp;Medicao_Set_Umidade
<LI><a href="#[87]">&gt;&gt;</a>&nbsp;&nbsp;&nbsp;Medicao_Set_Densidade
<LI><a href="#[83]">&gt;&gt;</a>&nbsp;&nbsp;&nbsp;DisplayHandler_Init
<LI><a href="#[82]">&gt;&gt;</a>&nbsp;&nbsp;&nbsp;Medicao_Init
<LI><a href="#[84]">&gt;&gt;</a>&nbsp;&nbsp;&nbsp;Servos_Init
<LI><a href="#[86]">&gt;&gt;</a>&nbsp;&nbsp;&nbsp;Gerenciador_Config_Validar_e_Restaurar
<LI><a href="#[80]">&gt;&gt;</a>&nbsp;&nbsp;&nbsp;Gerenciador_Config_Init
<LI><a href="#[75]">&gt;&gt;</a>&nbsp;&nbsp;&nbsp;ADS1232_Init
<LI><a href="#[85]">&gt;&gt;</a>&nbsp;&nbsp;&nbsp;Frequency_Init
</UL>
<BR>[Called By]<UL><LI><a href="#[20]">&gt;&gt;</a>&nbsp;&nbsp;&nbsp;main
</UL>

<P><STRONG><a name="[89]"></a>App_Manager_Process</STRONG> (Thumb, 376 bytes, Stack size 32 bytes, app_manager.o(.text.App_Manager_Process))
<BR><BR>[Stack]<UL><LI>Max Depth = 12072<LI>Call Chain = App_Manager_Process &rArr; DisplayHandler_Process &rArr; Display_ProcessPrintEvent &rArr; Relatorio_Printer &rArr; Assinatura &rArr; RTC_Driver_GetDate &rArr; HAL_RTC_GetDate
</UL>
<BR>[Calls]<UL><LI><a href="#[77]">&gt;&gt;</a>&nbsp;&nbsp;&nbsp;HAL_Delay
<LI><a href="#[72]">&gt;&gt;</a>&nbsp;&nbsp;&nbsp;HAL_GetTick
<LI><a href="#[76]">&gt;&gt;</a>&nbsp;&nbsp;&nbsp;HAL_GPIO_WritePin
<LI><a href="#[97]">&gt;&gt;</a>&nbsp;&nbsp;&nbsp;App_Manager_Run_Self_Diagnostics
<LI><a href="#[94]">&gt;&gt;</a>&nbsp;&nbsp;&nbsp;MX_USART2_UART_Init
<LI><a href="#[93]">&gt;&gt;</a>&nbsp;&nbsp;&nbsp;SystemClock_Config
<LI><a href="#[92]">&gt;&gt;</a>&nbsp;&nbsp;&nbsp;HAL_PWR_EnterSTOPMode
<LI><a href="#[91]">&gt;&gt;</a>&nbsp;&nbsp;&nbsp;DWIN_Driver_IsTxBusy
<LI><a href="#[8a]">&gt;&gt;</a>&nbsp;&nbsp;&nbsp;DWIN_TX_Pump
<LI><a href="#[8c]">&gt;&gt;</a>&nbsp;&nbsp;&nbsp;DWIN_Driver_Process
<LI><a href="#[7e]">&gt;&gt;</a>&nbsp;&nbsp;&nbsp;DWIN_Driver_Init
<LI><a href="#[98]">&gt;&gt;</a>&nbsp;&nbsp;&nbsp;DWIN_Driver_WriteInt
<LI><a href="#[96]">&gt;&gt;</a>&nbsp;&nbsp;&nbsp;DWIN_Driver_SetScreen
<LI><a href="#[8b]">&gt;&gt;</a>&nbsp;&nbsp;&nbsp;CLI_Process
<LI><a href="#[95]">&gt;&gt;</a>&nbsp;&nbsp;&nbsp;puts
<LI><a href="#[8f]">&gt;&gt;</a>&nbsp;&nbsp;&nbsp;DisplayHandler_Process
<LI><a href="#[8e]">&gt;&gt;</a>&nbsp;&nbsp;&nbsp;Medicao_Process
<LI><a href="#[8d]">&gt;&gt;</a>&nbsp;&nbsp;&nbsp;Servos_Process
<LI><a href="#[90]">&gt;&gt;</a>&nbsp;&nbsp;&nbsp;Gerenciador_Config_Run_FSM
<LI><a href="#[71]">&gt;&gt;</a>&nbsp;&nbsp;&nbsp;__aeabi_uidiv
</UL>
<BR>[Called By]<UL><LI><a href="#[20]">&gt;&gt;</a>&nbsp;&nbsp;&nbsp;main
</UL>

<P><STRONG><a name="[99]"></a>App_Manager_Request_Sleep</STRONG> (Thumb, 20 bytes, Stack size 8 bytes, app_manager.o(.text.App_Manager_Request_Sleep))
<BR><BR>[Stack]<UL><LI>Max Depth = 24<LI>Call Chain = App_Manager_Request_Sleep &rArr; HAL_Delay
</UL>
<BR>[Calls]<UL><LI><a href="#[77]">&gt;&gt;</a>&nbsp;&nbsp;&nbsp;HAL_Delay
</UL>
<BR>[Called By]<UL><LI><a href="#[27]">&gt;&gt;</a>&nbsp;&nbsp;&nbsp;Controller_DwinCallback
</UL>

<P><STRONG><a name="[97]"></a>App_Manager_Run_Self_Diagnostics</STRONG> (Thumb, 272 bytes, Stack size 32 bytes, app_manager.o(.text.App_Manager_Run_Self_Diagnostics))
<BR><BR>[Stack]<UL><LI>Max Depth = 176<LI>Call Chain = App_Manager_Run_Self_Diagnostics &rArr; EEPROM_Driver_IsReady &rArr; HAL_I2C_IsDeviceReady &rArr; I2C_WaitOnFlagUntilTimeout &rArr; I2C_IsErrorOccurred
</UL>
<BR>[Calls]<UL><LI><a href="#[77]">&gt;&gt;</a>&nbsp;&nbsp;&nbsp;HAL_Delay
<LI><a href="#[9e]">&gt;&gt;</a>&nbsp;&nbsp;&nbsp;EEPROM_Driver_IsReady
<LI><a href="#[8a]">&gt;&gt;</a>&nbsp;&nbsp;&nbsp;DWIN_TX_Pump
<LI><a href="#[96]">&gt;&gt;</a>&nbsp;&nbsp;&nbsp;DWIN_Driver_SetScreen
<LI><a href="#[95]">&gt;&gt;</a>&nbsp;&nbsp;&nbsp;puts
<LI><a href="#[9d]">&gt;&gt;</a>&nbsp;&nbsp;&nbsp;Medicao_Set_Temp_Instru
<LI><a href="#[9b]">&gt;&gt;</a>&nbsp;&nbsp;&nbsp;Test_DisplayInfo
<LI><a href="#[9c]">&gt;&gt;</a>&nbsp;&nbsp;&nbsp;TempSensor_GetTemperature
<LI><a href="#[7b]">&gt;&gt;</a>&nbsp;&nbsp;&nbsp;ADS1232_Tare
<LI><a href="#[9a]">&gt;&gt;</a>&nbsp;&nbsp;&nbsp;__2printf
</UL>
<BR>[Called By]<UL><LI><a href="#[89]">&gt;&gt;</a>&nbsp;&nbsp;&nbsp;App_Manager_Process
<LI><a href="#[20]">&gt;&gt;</a>&nbsp;&nbsp;&nbsp;main
<LI><a href="#[27]">&gt;&gt;</a>&nbsp;&nbsp;&nbsp;Controller_DwinCallback
</UL>

<P><STRONG><a name="[9f]"></a>Assinatura</STRONG> (Thumb, 92 bytes, Stack size 40 bytes, relato.o(.text.Assinatura))
<BR><BR>[Stack]<UL><LI>Max Depth = 112<LI>Call Chain = Assinatura &rArr; RTC_Driver_GetDate &rArr; HAL_RTC_GetDate
</UL>
<BR>[Calls]<UL><LI><a href="#[a1]">&gt;&gt;</a>&nbsp;&nbsp;&nbsp;RTC_Driver_GetDate
<LI><a href="#[a0]">&gt;&gt;</a>&nbsp;&nbsp;&nbsp;RTC_Driver_GetTime
<LI><a href="#[9a]">&gt;&gt;</a>&nbsp;&nbsp;&nbsp;__2printf
</UL>
<BR>[Called By]<UL><LI><a href="#[dd]">&gt;&gt;</a>&nbsp;&nbsp;&nbsp;Relatorio_Printer
</UL>

<P><STRONG><a name="[a2]"></a>Auth_ProcessLoginEvent</STRONG> (Thumb, 180 bytes, Stack size 32 bytes, autenticacao_handler.o(.text.Auth_ProcessLoginEvent))
<BR><BR>[Stack]<UL><LI>Max Depth = 144<LI>Call Chain = Auth_ProcessLoginEvent &rArr; puts &rArr; fputc &rArr; USBD_CDC_ACM_Transmit &rArr; _ux_device_class_cdc_acm_write_run &rArr; _ux_device_stack_transfer_run &rArr; __aeabi_uidivmod
</UL>
<BR>[Calls]<UL><LI><a href="#[96]">&gt;&gt;</a>&nbsp;&nbsp;&nbsp;DWIN_Driver_SetScreen
<LI><a href="#[a6]">&gt;&gt;</a>&nbsp;&nbsp;&nbsp;memcmp
<LI><a href="#[a5]">&gt;&gt;</a>&nbsp;&nbsp;&nbsp;strcmp
<LI><a href="#[95]">&gt;&gt;</a>&nbsp;&nbsp;&nbsp;puts
<LI><a href="#[a3]">&gt;&gt;</a>&nbsp;&nbsp;&nbsp;DWIN_Parse_String_Payload_Robust
<LI><a href="#[a4]">&gt;&gt;</a>&nbsp;&nbsp;&nbsp;Gerenciador_Config_Get_Senha
<LI><a href="#[9a]">&gt;&gt;</a>&nbsp;&nbsp;&nbsp;__2printf
</UL>
<BR>[Called By]<UL><LI><a href="#[27]">&gt;&gt;</a>&nbsp;&nbsp;&nbsp;Controller_DwinCallback
</UL>

<P><STRONG><a name="[a7]"></a>Auth_ProcessSetPasswordEvent</STRONG> (Thumb, 168 bytes, Stack size 24 bytes, autenticacao_handler.o(.text.Auth_ProcessSetPasswordEvent))
<BR><BR>[Stack]<UL><LI>Max Depth = 136<LI>Call Chain = Auth_ProcessSetPasswordEvent &rArr; puts &rArr; fputc &rArr; USBD_CDC_ACM_Transmit &rArr; _ux_device_class_cdc_acm_write_run &rArr; _ux_device_stack_transfer_run &rArr; __aeabi_uidivmod
</UL>
<BR>[Calls]<UL><LI><a href="#[96]">&gt;&gt;</a>&nbsp;&nbsp;&nbsp;DWIN_Driver_SetScreen
<LI><a href="#[a9]">&gt;&gt;</a>&nbsp;&nbsp;&nbsp;strcpy
<LI><a href="#[a5]">&gt;&gt;</a>&nbsp;&nbsp;&nbsp;strcmp
<LI><a href="#[a8]">&gt;&gt;</a>&nbsp;&nbsp;&nbsp;strlen
<LI><a href="#[95]">&gt;&gt;</a>&nbsp;&nbsp;&nbsp;puts
<LI><a href="#[a3]">&gt;&gt;</a>&nbsp;&nbsp;&nbsp;DWIN_Parse_String_Payload_Robust
<LI><a href="#[aa]">&gt;&gt;</a>&nbsp;&nbsp;&nbsp;Gerenciador_Config_Set_Senha
</UL>
<BR>[Called By]<UL><LI><a href="#[27]">&gt;&gt;</a>&nbsp;&nbsp;&nbsp;Controller_DwinCallback
</UL>

<P><STRONG><a name="[7d]"></a>CLI_Init</STRONG> (Thumb, 12 bytes, Stack size 8 bytes, cli_driver.o(.text.CLI_Init))
<BR><BR>[Stack]<UL><LI>Max Depth = 128<LI>Call Chain = CLI_Init &rArr; CLI_Printf &rArr; USBD_CDC_ACM_Transmit &rArr; _ux_device_class_cdc_acm_write_run &rArr; _ux_device_stack_transfer_run &rArr; __aeabi_uidivmod
</UL>
<BR>[Calls]<UL><LI><a href="#[ab]">&gt;&gt;</a>&nbsp;&nbsp;&nbsp;CLI_Printf
</UL>
<BR>[Called By]<UL><LI><a href="#[7c]">&gt;&gt;</a>&nbsp;&nbsp;&nbsp;App_Manager_Init
</UL>

<P><STRONG><a name="[ab]"></a>CLI_Printf</STRONG> (Thumb, 52 bytes, Stack size 32 bytes, cli_driver.o(.text.CLI_Printf))
<BR><BR>[Stack]<UL><LI>Max Depth = 120<LI>Call Chain = CLI_Printf &rArr; USBD_CDC_ACM_Transmit &rArr; _ux_device_class_cdc_acm_write_run &rArr; _ux_device_stack_transfer_run &rArr; __aeabi_uidivmod
</UL>
<BR>[Calls]<UL><LI><a href="#[ad]">&gt;&gt;</a>&nbsp;&nbsp;&nbsp;USBD_CDC_ACM_Transmit
<LI><a href="#[ac]">&gt;&gt;</a>&nbsp;&nbsp;&nbsp;vsnprintf
</UL>
<BR>[Called By]<UL><LI><a href="#[b0]">&gt;&gt;</a>&nbsp;&nbsp;&nbsp;CLI_Receive_Char
<LI><a href="#[8b]">&gt;&gt;</a>&nbsp;&nbsp;&nbsp;CLI_Process
<LI><a href="#[7d]">&gt;&gt;</a>&nbsp;&nbsp;&nbsp;CLI_Init
<LI><a href="#[40]">&gt;&gt;</a>&nbsp;&nbsp;&nbsp;Handle_Dwin_RAW
<LI><a href="#[3f]">&gt;&gt;</a>&nbsp;&nbsp;&nbsp;Handle_Dwin_INT32
<LI><a href="#[3e]">&gt;&gt;</a>&nbsp;&nbsp;&nbsp;Handle_Dwin_INT
<LI><a href="#[3d]">&gt;&gt;</a>&nbsp;&nbsp;&nbsp;Handle_Dwin_PIC
<LI><a href="#[3c]">&gt;&gt;</a>&nbsp;&nbsp;&nbsp;Cmd_Date
<LI><a href="#[3b]">&gt;&gt;</a>&nbsp;&nbsp;&nbsp;Cmd_SetDate
<LI><a href="#[3a]">&gt;&gt;</a>&nbsp;&nbsp;&nbsp;Cmd_SetTime
<LI><a href="#[39]">&gt;&gt;</a>&nbsp;&nbsp;&nbsp;Cmd_Dwin
</UL>

<P><STRONG><a name="[8b]"></a>CLI_Process</STRONG> (Thumb, 284 bytes, Stack size 24 bytes, cli_driver.o(.text.CLI_Process))
<BR><BR>[Stack]<UL><LI>Max Depth = 144<LI>Call Chain = CLI_Process &rArr; CLI_Printf &rArr; USBD_CDC_ACM_Transmit &rArr; _ux_device_class_cdc_acm_write_run &rArr; _ux_device_stack_transfer_run &rArr; __aeabi_uidivmod
</UL>
<BR>[Calls]<UL><LI><a href="#[ab]">&gt;&gt;</a>&nbsp;&nbsp;&nbsp;CLI_Printf
<LI><a href="#[4a]">&gt;&gt;</a>&nbsp;&nbsp;&nbsp;strcasecmp
<LI><a href="#[ae]">&gt;&gt;</a>&nbsp;&nbsp;&nbsp;strchr
<LI><a href="#[af]">&gt;&gt;</a>&nbsp;&nbsp;&nbsp;__aeabi_memclr4
<LI><a href="#[46]">&gt;&gt;</a>&nbsp;&nbsp;&nbsp;__rt_ctype_table
</UL>
<BR>[Called By]<UL><LI><a href="#[89]">&gt;&gt;</a>&nbsp;&nbsp;&nbsp;App_Manager_Process
</UL>

<P><STRONG><a name="[b0]"></a>CLI_Receive_Char</STRONG> (Thumb, 112 bytes, Stack size 16 bytes, cli_driver.o(.text.CLI_Receive_Char))
<BR><BR>[Stack]<UL><LI>Max Depth = 136<LI>Call Chain = CLI_Receive_Char &rArr; CLI_Printf &rArr; USBD_CDC_ACM_Transmit &rArr; _ux_device_class_cdc_acm_write_run &rArr; _ux_device_stack_transfer_run &rArr; __aeabi_uidivmod
</UL>
<BR>[Calls]<UL><LI><a href="#[ab]">&gt;&gt;</a>&nbsp;&nbsp;&nbsp;CLI_Printf
<LI><a href="#[46]">&gt;&gt;</a>&nbsp;&nbsp;&nbsp;__rt_ctype_table
</UL>
<BR>[Called By]<UL><LI><a href="#[20]">&gt;&gt;</a>&nbsp;&nbsp;&nbsp;main
</UL>

<P><STRONG><a name="[b1]"></a>Carregar_Configuracao_Padrao</STRONG> (Thumb, 128 bytes, Stack size 24 bytes, gerenciador_configuracoes.o(.text.Carregar_Configuracao_Padrao))
<BR><BR>[Stack]<UL><LI>Max Depth = 32<LI>Call Chain = Carregar_Configuracao_Padrao &rArr; strncpy
</UL>
<BR>[Calls]<UL><LI><a href="#[b2]">&gt;&gt;</a>&nbsp;&nbsp;&nbsp;strncpy
<LI><a href="#[af]">&gt;&gt;</a>&nbsp;&nbsp;&nbsp;__aeabi_memclr4
<LI><a href="#[b3]">&gt;&gt;</a>&nbsp;&nbsp;&nbsp;__aeabi_memcpy
</UL>
<BR>[Called By]<UL><LI><a href="#[cb]">&gt;&gt;</a>&nbsp;&nbsp;&nbsp;Display_Preset
</UL>

<P><STRONG><a name="[27]"></a>Controller_DwinCallback</STRONG> (Thumb, 548 bytes, Stack size 8 bytes, controller.o(.text.Controller_DwinCallback))
<BR><BR>[Stack]<UL><LI>Max Depth = 11960<LI>Call Chain = Controller_DwinCallback &rArr; Display_ProcessPrintEvent &rArr; Relatorio_Printer &rArr; Assinatura &rArr; RTC_Driver_GetDate &rArr; HAL_RTC_GetDate
</UL>
<BR>[Calls]<UL><LI><a href="#[97]">&gt;&gt;</a>&nbsp;&nbsp;&nbsp;App_Manager_Run_Self_Diagnostics
<LI><a href="#[cb]">&gt;&gt;</a>&nbsp;&nbsp;&nbsp;Display_Preset
<LI><a href="#[ca]">&gt;&gt;</a>&nbsp;&nbsp;&nbsp;Display_ProcessPrintEvent
<LI><a href="#[c9]">&gt;&gt;</a>&nbsp;&nbsp;&nbsp;Display_ShowAbout
<LI><a href="#[99]">&gt;&gt;</a>&nbsp;&nbsp;&nbsp;App_Manager_Request_Sleep
<LI><a href="#[c8]">&gt;&gt;</a>&nbsp;&nbsp;&nbsp;Display_Adj_Capa
<LI><a href="#[c7]">&gt;&gt;</a>&nbsp;&nbsp;&nbsp;Display_SetRepeticoes
<LI><a href="#[c6]">&gt;&gt;</a>&nbsp;&nbsp;&nbsp;Graos_Limpar_Resultados_Pesquisa
<LI><a href="#[c4]">&gt;&gt;</a>&nbsp;&nbsp;&nbsp;Graos_Handle_Entrada_Tela
<LI><a href="#[c3]">&gt;&gt;</a>&nbsp;&nbsp;&nbsp;Display_SetCompany
<LI><a href="#[c2]">&gt;&gt;</a>&nbsp;&nbsp;&nbsp;App_Manager_Confirm_Wakeup
<LI><a href="#[c1]">&gt;&gt;</a>&nbsp;&nbsp;&nbsp;Display_ShowModel
<LI><a href="#[c0]">&gt;&gt;</a>&nbsp;&nbsp;&nbsp;RTC_Handle_Set_Time
<LI><a href="#[bf]">&gt;&gt;</a>&nbsp;&nbsp;&nbsp;Graos_Confirmar_Selecao_Pesquisa
<LI><a href="#[be]">&gt;&gt;</a>&nbsp;&nbsp;&nbsp;Display_SetPrintingEnabled
<LI><a href="#[bd]">&gt;&gt;</a>&nbsp;&nbsp;&nbsp;Graos_Handle_Page_Change
<LI><a href="#[bc]">&gt;&gt;</a>&nbsp;&nbsp;&nbsp;Display_SetUser
<LI><a href="#[bb]">&gt;&gt;</a>&nbsp;&nbsp;&nbsp;RTC_Handle_Set_Date_And_Time
<LI><a href="#[ba]">&gt;&gt;</a>&nbsp;&nbsp;&nbsp;Display_StartMeasurementSequence
<LI><a href="#[b9]">&gt;&gt;</a>&nbsp;&nbsp;&nbsp;Display_Set_Serial
<LI><a href="#[b8]">&gt;&gt;</a>&nbsp;&nbsp;&nbsp;Display_SetDecimals
<LI><a href="#[b7]">&gt;&gt;</a>&nbsp;&nbsp;&nbsp;Graos_Handle_Navegacao
<LI><a href="#[a2]">&gt;&gt;</a>&nbsp;&nbsp;&nbsp;Auth_ProcessLoginEvent
<LI><a href="#[b6]">&gt;&gt;</a>&nbsp;&nbsp;&nbsp;Graos_Handle_Pesquisa_Texto
<LI><a href="#[a7]">&gt;&gt;</a>&nbsp;&nbsp;&nbsp;Auth_ProcessSetPasswordEvent
<LI><a href="#[c5]">&gt;&gt;</a>&nbsp;&nbsp;&nbsp;Handle_Escape_Navigation
</UL>
<BR>[Address Reference Count : 1]<UL><LI> app_manager.o(.text.App_Manager_Process)
</UL>
<P><STRONG><a name="[d9]"></a>Controller_GetCurrentScreen</STRONG> (Thumb, 8 bytes, Stack size 0 bytes, controller.o(.text.Controller_GetCurrentScreen))
<BR><BR>[Called By]<UL><LI><a href="#[8f]">&gt;&gt;</a>&nbsp;&nbsp;&nbsp;DisplayHandler_Process
</UL>

<P><STRONG><a name="[f]"></a>DMA1_Channel1_IRQHandler</STRONG> (Thumb, 12 bytes, Stack size 8 bytes, stm32c0xx_it.o(.text.DMA1_Channel1_IRQHandler))
<BR><BR>[Stack]<UL><LI>Max Depth = 48<LI>Call Chain = DMA1_Channel1_IRQHandler &rArr; HAL_DMA_IRQHandler
</UL>
<BR>[Calls]<UL><LI><a href="#[cc]">&gt;&gt;</a>&nbsp;&nbsp;&nbsp;HAL_DMA_IRQHandler
</UL>
<BR>[Address Reference Count : 1]<UL><LI> startup_stm32c071xx.o(RESET)
</UL>
<P><STRONG><a name="[10]"></a>DMA1_Channel2_3_IRQHandler</STRONG> (Thumb, 12 bytes, Stack size 8 bytes, stm32c0xx_it.o(.text.DMA1_Channel2_3_IRQHandler))
<BR><BR>[Stack]<UL><LI>Max Depth = 48<LI>Call Chain = DMA1_Channel2_3_IRQHandler &rArr; HAL_DMA_IRQHandler
</UL>
<BR>[Calls]<UL><LI><a href="#[cc]">&gt;&gt;</a>&nbsp;&nbsp;&nbsp;HAL_DMA_IRQHandler
</UL>
<BR>[Address Reference Count : 1]<UL><LI> startup_stm32c071xx.o(RESET)
</UL>
<P><STRONG><a name="[cd]"></a>DWIN_Driver_HandleError</STRONG> (Thumb, 24 bytes, Stack size 8 bytes, dwin_driver.o(.text.DWIN_Driver_HandleError))
<BR><BR>[Stack]<UL><LI>Max Depth = 8<LI>Call Chain = DWIN_Driver_HandleError
</UL>
<BR>[Calls]<UL><LI><a href="#[72]">&gt;&gt;</a>&nbsp;&nbsp;&nbsp;HAL_GetTick
</UL>
<BR>[Called By]<UL><LI><a href="#[162]">&gt;&gt;</a>&nbsp;&nbsp;&nbsp;HAL_UART_ErrorCallback
</UL>

<P><STRONG><a name="[ce]"></a>DWIN_Driver_HandleRxEvent</STRONG> (Thumb, 32 bytes, Stack size 8 bytes, dwin_driver.o(.text.DWIN_Driver_HandleRxEvent))
<BR><BR>[Stack]<UL><LI>Max Depth = 8<LI>Call Chain = DWIN_Driver_HandleRxEvent
</UL>
<BR>[Calls]<UL><LI><a href="#[72]">&gt;&gt;</a>&nbsp;&nbsp;&nbsp;HAL_GetTick
</UL>
<BR>[Called By]<UL><LI><a href="#[15d]">&gt;&gt;</a>&nbsp;&nbsp;&nbsp;HAL_UARTEx_RxEventCallback
</UL>

<P><STRONG><a name="[16f]"></a>DWIN_Driver_HandleTxCplt</STRONG> (Thumb, 8 bytes, Stack size 0 bytes, dwin_driver.o(.text.DWIN_Driver_HandleTxCplt))
<BR><BR>[Called By]<UL><LI><a href="#[166]">&gt;&gt;</a>&nbsp;&nbsp;&nbsp;HAL_UART_TxCpltCallback
</UL>

<P><STRONG><a name="[7e]"></a>DWIN_Driver_Init</STRONG> (Thumb, 100 bytes, Stack size 24 bytes, dwin_driver.o(.text.DWIN_Driver_Init))
<BR><BR>[Stack]<UL><LI>Max Depth = 96<LI>Call Chain = DWIN_Driver_Init &rArr; HAL_UARTEx_ReceiveToIdle_DMA &rArr; UART_Start_Receive_DMA &rArr; HAL_DMA_Start_IT
</UL>
<BR>[Calls]<UL><LI><a href="#[d1]">&gt;&gt;</a>&nbsp;&nbsp;&nbsp;Error_Handler
<LI><a href="#[cf]">&gt;&gt;</a>&nbsp;&nbsp;&nbsp;HAL_UARTEx_ReceiveToIdle_DMA
<LI><a href="#[d0]">&gt;&gt;</a>&nbsp;&nbsp;&nbsp;HAL_UART_AbortReceive_IT
<LI><a href="#[af]">&gt;&gt;</a>&nbsp;&nbsp;&nbsp;__aeabi_memclr4
</UL>
<BR>[Called By]<UL><LI><a href="#[89]">&gt;&gt;</a>&nbsp;&nbsp;&nbsp;App_Manager_Process
<LI><a href="#[7c]">&gt;&gt;</a>&nbsp;&nbsp;&nbsp;App_Manager_Init
</UL>

<P><STRONG><a name="[91]"></a>DWIN_Driver_IsTxBusy</STRONG> (Thumb, 24 bytes, Stack size 0 bytes, dwin_driver.o(.text.DWIN_Driver_IsTxBusy))
<BR><BR>[Called By]<UL><LI><a href="#[89]">&gt;&gt;</a>&nbsp;&nbsp;&nbsp;App_Manager_Process
<LI><a href="#[fa]">&gt;&gt;</a>&nbsp;&nbsp;&nbsp;Graos_Exibir_Resultados_Pesquisa
<LI><a href="#[f8]">&gt;&gt;</a>&nbsp;&nbsp;&nbsp;Graos_Executar_Pesquisa
<LI><a href="#[8f]">&gt;&gt;</a>&nbsp;&nbsp;&nbsp;DisplayHandler_Process
<LI><a href="#[9b]">&gt;&gt;</a>&nbsp;&nbsp;&nbsp;Test_DisplayInfo
<LI><a href="#[bd]">&gt;&gt;</a>&nbsp;&nbsp;&nbsp;Graos_Handle_Page_Change
</UL>

<P><STRONG><a name="[8c]"></a>DWIN_Driver_Process</STRONG> (Thumb, 372 bytes, Stack size 88 bytes, dwin_driver.o(.text.DWIN_Driver_Process))
<BR><BR>[Stack]<UL><LI>Max Depth = 200<LI>Call Chain = DWIN_Driver_Process &rArr; puts &rArr; fputc &rArr; USBD_CDC_ACM_Transmit &rArr; _ux_device_class_cdc_acm_write_run &rArr; _ux_device_stack_transfer_run &rArr; __aeabi_uidivmod
</UL>
<BR>[Calls]<UL><LI><a href="#[72]">&gt;&gt;</a>&nbsp;&nbsp;&nbsp;HAL_GetTick
<LI><a href="#[d1]">&gt;&gt;</a>&nbsp;&nbsp;&nbsp;Error_Handler
<LI><a href="#[cf]">&gt;&gt;</a>&nbsp;&nbsp;&nbsp;HAL_UARTEx_ReceiveToIdle_DMA
<LI><a href="#[d0]">&gt;&gt;</a>&nbsp;&nbsp;&nbsp;HAL_UART_AbortReceive_IT
<LI><a href="#[d2]">&gt;&gt;</a>&nbsp;&nbsp;&nbsp;__aeabi_memcpy4
<LI><a href="#[95]">&gt;&gt;</a>&nbsp;&nbsp;&nbsp;puts
<LI><a href="#[9a]">&gt;&gt;</a>&nbsp;&nbsp;&nbsp;__2printf
</UL>
<BR>[Called By]<UL><LI><a href="#[89]">&gt;&gt;</a>&nbsp;&nbsp;&nbsp;App_Manager_Process
</UL>

<P><STRONG><a name="[96]"></a>DWIN_Driver_SetScreen</STRONG> (Thumb, 224 bytes, Stack size 24 bytes, dwin_driver.o(.text.DWIN_Driver_SetScreen))
<BR><BR>[Stack]<UL><LI>Max Depth = 24<LI>Call Chain = DWIN_Driver_SetScreen
</UL>
<BR>[Calls]<UL><LI><a href="#[d3]">&gt;&gt;</a>&nbsp;&nbsp;&nbsp;HAL_NVIC_DisableIRQ
<LI><a href="#[d4]">&gt;&gt;</a>&nbsp;&nbsp;&nbsp;HAL_NVIC_EnableIRQ
</UL>
<BR>[Called By]<UL><LI><a href="#[89]">&gt;&gt;</a>&nbsp;&nbsp;&nbsp;App_Manager_Process
<LI><a href="#[97]">&gt;&gt;</a>&nbsp;&nbsp;&nbsp;App_Manager_Run_Self_Diagnostics
<LI><a href="#[3d]">&gt;&gt;</a>&nbsp;&nbsp;&nbsp;Handle_Dwin_PIC
<LI><a href="#[fa]">&gt;&gt;</a>&nbsp;&nbsp;&nbsp;Graos_Exibir_Resultados_Pesquisa
<LI><a href="#[f8]">&gt;&gt;</a>&nbsp;&nbsp;&nbsp;Graos_Executar_Pesquisa
<LI><a href="#[8f]">&gt;&gt;</a>&nbsp;&nbsp;&nbsp;DisplayHandler_Process
<LI><a href="#[cb]">&gt;&gt;</a>&nbsp;&nbsp;&nbsp;Display_Preset
<LI><a href="#[ca]">&gt;&gt;</a>&nbsp;&nbsp;&nbsp;Display_ProcessPrintEvent
<LI><a href="#[c9]">&gt;&gt;</a>&nbsp;&nbsp;&nbsp;Display_ShowAbout
<LI><a href="#[c8]">&gt;&gt;</a>&nbsp;&nbsp;&nbsp;Display_Adj_Capa
<LI><a href="#[c7]">&gt;&gt;</a>&nbsp;&nbsp;&nbsp;Display_SetRepeticoes
<LI><a href="#[c4]">&gt;&gt;</a>&nbsp;&nbsp;&nbsp;Graos_Handle_Entrada_Tela
<LI><a href="#[c3]">&gt;&gt;</a>&nbsp;&nbsp;&nbsp;Display_SetCompany
<LI><a href="#[c1]">&gt;&gt;</a>&nbsp;&nbsp;&nbsp;Display_ShowModel
<LI><a href="#[bf]">&gt;&gt;</a>&nbsp;&nbsp;&nbsp;Graos_Confirmar_Selecao_Pesquisa
<LI><a href="#[bc]">&gt;&gt;</a>&nbsp;&nbsp;&nbsp;Display_SetUser
<LI><a href="#[ba]">&gt;&gt;</a>&nbsp;&nbsp;&nbsp;Display_StartMeasurementSequence
<LI><a href="#[b9]">&gt;&gt;</a>&nbsp;&nbsp;&nbsp;Display_Set_Serial
<LI><a href="#[b8]">&gt;&gt;</a>&nbsp;&nbsp;&nbsp;Display_SetDecimals
<LI><a href="#[b7]">&gt;&gt;</a>&nbsp;&nbsp;&nbsp;Graos_Handle_Navegacao
<LI><a href="#[a2]">&gt;&gt;</a>&nbsp;&nbsp;&nbsp;Auth_ProcessLoginEvent
<LI><a href="#[a7]">&gt;&gt;</a>&nbsp;&nbsp;&nbsp;Auth_ProcessSetPasswordEvent
<LI><a href="#[c5]">&gt;&gt;</a>&nbsp;&nbsp;&nbsp;Handle_Escape_Navigation
</UL>

<P><STRONG><a name="[98]"></a>DWIN_Driver_WriteInt</STRONG> (Thumb, 204 bytes, Stack size 24 bytes, dwin_driver.o(.text.DWIN_Driver_WriteInt))
<BR><BR>[Stack]<UL><LI>Max Depth = 24<LI>Call Chain = DWIN_Driver_WriteInt
</UL>
<BR>[Calls]<UL><LI><a href="#[d3]">&gt;&gt;</a>&nbsp;&nbsp;&nbsp;HAL_NVIC_DisableIRQ
<LI><a href="#[d4]">&gt;&gt;</a>&nbsp;&nbsp;&nbsp;HAL_NVIC_EnableIRQ
</UL>
<BR>[Called By]<UL><LI><a href="#[89]">&gt;&gt;</a>&nbsp;&nbsp;&nbsp;App_Manager_Process
<LI><a href="#[3e]">&gt;&gt;</a>&nbsp;&nbsp;&nbsp;Handle_Dwin_INT
<LI><a href="#[8f]">&gt;&gt;</a>&nbsp;&nbsp;&nbsp;DisplayHandler_Process
<LI><a href="#[ca]">&gt;&gt;</a>&nbsp;&nbsp;&nbsp;Display_ProcessPrintEvent
</UL>

<P><STRONG><a name="[d5]"></a>DWIN_Driver_WriteInt32</STRONG> (Thumb, 240 bytes, Stack size 32 bytes, dwin_driver.o(.text.DWIN_Driver_WriteInt32))
<BR><BR>[Stack]<UL><LI>Max Depth = 32<LI>Call Chain = DWIN_Driver_WriteInt32
</UL>
<BR>[Calls]<UL><LI><a href="#[d3]">&gt;&gt;</a>&nbsp;&nbsp;&nbsp;HAL_NVIC_DisableIRQ
<LI><a href="#[d4]">&gt;&gt;</a>&nbsp;&nbsp;&nbsp;HAL_NVIC_EnableIRQ
</UL>
<BR>[Called By]<UL><LI><a href="#[3f]">&gt;&gt;</a>&nbsp;&nbsp;&nbsp;Handle_Dwin_INT32
<LI><a href="#[8f]">&gt;&gt;</a>&nbsp;&nbsp;&nbsp;DisplayHandler_Process
</UL>

<P><STRONG><a name="[d6]"></a>DWIN_Driver_WriteRawBytes</STRONG> (Thumb, 260 bytes, Stack size 32 bytes, dwin_driver.o(.text.DWIN_Driver_WriteRawBytes))
<BR><BR>[Stack]<UL><LI>Max Depth = 32<LI>Call Chain = DWIN_Driver_WriteRawBytes
</UL>
<BR>[Calls]<UL><LI><a href="#[d3]">&gt;&gt;</a>&nbsp;&nbsp;&nbsp;HAL_NVIC_DisableIRQ
<LI><a href="#[d4]">&gt;&gt;</a>&nbsp;&nbsp;&nbsp;HAL_NVIC_EnableIRQ
</UL>
<BR>[Called By]<UL><LI><a href="#[40]">&gt;&gt;</a>&nbsp;&nbsp;&nbsp;Handle_Dwin_RAW
</UL>

<P><STRONG><a name="[d7]"></a>DWIN_Driver_WriteString</STRONG> (Thumb, 344 bytes, Stack size 88 bytes, dwin_driver.o(.text.DWIN_Driver_WriteString))
<BR><BR>[Stack]<UL><LI>Max Depth = 88<LI>Call Chain = DWIN_Driver_WriteString
</UL>
<BR>[Calls]<UL><LI><a href="#[d3]">&gt;&gt;</a>&nbsp;&nbsp;&nbsp;HAL_NVIC_DisableIRQ
<LI><a href="#[d4]">&gt;&gt;</a>&nbsp;&nbsp;&nbsp;HAL_NVIC_EnableIRQ
<LI><a href="#[a8]">&gt;&gt;</a>&nbsp;&nbsp;&nbsp;strlen
<LI><a href="#[b3]">&gt;&gt;</a>&nbsp;&nbsp;&nbsp;__aeabi_memcpy
</UL>
<BR>[Called By]<UL><LI><a href="#[fa]">&gt;&gt;</a>&nbsp;&nbsp;&nbsp;Graos_Exibir_Resultados_Pesquisa
<LI><a href="#[f8]">&gt;&gt;</a>&nbsp;&nbsp;&nbsp;Graos_Executar_Pesquisa
<LI><a href="#[f7]">&gt;&gt;</a>&nbsp;&nbsp;&nbsp;atualizar_display_grao_selecionado
<LI><a href="#[8f]">&gt;&gt;</a>&nbsp;&nbsp;&nbsp;DisplayHandler_Process
<LI><a href="#[9b]">&gt;&gt;</a>&nbsp;&nbsp;&nbsp;Test_DisplayInfo
<LI><a href="#[cb]">&gt;&gt;</a>&nbsp;&nbsp;&nbsp;Display_Preset
<LI><a href="#[ca]">&gt;&gt;</a>&nbsp;&nbsp;&nbsp;Display_ProcessPrintEvent
<LI><a href="#[c9]">&gt;&gt;</a>&nbsp;&nbsp;&nbsp;Display_ShowAbout
<LI><a href="#[c8]">&gt;&gt;</a>&nbsp;&nbsp;&nbsp;Display_Adj_Capa
<LI><a href="#[c7]">&gt;&gt;</a>&nbsp;&nbsp;&nbsp;Display_SetRepeticoes
<LI><a href="#[c6]">&gt;&gt;</a>&nbsp;&nbsp;&nbsp;Graos_Limpar_Resultados_Pesquisa
<LI><a href="#[c3]">&gt;&gt;</a>&nbsp;&nbsp;&nbsp;Display_SetCompany
<LI><a href="#[c1]">&gt;&gt;</a>&nbsp;&nbsp;&nbsp;Display_ShowModel
<LI><a href="#[c0]">&gt;&gt;</a>&nbsp;&nbsp;&nbsp;RTC_Handle_Set_Time
<LI><a href="#[bf]">&gt;&gt;</a>&nbsp;&nbsp;&nbsp;Graos_Confirmar_Selecao_Pesquisa
<LI><a href="#[bd]">&gt;&gt;</a>&nbsp;&nbsp;&nbsp;Graos_Handle_Page_Change
<LI><a href="#[bc]">&gt;&gt;</a>&nbsp;&nbsp;&nbsp;Display_SetUser
<LI><a href="#[bb]">&gt;&gt;</a>&nbsp;&nbsp;&nbsp;RTC_Handle_Set_Date_And_Time
<LI><a href="#[b9]">&gt;&gt;</a>&nbsp;&nbsp;&nbsp;Display_Set_Serial
<LI><a href="#[b8]">&gt;&gt;</a>&nbsp;&nbsp;&nbsp;Display_SetDecimals
<LI><a href="#[b7]">&gt;&gt;</a>&nbsp;&nbsp;&nbsp;Graos_Handle_Navegacao
</UL>

<P><STRONG><a name="[a3]"></a>DWIN_Parse_String_Payload_Robust</STRONG> (Thumb, 188 bytes, Stack size 32 bytes, dwin_parser.o(.text.DWIN_Parse_String_Payload_Robust))
<BR><BR>[Stack]<UL><LI>Max Depth = 32<LI>Call Chain = DWIN_Parse_String_Payload_Robust
</UL>
<BR>[Calls]<UL><LI><a href="#[47]">&gt;&gt;</a>&nbsp;&nbsp;&nbsp;__aeabi_memclr
</UL>
<BR>[Called By]<UL><LI><a href="#[c3]">&gt;&gt;</a>&nbsp;&nbsp;&nbsp;Display_SetCompany
<LI><a href="#[c0]">&gt;&gt;</a>&nbsp;&nbsp;&nbsp;RTC_Handle_Set_Time
<LI><a href="#[bc]">&gt;&gt;</a>&nbsp;&nbsp;&nbsp;Display_SetUser
<LI><a href="#[bb]">&gt;&gt;</a>&nbsp;&nbsp;&nbsp;RTC_Handle_Set_Date_And_Time
<LI><a href="#[b9]">&gt;&gt;</a>&nbsp;&nbsp;&nbsp;Display_Set_Serial
<LI><a href="#[a2]">&gt;&gt;</a>&nbsp;&nbsp;&nbsp;Auth_ProcessLoginEvent
<LI><a href="#[b6]">&gt;&gt;</a>&nbsp;&nbsp;&nbsp;Graos_Handle_Pesquisa_Texto
<LI><a href="#[a7]">&gt;&gt;</a>&nbsp;&nbsp;&nbsp;Auth_ProcessSetPasswordEvent
</UL>

<P><STRONG><a name="[8a]"></a>DWIN_TX_Pump</STRONG> (Thumb, 136 bytes, Stack size 16 bytes, dwin_driver.o(.text.DWIN_TX_Pump))
<BR><BR>[Stack]<UL><LI>Max Depth = 72<LI>Call Chain = DWIN_TX_Pump &rArr; HAL_UART_Transmit_DMA &rArr; HAL_DMA_Start_IT
</UL>
<BR>[Calls]<UL><LI><a href="#[d3]">&gt;&gt;</a>&nbsp;&nbsp;&nbsp;HAL_NVIC_DisableIRQ
<LI><a href="#[d4]">&gt;&gt;</a>&nbsp;&nbsp;&nbsp;HAL_NVIC_EnableIRQ
<LI><a href="#[d8]">&gt;&gt;</a>&nbsp;&nbsp;&nbsp;HAL_UART_Transmit_DMA
</UL>
<BR>[Called By]<UL><LI><a href="#[89]">&gt;&gt;</a>&nbsp;&nbsp;&nbsp;App_Manager_Process
<LI><a href="#[97]">&gt;&gt;</a>&nbsp;&nbsp;&nbsp;App_Manager_Run_Self_Diagnostics
<LI><a href="#[fa]">&gt;&gt;</a>&nbsp;&nbsp;&nbsp;Graos_Exibir_Resultados_Pesquisa
<LI><a href="#[f8]">&gt;&gt;</a>&nbsp;&nbsp;&nbsp;Graos_Executar_Pesquisa
<LI><a href="#[9b]">&gt;&gt;</a>&nbsp;&nbsp;&nbsp;Test_DisplayInfo
<LI><a href="#[bd]">&gt;&gt;</a>&nbsp;&nbsp;&nbsp;Graos_Handle_Page_Change
</UL>

<P><STRONG><a name="[83]"></a>DisplayHandler_Init</STRONG> (Thumb, 16 bytes, Stack size 0 bytes, display_handler.o(.text.DisplayHandler_Init))
<BR><BR>[Called By]<UL><LI><a href="#[7c]">&gt;&gt;</a>&nbsp;&nbsp;&nbsp;App_Manager_Init
</UL>

<P><STRONG><a name="[8f]"></a>DisplayHandler_Process</STRONG> (Thumb, 428 bytes, Stack size 88 bytes, display_handler.o(.text.DisplayHandler_Process))
<BR><BR>[Stack]<UL><LI>Max Depth = 12040<LI>Call Chain = DisplayHandler_Process &rArr; Display_ProcessPrintEvent &rArr; Relatorio_Printer &rArr; Assinatura &rArr; RTC_Driver_GetDate &rArr; HAL_RTC_GetDate
</UL>
<BR>[Calls]<UL><LI><a href="#[72]">&gt;&gt;</a>&nbsp;&nbsp;&nbsp;HAL_GetTick
<LI><a href="#[d7]">&gt;&gt;</a>&nbsp;&nbsp;&nbsp;DWIN_Driver_WriteString
<LI><a href="#[91]">&gt;&gt;</a>&nbsp;&nbsp;&nbsp;DWIN_Driver_IsTxBusy
<LI><a href="#[d5]">&gt;&gt;</a>&nbsp;&nbsp;&nbsp;DWIN_Driver_WriteInt32
<LI><a href="#[98]">&gt;&gt;</a>&nbsp;&nbsp;&nbsp;DWIN_Driver_WriteInt
<LI><a href="#[96]">&gt;&gt;</a>&nbsp;&nbsp;&nbsp;DWIN_Driver_SetScreen
<LI><a href="#[a1]">&gt;&gt;</a>&nbsp;&nbsp;&nbsp;RTC_Driver_GetDate
<LI><a href="#[a0]">&gt;&gt;</a>&nbsp;&nbsp;&nbsp;RTC_Driver_GetTime
<LI><a href="#[95]">&gt;&gt;</a>&nbsp;&nbsp;&nbsp;puts
<LI><a href="#[da]">&gt;&gt;</a>&nbsp;&nbsp;&nbsp;Medicao_Get_UltimaMedicao
<LI><a href="#[9d]">&gt;&gt;</a>&nbsp;&nbsp;&nbsp;Medicao_Set_Temp_Instru
<LI><a href="#[ca]">&gt;&gt;</a>&nbsp;&nbsp;&nbsp;Display_ProcessPrintEvent
<LI><a href="#[d9]">&gt;&gt;</a>&nbsp;&nbsp;&nbsp;Controller_GetCurrentScreen
<LI><a href="#[9c]">&gt;&gt;</a>&nbsp;&nbsp;&nbsp;TempSensor_GetTemperature
<LI><a href="#[db]">&gt;&gt;</a>&nbsp;&nbsp;&nbsp;__aeabi_f2iz
<LI><a href="#[74]">&gt;&gt;</a>&nbsp;&nbsp;&nbsp;__aeabi_fmul
<LI><a href="#[dc]">&gt;&gt;</a>&nbsp;&nbsp;&nbsp;__2sprintf
</UL>
<BR>[Called By]<UL><LI><a href="#[89]">&gt;&gt;</a>&nbsp;&nbsp;&nbsp;App_Manager_Process
</UL>

<P><STRONG><a name="[c8]"></a>Display_Adj_Capa</STRONG> (Thumb, 20 bytes, Stack size 8 bytes, display_handler.o(.text.Display_Adj_Capa))
<BR><BR>[Stack]<UL><LI>Max Depth = 96<LI>Call Chain = Display_Adj_Capa &rArr; DWIN_Driver_WriteString
</UL>
<BR>[Calls]<UL><LI><a href="#[d7]">&gt;&gt;</a>&nbsp;&nbsp;&nbsp;DWIN_Driver_WriteString
<LI><a href="#[96]">&gt;&gt;</a>&nbsp;&nbsp;&nbsp;DWIN_Driver_SetScreen
</UL>
<BR>[Called By]<UL><LI><a href="#[27]">&gt;&gt;</a>&nbsp;&nbsp;&nbsp;Controller_DwinCallback
</UL>

<P><STRONG><a name="[cb]"></a>Display_Preset</STRONG> (Thumb, 44 bytes, Stack size 8 bytes, display_handler.o(.text.Display_Preset))
<BR><BR>[Stack]<UL><LI>Max Depth = 96<LI>Call Chain = Display_Preset &rArr; DWIN_Driver_WriteString
</UL>
<BR>[Calls]<UL><LI><a href="#[d7]">&gt;&gt;</a>&nbsp;&nbsp;&nbsp;DWIN_Driver_WriteString
<LI><a href="#[96]">&gt;&gt;</a>&nbsp;&nbsp;&nbsp;DWIN_Driver_SetScreen
<LI><a href="#[b1]">&gt;&gt;</a>&nbsp;&nbsp;&nbsp;Carregar_Configuracao_Padrao
</UL>
<BR>[Called By]<UL><LI><a href="#[27]">&gt;&gt;</a>&nbsp;&nbsp;&nbsp;Controller_DwinCallback
</UL>

<P><STRONG><a name="[ca]"></a>Display_ProcessPrintEvent</STRONG> (Thumb, 164 bytes, Stack size 88 bytes, display_handler.o(.text.Display_ProcessPrintEvent))
<BR><BR>[Stack]<UL><LI>Max Depth = 11952<LI>Call Chain = Display_ProcessPrintEvent &rArr; Relatorio_Printer &rArr; Assinatura &rArr; RTC_Driver_GetDate &rArr; HAL_RTC_GetDate
</UL>
<BR>[Calls]<UL><LI><a href="#[d7]">&gt;&gt;</a>&nbsp;&nbsp;&nbsp;DWIN_Driver_WriteString
<LI><a href="#[98]">&gt;&gt;</a>&nbsp;&nbsp;&nbsp;DWIN_Driver_WriteInt
<LI><a href="#[96]">&gt;&gt;</a>&nbsp;&nbsp;&nbsp;DWIN_Driver_SetScreen
<LI><a href="#[da]">&gt;&gt;</a>&nbsp;&nbsp;&nbsp;Medicao_Get_UltimaMedicao
<LI><a href="#[dd]">&gt;&gt;</a>&nbsp;&nbsp;&nbsp;Relatorio_Printer
<LI><a href="#[e0]">&gt;&gt;</a>&nbsp;&nbsp;&nbsp;Gerenciador_Config_Get_NR_Decimals
<LI><a href="#[de]">&gt;&gt;</a>&nbsp;&nbsp;&nbsp;Gerenciador_Config_Get_Grao_Ativo
<LI><a href="#[df]">&gt;&gt;</a>&nbsp;&nbsp;&nbsp;Gerenciador_Config_Get_Dados_Grao
<LI><a href="#[db]">&gt;&gt;</a>&nbsp;&nbsp;&nbsp;__aeabi_f2iz
<LI><a href="#[74]">&gt;&gt;</a>&nbsp;&nbsp;&nbsp;__aeabi_fmul
</UL>
<BR>[Called By]<UL><LI><a href="#[8f]">&gt;&gt;</a>&nbsp;&nbsp;&nbsp;DisplayHandler_Process
<LI><a href="#[27]">&gt;&gt;</a>&nbsp;&nbsp;&nbsp;Controller_DwinCallback
</UL>

<P><STRONG><a name="[c3]"></a>Display_SetCompany</STRONG> (Thumb, 152 bytes, Stack size 96 bytes, display_handler.o(.text.Display_SetCompany))
<BR><BR>[Stack]<UL><LI>Max Depth = 184<LI>Call Chain = Display_SetCompany &rArr; DWIN_Driver_WriteString
</UL>
<BR>[Calls]<UL><LI><a href="#[d7]">&gt;&gt;</a>&nbsp;&nbsp;&nbsp;DWIN_Driver_WriteString
<LI><a href="#[96]">&gt;&gt;</a>&nbsp;&nbsp;&nbsp;DWIN_Driver_SetScreen
<LI><a href="#[a8]">&gt;&gt;</a>&nbsp;&nbsp;&nbsp;strlen
<LI><a href="#[a3]">&gt;&gt;</a>&nbsp;&nbsp;&nbsp;DWIN_Parse_String_Payload_Robust
<LI><a href="#[e1]">&gt;&gt;</a>&nbsp;&nbsp;&nbsp;Gerenciador_Config_Get_Company
<LI><a href="#[e2]">&gt;&gt;</a>&nbsp;&nbsp;&nbsp;Gerenciador_Config_Set_Company
<LI><a href="#[dc]">&gt;&gt;</a>&nbsp;&nbsp;&nbsp;__2sprintf
</UL>
<BR>[Called By]<UL><LI><a href="#[27]">&gt;&gt;</a>&nbsp;&nbsp;&nbsp;Controller_DwinCallback
</UL>

<P><STRONG><a name="[b8]"></a>Display_SetDecimals</STRONG> (Thumb, 92 bytes, Stack size 56 bytes, display_handler.o(.text.Display_SetDecimals))
<BR><BR>[Stack]<UL><LI>Max Depth = 144<LI>Call Chain = Display_SetDecimals &rArr; DWIN_Driver_WriteString
</UL>
<BR>[Calls]<UL><LI><a href="#[d7]">&gt;&gt;</a>&nbsp;&nbsp;&nbsp;DWIN_Driver_WriteString
<LI><a href="#[96]">&gt;&gt;</a>&nbsp;&nbsp;&nbsp;DWIN_Driver_SetScreen
<LI><a href="#[a8]">&gt;&gt;</a>&nbsp;&nbsp;&nbsp;strlen
<LI><a href="#[e0]">&gt;&gt;</a>&nbsp;&nbsp;&nbsp;Gerenciador_Config_Get_NR_Decimals
<LI><a href="#[e3]">&gt;&gt;</a>&nbsp;&nbsp;&nbsp;Gerenciador_Config_Set_NR_Decimals
<LI><a href="#[dc]">&gt;&gt;</a>&nbsp;&nbsp;&nbsp;__2sprintf
</UL>
<BR>[Called By]<UL><LI><a href="#[27]">&gt;&gt;</a>&nbsp;&nbsp;&nbsp;Controller_DwinCallback
</UL>

<P><STRONG><a name="[be]"></a>Display_SetPrintingEnabled</STRONG> (Thumb, 32 bytes, Stack size 8 bytes, display_handler.o(.text.Display_SetPrintingEnabled))
<BR><BR>[Stack]<UL><LI>Max Depth = 32<LI>Call Chain = Display_SetPrintingEnabled &rArr; __2printf
</UL>
<BR>[Calls]<UL><LI><a href="#[9a]">&gt;&gt;</a>&nbsp;&nbsp;&nbsp;__2printf
</UL>
<BR>[Called By]<UL><LI><a href="#[27]">&gt;&gt;</a>&nbsp;&nbsp;&nbsp;Controller_DwinCallback
</UL>

<P><STRONG><a name="[c7]"></a>Display_SetRepeticoes</STRONG> (Thumb, 92 bytes, Stack size 56 bytes, display_handler.o(.text.Display_SetRepeticoes))
<BR><BR>[Stack]<UL><LI>Max Depth = 144<LI>Call Chain = Display_SetRepeticoes &rArr; DWIN_Driver_WriteString
</UL>
<BR>[Calls]<UL><LI><a href="#[d7]">&gt;&gt;</a>&nbsp;&nbsp;&nbsp;DWIN_Driver_WriteString
<LI><a href="#[96]">&gt;&gt;</a>&nbsp;&nbsp;&nbsp;DWIN_Driver_SetScreen
<LI><a href="#[a8]">&gt;&gt;</a>&nbsp;&nbsp;&nbsp;strlen
<LI><a href="#[e4]">&gt;&gt;</a>&nbsp;&nbsp;&nbsp;Gerenciador_Config_Get_NR_Repetition
<LI><a href="#[e5]">&gt;&gt;</a>&nbsp;&nbsp;&nbsp;Gerenciador_Config_Set_NR_Repetitions
<LI><a href="#[dc]">&gt;&gt;</a>&nbsp;&nbsp;&nbsp;__2sprintf
</UL>
<BR>[Called By]<UL><LI><a href="#[27]">&gt;&gt;</a>&nbsp;&nbsp;&nbsp;Controller_DwinCallback
</UL>

<P><STRONG><a name="[bc]"></a>Display_SetUser</STRONG> (Thumb, 152 bytes, Stack size 96 bytes, display_handler.o(.text.Display_SetUser))
<BR><BR>[Stack]<UL><LI>Max Depth = 184<LI>Call Chain = Display_SetUser &rArr; DWIN_Driver_WriteString
</UL>
<BR>[Calls]<UL><LI><a href="#[d7]">&gt;&gt;</a>&nbsp;&nbsp;&nbsp;DWIN_Driver_WriteString
<LI><a href="#[96]">&gt;&gt;</a>&nbsp;&nbsp;&nbsp;DWIN_Driver_SetScreen
<LI><a href="#[a8]">&gt;&gt;</a>&nbsp;&nbsp;&nbsp;strlen
<LI><a href="#[a3]">&gt;&gt;</a>&nbsp;&nbsp;&nbsp;DWIN_Parse_String_Payload_Robust
<LI><a href="#[e6]">&gt;&gt;</a>&nbsp;&nbsp;&nbsp;Gerenciador_Config_Get_Usuario
<LI><a href="#[e7]">&gt;&gt;</a>&nbsp;&nbsp;&nbsp;Gerenciador_Config_Set_Usuario
<LI><a href="#[dc]">&gt;&gt;</a>&nbsp;&nbsp;&nbsp;__2sprintf
</UL>
<BR>[Called By]<UL><LI><a href="#[27]">&gt;&gt;</a>&nbsp;&nbsp;&nbsp;Controller_DwinCallback
</UL>

<P><STRONG><a name="[b9]"></a>Display_Set_Serial</STRONG> (Thumb, 136 bytes, Stack size 88 bytes, display_handler.o(.text.Display_Set_Serial))
<BR><BR>[Stack]<UL><LI>Max Depth = 176<LI>Call Chain = Display_Set_Serial &rArr; DWIN_Driver_WriteString
</UL>
<BR>[Calls]<UL><LI><a href="#[d7]">&gt;&gt;</a>&nbsp;&nbsp;&nbsp;DWIN_Driver_WriteString
<LI><a href="#[96]">&gt;&gt;</a>&nbsp;&nbsp;&nbsp;DWIN_Driver_SetScreen
<LI><a href="#[a9]">&gt;&gt;</a>&nbsp;&nbsp;&nbsp;strcpy
<LI><a href="#[a8]">&gt;&gt;</a>&nbsp;&nbsp;&nbsp;strlen
<LI><a href="#[af]">&gt;&gt;</a>&nbsp;&nbsp;&nbsp;__aeabi_memclr4
<LI><a href="#[a3]">&gt;&gt;</a>&nbsp;&nbsp;&nbsp;DWIN_Parse_String_Payload_Robust
<LI><a href="#[e9]">&gt;&gt;</a>&nbsp;&nbsp;&nbsp;Gerenciador_Config_Get_Serial
[...]
<LI><a href="#[8c]">&gt;&gt;</a>&nbsp;&nbsp;&nbsp;DWIN_Driver_Process
<LI><a href="#[8f]">&gt;&gt;</a>&nbsp;&nbsp;&nbsp;DisplayHandler_Process
<LI><a href="#[c4]">&gt;&gt;</a>&nbsp;&nbsp;&nbsp;Graos_Handle_Entrada_Tela
<LI><a href="#[c0]">&gt;&gt;</a>&nbsp;&nbsp;&nbsp;RTC_Handle_Set_Time
<LI><a href="#[bf]">&gt;&gt;</a>&nbsp;&nbsp;&nbsp;Graos_Confirmar_Selecao_Pesquisa
<LI><a href="#[bb]">&gt;&gt;</a>&nbsp;&nbsp;&nbsp;RTC_Handle_Set_Date_And_Time
<LI><a href="#[ba]">&gt;&gt;</a>&nbsp;&nbsp;&nbsp;Display_StartMeasurementSequence
<LI><a href="#[b7]">&gt;&gt;</a>&nbsp;&nbsp;&nbsp;Graos_Handle_Navegacao
<LI><a href="#[a2]">&gt;&gt;</a>&nbsp;&nbsp;&nbsp;Auth_ProcessLoginEvent
<LI><a href="#[b6]">&gt;&gt;</a>&nbsp;&nbsp;&nbsp;Graos_Handle_Pesquisa_Texto
<LI><a href="#[a7]">&gt;&gt;</a>&nbsp;&nbsp;&nbsp;Auth_ProcessSetPasswordEvent
<LI><a href="#[c5]">&gt;&gt;</a>&nbsp;&nbsp;&nbsp;Handle_Escape_Navigation
</UL>
<P>
<H3>
Local Symbols
</H3>
<P><STRONG><a name="[1a3]"></a>USBD_Device_Framework_Builder</STRONG> (Thumb, 1028 bytes, Stack size 124 bytes, ux_device_descriptors.o(.text.USBD_Device_Framework_Builder))
<BR><BR>[Stack]<UL><LI>Max Depth = 124<LI>Call Chain = USBD_Device_Framework_Builder
</UL>
<BR>[Called By]<UL><LI><a href="#[183]">&gt;&gt;</a>&nbsp;&nbsp;&nbsp;USBD_Get_Device_Framework_Speed
</UL>

<P><STRONG><a name="[2d]"></a>USBD_ChangeFunction</STRONG> (Thumb, 4 bytes, Stack size 0 bytes, app_usbx_device.o(.text.USBD_ChangeFunction))
<BR>[Address Reference Count : 1]<UL><LI> app_usbx_device.o(.text.MX_USBX_Device_Init)
</UL>
<P><STRONG><a name="[10e]"></a>I2C_IsErrorOccurred</STRONG> (Thumb, 376 bytes, Stack size 40 bytes, stm32c0xx_hal_i2c.o(.text.I2C_IsErrorOccurred))
<BR><BR>[Stack]<UL><LI>Max Depth = 40<LI>Call Chain = I2C_IsErrorOccurred
</UL>
<BR>[Calls]<UL><LI><a href="#[72]">&gt;&gt;</a>&nbsp;&nbsp;&nbsp;HAL_GetTick
</UL>
<BR>[Called By]<UL><LI><a href="#[ec]">&gt;&gt;</a>&nbsp;&nbsp;&nbsp;HAL_I2C_Mem_Read
<LI><a href="#[ee]">&gt;&gt;</a>&nbsp;&nbsp;&nbsp;HAL_I2C_Mem_Write
<LI><a href="#[10f]">&gt;&gt;</a>&nbsp;&nbsp;&nbsp;I2C_WaitOnSTOPFlagUntilTimeout
<LI><a href="#[10c]">&gt;&gt;</a>&nbsp;&nbsp;&nbsp;I2C_WaitOnFlagUntilTimeout
<LI><a href="#[10d]">&gt;&gt;</a>&nbsp;&nbsp;&nbsp;I2C_WaitOnTXISFlagUntilTimeout
</UL>

<P><STRONG><a name="[10d]"></a>I2C_WaitOnTXISFlagUntilTimeout</STRONG> (Thumb, 166 bytes, Stack size 24 bytes, stm32c0xx_hal_i2c.o(.text.I2C_WaitOnTXISFlagUntilTimeout))
<BR><BR>[Stack]<UL><LI>Max Depth = 64<LI>Call Chain = I2C_WaitOnTXISFlagUntilTimeout &rArr; I2C_IsErrorOccurred
</UL>
<BR>[Calls]<UL><LI><a href="#[72]">&gt;&gt;</a>&nbsp;&nbsp;&nbsp;HAL_GetTick
<LI><a href="#[10e]">&gt;&gt;</a>&nbsp;&nbsp;&nbsp;I2C_IsErrorOccurred
</UL>
<BR>[Called By]<UL><LI><a href="#[ec]">&gt;&gt;</a>&nbsp;&nbsp;&nbsp;HAL_I2C_Mem_Read
<LI><a href="#[ee]">&gt;&gt;</a>&nbsp;&nbsp;&nbsp;HAL_I2C_Mem_Write
</UL>

<P><STRONG><a name="[10c]"></a>I2C_WaitOnFlagUntilTimeout</STRONG> (Thumb, 250 bytes, Stack size 40 bytes, stm32c0xx_hal_i2c.o(.text.I2C_WaitOnFlagUntilTimeout))
<BR><BR>[Stack]<UL><LI>Max Depth = 80<LI>Call Chain = I2C_WaitOnFlagUntilTimeout &rArr; I2C_IsErrorOccurred
</UL>
<BR>[Calls]<UL><LI><a href="#[72]">&gt;&gt;</a>&nbsp;&nbsp;&nbsp;HAL_GetTick
<LI><a href="#[10e]">&gt;&gt;</a>&nbsp;&nbsp;&nbsp;I2C_IsErrorOccurred
</UL>
<BR>[Called By]<UL><LI><a href="#[ea]">&gt;&gt;</a>&nbsp;&nbsp;&nbsp;HAL_I2C_IsDeviceReady
<LI><a href="#[ec]">&gt;&gt;</a>&nbsp;&nbsp;&nbsp;HAL_I2C_Mem_Read
<LI><a href="#[ee]">&gt;&gt;</a>&nbsp;&nbsp;&nbsp;HAL_I2C_Mem_Write
</UL>

<P><STRONG><a name="[10f]"></a>I2C_WaitOnSTOPFlagUntilTimeout</STRONG> (Thumb, 134 bytes, Stack size 24 bytes, stm32c0xx_hal_i2c.o(.text.I2C_WaitOnSTOPFlagUntilTimeout))
<BR><BR>[Stack]<UL><LI>Max Depth = 64<LI>Call Chain = I2C_WaitOnSTOPFlagUntilTimeout &rArr; I2C_IsErrorOccurred
</UL>
<BR>[Calls]<UL><LI><a href="#[72]">&gt;&gt;</a>&nbsp;&nbsp;&nbsp;HAL_GetTick
<LI><a href="#[10e]">&gt;&gt;</a>&nbsp;&nbsp;&nbsp;I2C_IsErrorOccurred
</UL>
<BR>[Called By]<UL><LI><a href="#[ec]">&gt;&gt;</a>&nbsp;&nbsp;&nbsp;HAL_I2C_Mem_Read
<LI><a href="#[ee]">&gt;&gt;</a>&nbsp;&nbsp;&nbsp;HAL_I2C_Mem_Write
</UL>

<P><STRONG><a name="[15b]"></a>TIM_SlaveTimer_SetConfig</STRONG> (Thumb, 192 bytes, Stack size 16 bytes, stm32c0xx_hal_tim.o(.text.TIM_SlaveTimer_SetConfig))
<BR><BR>[Stack]<UL><LI>Max Depth = 16<LI>Call Chain = TIM_SlaveTimer_SetConfig
</UL>
<BR>[Called By]<UL><LI><a href="#[15a]">&gt;&gt;</a>&nbsp;&nbsp;&nbsp;HAL_TIM_SlaveConfigSynchro
</UL>

<P><STRONG><a name="[2a]"></a>UART_DMAError</STRONG> (Thumb, 212 bytes, Stack size 24 bytes, stm32c0xx_hal_uart.o(.text.UART_DMAError))
<BR><BR>[Stack]<UL><LI>Max Depth = 40<LI>Call Chain = UART_DMAError &rArr; HAL_UART_ErrorCallback &rArr; DWIN_Driver_HandleError
</UL>
<BR>[Calls]<UL><LI><a href="#[162]">&gt;&gt;</a>&nbsp;&nbsp;&nbsp;HAL_UART_ErrorCallback
</UL>
<BR>[Address Reference Count : 2]<UL><LI> stm32c0xx_hal_uart.o(.text.HAL_UART_Transmit_DMA)
<LI> stm32c0xx_hal_uart.o(.text.UART_Start_Receive_DMA)
</UL>
<P><STRONG><a name="[2b]"></a>UART_DMATxHalfCplt</STRONG> (Thumb, 10 bytes, Stack size 8 bytes, stm32c0xx_hal_uart.o(.text.UART_DMATxHalfCplt))
<BR><BR>[Stack]<UL><LI>Max Depth = 8<LI>Call Chain = UART_DMATxHalfCplt
</UL>
<BR>[Calls]<UL><LI><a href="#[19f]">&gt;&gt;</a>&nbsp;&nbsp;&nbsp;HAL_UART_TxHalfCpltCallback
</UL>
<BR>[Address Reference Count : 1]<UL><LI> stm32c0xx_hal_uart.o(.text.HAL_UART_Transmit_DMA)
</UL>
<P><STRONG><a name="[2c]"></a>UART_DMATransmitCplt</STRONG> (Thumb, 74 bytes, Stack size 16 bytes, stm32c0xx_hal_uart.o(.text.UART_DMATransmitCplt))
<BR><BR>[Stack]<UL><LI>Max Depth = 24<LI>Call Chain = UART_DMATransmitCplt &rArr; HAL_UART_TxCpltCallback
</UL>
<BR>[Calls]<UL><LI><a href="#[166]">&gt;&gt;</a>&nbsp;&nbsp;&nbsp;HAL_UART_TxCpltCallback
</UL>
<BR>[Address Reference Count : 1]<UL><LI> stm32c0xx_hal_uart.o(.text.HAL_UART_Transmit_DMA)
</UL>
<P><STRONG><a name="[32]"></a>UART_DMARxHalfCplt</STRONG> (Thumb, 56 bytes, Stack size 8 bytes, stm32c0xx_hal_uart.o(.text.UART_DMARxHalfCplt))
<BR><BR>[Stack]<UL><LI>Max Depth = 24<LI>Call Chain = UART_DMARxHalfCplt &rArr; HAL_UARTEx_RxEventCallback &rArr; DWIN_Driver_HandleRxEvent
</UL>
<BR>[Calls]<UL><LI><a href="#[15d]">&gt;&gt;</a>&nbsp;&nbsp;&nbsp;HAL_UARTEx_RxEventCallback
<LI><a href="#[19e]">&gt;&gt;</a>&nbsp;&nbsp;&nbsp;HAL_UART_RxHalfCpltCallback
</UL>
<BR>[Address Reference Count : 1]<UL><LI> stm32c0xx_hal_uart.o(.text.UART_Start_Receive_DMA)
</UL>
<P><STRONG><a name="[33]"></a>UART_DMAReceiveCplt</STRONG> (Thumb, 182 bytes, Stack size 24 bytes, stm32c0xx_hal_uart.o(.text.UART_DMAReceiveCplt))
<BR><BR>[Stack]<UL><LI>Max Depth = 40<LI>Call Chain = UART_DMAReceiveCplt &rArr; HAL_UARTEx_RxEventCallback &rArr; DWIN_Driver_HandleRxEvent
</UL>
<BR>[Calls]<UL><LI><a href="#[15d]">&gt;&gt;</a>&nbsp;&nbsp;&nbsp;HAL_UARTEx_RxEventCallback
<LI><a href="#[19d]">&gt;&gt;</a>&nbsp;&nbsp;&nbsp;HAL_UART_RxCpltCallback
</UL>
<BR>[Address Reference Count : 1]<UL><LI> stm32c0xx_hal_uart.o(.text.UART_Start_Receive_DMA)
</UL>
<P><STRONG><a name="[28]"></a>UART_DMARxOnlyAbortCallback</STRONG> (Thumb, 38 bytes, Stack size 8 bytes, stm32c0xx_hal_uart.o(.text.UART_DMARxOnlyAbortCallback))
<BR><BR>[Stack]<UL><LI>Max Depth = 8<LI>Call Chain = UART_DMARxOnlyAbortCallback
</UL>
<BR>[Calls]<UL><LI><a href="#[161]">&gt;&gt;</a>&nbsp;&nbsp;&nbsp;HAL_UART_AbortReceiveCpltCallback
</UL>
<BR>[Address Reference Count : 1]<UL><LI> stm32c0xx_hal_uart.o(.text.HAL_UART_AbortReceive_IT)
</UL>
<P><STRONG><a name="[29]"></a>UART_DMAAbortOnError</STRONG> (Thumb, 16 bytes, Stack size 8 bytes, stm32c0xx_hal_uart.o(.text.UART_DMAAbortOnError))
<BR><BR>[Stack]<UL><LI>Max Depth = 24<LI>Call Chain = UART_DMAAbortOnError &rArr; HAL_UART_ErrorCallback &rArr; DWIN_Driver_HandleError
</UL>
<BR>[Calls]<UL><LI><a href="#[162]">&gt;&gt;</a>&nbsp;&nbsp;&nbsp;HAL_UART_ErrorCallback
</UL>
<BR>[Address Reference Count : 1]<UL><LI> stm32c0xx_hal_uart.o(.text.HAL_UART_IRQHandler)
</UL>
<P><STRONG><a name="[38]"></a>Cmd_Help</STRONG> (Thumb, 20 bytes, Stack size 16 bytes, cli_driver.o(.text.Cmd_Help))
<BR><BR>[Stack]<UL><LI>Max Depth = 104<LI>Call Chain = Cmd_Help &rArr; USBD_CDC_ACM_Transmit &rArr; _ux_device_class_cdc_acm_write_run &rArr; _ux_device_stack_transfer_run &rArr; __aeabi_uidivmod
</UL>
<BR>[Calls]<UL><LI><a href="#[ad]">&gt;&gt;</a>&nbsp;&nbsp;&nbsp;USBD_CDC_ACM_Transmit
</UL>
<BR>[Address Reference Count : 1]<UL><LI> cli_driver.o(.rodata.s_command_table)
</UL>
<P><STRONG><a name="[39]"></a>Cmd_Dwin</STRONG> (Thumb, 204 bytes, Stack size 16 bytes, cli_driver.o(.text.Cmd_Dwin))
<BR><BR>[Stack]<UL><LI>Max Depth = 136<LI>Call Chain = Cmd_Dwin &rArr; CLI_Printf &rArr; USBD_CDC_ACM_Transmit &rArr; _ux_device_class_cdc_acm_write_run &rArr; _ux_device_stack_transfer_run &rArr; __aeabi_uidivmod
</UL>
<BR>[Calls]<UL><LI><a href="#[ab]">&gt;&gt;</a>&nbsp;&nbsp;&nbsp;CLI_Printf
<LI><a href="#[4a]">&gt;&gt;</a>&nbsp;&nbsp;&nbsp;strcasecmp
<LI><a href="#[ae]">&gt;&gt;</a>&nbsp;&nbsp;&nbsp;strchr
<LI><a href="#[46]">&gt;&gt;</a>&nbsp;&nbsp;&nbsp;__rt_ctype_table
</UL>
<BR>[Address Reference Count : 1]<UL><LI> cli_driver.o(.rodata.s_command_table)
</UL>
<P><STRONG><a name="[3a]"></a>Cmd_SetTime</STRONG> (Thumb, 108 bytes, Stack size 32 bytes, cli_driver.o(.text.Cmd_SetTime))
<BR><BR>[Stack]<UL><LI>Max Depth = 240<LI>Call Chain = Cmd_SetTime &rArr; __0sscanf &rArr; __vfscanf_char &rArr; __vfscanf &rArr; _scanf_int
</UL>
<BR>[Calls]<UL><LI><a href="#[b5]">&gt;&gt;</a>&nbsp;&nbsp;&nbsp;RTC_Driver_SetTime
<LI><a href="#[ab]">&gt;&gt;</a>&nbsp;&nbsp;&nbsp;CLI_Printf
<LI><a href="#[4c]">&gt;&gt;</a>&nbsp;&nbsp;&nbsp;__0sscanf
</UL>
<BR>[Address Reference Count : 1]<UL><LI> cli_driver.o(.rodata.s_command_table)
</UL>
<P><STRONG><a name="[3b]"></a>Cmd_SetDate</STRONG> (Thumb, 116 bytes, Stack size 32 bytes, cli_driver.o(.text.Cmd_SetDate))
<BR><BR>[Stack]<UL><LI>Max Depth = 240<LI>Call Chain = Cmd_SetDate &rArr; __0sscanf &rArr; __vfscanf_char &rArr; __vfscanf &rArr; _scanf_int
</UL>
<BR>[Calls]<UL><LI><a href="#[b4]">&gt;&gt;</a>&nbsp;&nbsp;&nbsp;RTC_Driver_SetDate
<LI><a href="#[ab]">&gt;&gt;</a>&nbsp;&nbsp;&nbsp;CLI_Printf
<LI><a href="#[4c]">&gt;&gt;</a>&nbsp;&nbsp;&nbsp;__0sscanf
</UL>
<BR>[Address Reference Count : 1]<UL><LI> cli_driver.o(.rodata.s_command_table)
</UL>
<P><STRONG><a name="[3c]"></a>Cmd_Date</STRONG> (Thumb, 88 bytes, Stack size 64 bytes, cli_driver.o(.text.Cmd_Date))
<BR><BR>[Stack]<UL><LI>Max Depth = 184<LI>Call Chain = Cmd_Date &rArr; CLI_Printf &rArr; USBD_CDC_ACM_Transmit &rArr; _ux_device_class_cdc_acm_write_run &rArr; _ux_device_stack_transfer_run &rArr; __aeabi_uidivmod
</UL>
<BR>[Calls]<UL><LI><a href="#[a1]">&gt;&gt;</a>&nbsp;&nbsp;&nbsp;RTC_Driver_GetDate
<LI><a href="#[a0]">&gt;&gt;</a>&nbsp;&nbsp;&nbsp;RTC_Driver_GetTime
<LI><a href="#[ab]">&gt;&gt;</a>&nbsp;&nbsp;&nbsp;CLI_Printf
</UL>
<BR>[Address Reference Count : 1]<UL><LI> cli_driver.o(.rodata.s_command_table)
</UL>
<P><STRONG><a name="[3d]"></a>Handle_Dwin_PIC</STRONG> (Thumb, 36 bytes, Stack size 8 bytes, cli_driver.o(.text.Handle_Dwin_PIC))
<BR><BR>[Stack]<UL><LI>Max Depth = 128<LI>Call Chain = Handle_Dwin_PIC &rArr; CLI_Printf &rArr; USBD_CDC_ACM_Transmit &rArr; _ux_device_class_cdc_acm_write_run &rArr; _ux_device_stack_transfer_run &rArr; __aeabi_uidivmod
</UL>
<BR>[Calls]<UL><LI><a href="#[96]">&gt;&gt;</a>&nbsp;&nbsp;&nbsp;DWIN_Driver_SetScreen
<LI><a href="#[ab]">&gt;&gt;</a>&nbsp;&nbsp;&nbsp;CLI_Printf
<LI><a href="#[53]">&gt;&gt;</a>&nbsp;&nbsp;&nbsp;atoi
</UL>
<BR>[Address Reference Count : 1]<UL><LI> cli_driver.o(.rodata.s_dwin_table)
</UL>
<P><STRONG><a name="[3e]"></a>Handle_Dwin_INT</STRONG> (Thumb, 80 bytes, Stack size 16 bytes, cli_driver.o(.text.Handle_Dwin_INT))
<BR><BR>[Stack]<UL><LI>Max Depth = 136<LI>Call Chain = Handle_Dwin_INT &rArr; CLI_Printf &rArr; USBD_CDC_ACM_Transmit &rArr; _ux_device_class_cdc_acm_write_run &rArr; _ux_device_stack_transfer_run &rArr; __aeabi_uidivmod
</UL>
<BR>[Calls]<UL><LI><a href="#[98]">&gt;&gt;</a>&nbsp;&nbsp;&nbsp;DWIN_Driver_WriteInt
<LI><a href="#[ab]">&gt;&gt;</a>&nbsp;&nbsp;&nbsp;CLI_Printf
<LI><a href="#[ae]">&gt;&gt;</a>&nbsp;&nbsp;&nbsp;strchr
<LI><a href="#[53]">&gt;&gt;</a>&nbsp;&nbsp;&nbsp;atoi
<LI><a href="#[50]">&gt;&gt;</a>&nbsp;&nbsp;&nbsp;strtol
</UL>
<BR>[Address Reference Count : 1]<UL><LI> cli_driver.o(.rodata.s_dwin_table)
</UL>
<P><STRONG><a name="[3f]"></a>Handle_Dwin_INT32</STRONG> (Thumb, 80 bytes, Stack size 16 bytes, cli_driver.o(.text.Handle_Dwin_INT32))
<BR><BR>[Stack]<UL><LI>Max Depth = 136<LI>Call Chain = Handle_Dwin_INT32 &rArr; CLI_Printf &rArr; USBD_CDC_ACM_Transmit &rArr; _ux_device_class_cdc_acm_write_run &rArr; _ux_device_stack_transfer_run &rArr; __aeabi_uidivmod
</UL>
<BR>[Calls]<UL><LI><a href="#[d5]">&gt;&gt;</a>&nbsp;&nbsp;&nbsp;DWIN_Driver_WriteInt32
<LI><a href="#[ab]">&gt;&gt;</a>&nbsp;&nbsp;&nbsp;CLI_Printf
<LI><a href="#[ae]">&gt;&gt;</a>&nbsp;&nbsp;&nbsp;strchr
<LI><a href="#[54]">&gt;&gt;</a>&nbsp;&nbsp;&nbsp;atol
<LI><a href="#[50]">&gt;&gt;</a>&nbsp;&nbsp;&nbsp;strtol
</UL>
<BR>[Address Reference Count : 1]<UL><LI> cli_driver.o(.rodata.s_dwin_table)
</UL>
<P><STRONG><a name="[40]"></a>Handle_Dwin_RAW</STRONG> (Thumb, 284 bytes, Stack size 88 bytes, cli_driver.o(.text.Handle_Dwin_RAW))
<BR><BR>[Stack]<UL><LI>Max Depth = 208<LI>Call Chain = Handle_Dwin_RAW &rArr; CLI_Printf &rArr; USBD_CDC_ACM_Transmit &rArr; _ux_device_class_cdc_acm_write_run &rArr; _ux_device_stack_transfer_run &rArr; __aeabi_uidivmod
</UL>
<BR>[Calls]<UL><LI><a href="#[d6]">&gt;&gt;</a>&nbsp;&nbsp;&nbsp;DWIN_Driver_WriteRawBytes
<LI><a href="#[ab]">&gt;&gt;</a>&nbsp;&nbsp;&nbsp;CLI_Printf
<LI><a href="#[170]">&gt;&gt;</a>&nbsp;&nbsp;&nbsp;toupper
<LI><a href="#[46]">&gt;&gt;</a>&nbsp;&nbsp;&nbsp;__rt_ctype_table
</UL>
<BR>[Address Reference Count : 1]<UL><LI> cli_driver.o(.rodata.s_dwin_table)
</UL>
<P><STRONG><a name="[41]"></a>Acao_Abrir_Funil</STRONG> (Thumb, 12 bytes, Stack size 0 bytes, servo_controle.o(.text.Acao_Abrir_Funil))
<BR>[Address Reference Count : 1]<UL><LI> servo_controle.o(.rodata.s_fluxo_processo)
</UL>
<P><STRONG><a name="[42]"></a>Acao_Varrer_Scrap</STRONG> (Thumb, 12 bytes, Stack size 0 bytes, servo_controle.o(.text.Acao_Varrer_Scrap))
<BR>[Address Reference Count : 1]<UL><LI> servo_controle.o(.rodata.s_fluxo_processo)
</UL>
<P><STRONG><a name="[43]"></a>Acao_Finalizar</STRONG> (Thumb, 2 bytes, Stack size 0 bytes, servo_controle.o(.text.Acao_Finalizar))
<BR>[Address Reference Count : 1]<UL><LI> servo_controle.o(.rodata.s_fluxo_processo)
</UL>
<P><STRONG><a name="[c5]"></a>Handle_Escape_Navigation</STRONG> (Thumb, 28 bytes, Stack size 8 bytes, controller.o(.text.Handle_Escape_Navigation))
<BR><BR>[Stack]<UL><LI>Max Depth = 120<LI>Call Chain = Handle_Escape_Navigation &rArr; puts &rArr; fputc &rArr; USBD_CDC_ACM_Transmit &rArr; _ux_device_class_cdc_acm_write_run &rArr; _ux_device_stack_transfer_run &rArr; __aeabi_uidivmod
</UL>
<BR>[Calls]<UL><LI><a href="#[96]">&gt;&gt;</a>&nbsp;&nbsp;&nbsp;DWIN_Driver_SetScreen
<LI><a href="#[95]">&gt;&gt;</a>&nbsp;&nbsp;&nbsp;puts
</UL>
<BR>[Called By]<UL><LI><a href="#[27]">&gt;&gt;</a>&nbsp;&nbsp;&nbsp;Controller_DwinCallback
</UL>

<P><STRONG><a name="[9b]"></a>Test_DisplayInfo</STRONG> (Thumb, 96 bytes, Stack size 40 bytes, app_manager.o(.text.Test_DisplayInfo))
<BR><BR>[Stack]<UL><LI>Max Depth = 128<LI>Call Chain = Test_DisplayInfo &rArr; DWIN_Driver_WriteString
</UL>
<BR>[Calls]<UL><LI><a href="#[d7]">&gt;&gt;</a>&nbsp;&nbsp;&nbsp;DWIN_Driver_WriteString
<LI><a href="#[91]">&gt;&gt;</a>&nbsp;&nbsp;&nbsp;DWIN_Driver_IsTxBusy
<LI><a href="#[8a]">&gt;&gt;</a>&nbsp;&nbsp;&nbsp;DWIN_TX_Pump
<LI><a href="#[a8]">&gt;&gt;</a>&nbsp;&nbsp;&nbsp;strlen
<LI><a href="#[e9]">&gt;&gt;</a>&nbsp;&nbsp;&nbsp;Gerenciador_Config_Get_Serial
</UL>
<BR>[Called By]<UL><LI><a href="#[97]">&gt;&gt;</a>&nbsp;&nbsp;&nbsp;App_Manager_Run_Self_Diagnostics
</UL>

<P><STRONG><a name="[f7]"></a>atualizar_display_grao_selecionado</STRONG> (Thumb, 164 bytes, Stack size 96 bytes, graos_handler.o(.text.atualizar_display_grao_selecionado))
<BR><BR>[Stack]<UL><LI>Max Depth = 184<LI>Call Chain = atualizar_display_grao_selecionado &rArr; DWIN_Driver_WriteString
</UL>
<BR>[Calls]<UL><LI><a href="#[d7]">&gt;&gt;</a>&nbsp;&nbsp;&nbsp;DWIN_Driver_WriteString
<LI><a href="#[a8]">&gt;&gt;</a>&nbsp;&nbsp;&nbsp;strlen
<LI><a href="#[5d]">&gt;&gt;</a>&nbsp;&nbsp;&nbsp;__aeabi_i2d
<LI><a href="#[df]">&gt;&gt;</a>&nbsp;&nbsp;&nbsp;Gerenciador_Config_Get_Dados_Grao
<LI><a href="#[197]">&gt;&gt;</a>&nbsp;&nbsp;&nbsp;__2snprintf
</UL>
<BR>[Called By]<UL><LI><a href="#[c4]">&gt;&gt;</a>&nbsp;&nbsp;&nbsp;Graos_Handle_Entrada_Tela
<LI><a href="#[bf]">&gt;&gt;</a>&nbsp;&nbsp;&nbsp;Graos_Confirmar_Selecao_Pesquisa
<LI><a href="#[b7]">&gt;&gt;</a>&nbsp;&nbsp;&nbsp;Graos_Handle_Navegacao
</UL>

<P><STRONG><a name="[1d8]"></a>_fp_digits</STRONG> (Thumb, 344 bytes, Stack size 64 bytes, printfa.o(i._fp_digits), UNUSED)
<BR><BR>[Calls]<UL><LI><a href="#[5f]">&gt;&gt;</a>&nbsp;&nbsp;&nbsp;__aeabi_uldivmod
<LI><a href="#[69]">&gt;&gt;</a>&nbsp;&nbsp;&nbsp;__aeabi_dmul
<LI><a href="#[6a]">&gt;&gt;</a>&nbsp;&nbsp;&nbsp;__aeabi_ddiv
<LI><a href="#[65]">&gt;&gt;</a>&nbsp;&nbsp;&nbsp;__aeabi_dadd
<LI><a href="#[6b]">&gt;&gt;</a>&nbsp;&nbsp;&nbsp;__aeabi_d2ulz
<LI><a href="#[1d9]">&gt;&gt;</a>&nbsp;&nbsp;&nbsp;__aeabi_cdrcmple
</UL>
<BR>[Called By]<UL><LI><a href="#[1d4]">&gt;&gt;</a>&nbsp;&nbsp;&nbsp;_printf_core
</UL>

<P><STRONG><a name="[1d4]"></a>_printf_core</STRONG> (Thumb, 1754 bytes, Stack size 128 bytes, printfa.o(i._printf_core), UNUSED)
<BR><BR>[Calls]<UL><LI><a href="#[5f]">&gt;&gt;</a>&nbsp;&nbsp;&nbsp;__aeabi_uldivmod
<LI><a href="#[fb]">&gt;&gt;</a>&nbsp;&nbsp;&nbsp;__aeabi_uidivmod
<LI><a href="#[1da]">&gt;&gt;</a>&nbsp;&nbsp;&nbsp;_printf_pre_padding
<LI><a href="#[1db]">&gt;&gt;</a>&nbsp;&nbsp;&nbsp;_printf_post_padding
<LI><a href="#[1d8]">&gt;&gt;</a>&nbsp;&nbsp;&nbsp;_fp_digits
</UL>
<BR>[Called By]<UL><LI><a href="#[1d7]">&gt;&gt;</a>&nbsp;&nbsp;&nbsp;__0vsnprintf
<LI><a href="#[1d6]">&gt;&gt;</a>&nbsp;&nbsp;&nbsp;__0sprintf
<LI><a href="#[1d5]">&gt;&gt;</a>&nbsp;&nbsp;&nbsp;__0snprintf
<LI><a href="#[1d3]">&gt;&gt;</a>&nbsp;&nbsp;&nbsp;__0printf
</UL>

<P><STRONG><a name="[1db]"></a>_printf_post_padding</STRONG> (Thumb, 32 bytes, Stack size 24 bytes, printfa.o(i._printf_post_padding), UNUSED)
<BR><BR>[Called By]<UL><LI><a href="#[1d4]">&gt;&gt;</a>&nbsp;&nbsp;&nbsp;_printf_core
</UL>

<P><STRONG><a name="[1da]"></a>_printf_pre_padding</STRONG> (Thumb, 44 bytes, Stack size 40 bytes, printfa.o(i._printf_pre_padding), UNUSED)
<BR><BR>[Called By]<UL><LI><a href="#[1d4]">&gt;&gt;</a>&nbsp;&nbsp;&nbsp;_printf_core
</UL>

<P><STRONG><a name="[36]"></a>_snputc</STRONG> (Thumb, 22 bytes, Stack size 0 bytes, printfa.o(i._snputc))
<BR>[Address Reference Count : 2]<UL><LI> printfa.o(i.__0snprintf)
<LI> printfa.o(i.__0vsnprintf)
</UL>
<P><STRONG><a name="[37]"></a>_sputc</STRONG> (Thumb, 10 bytes, Stack size 0 bytes, printfa.o(i._sputc))
<BR><BR>[Called By]<UL><LI><a href="#[1d6]">&gt;&gt;</a>&nbsp;&nbsp;&nbsp;__0sprintf
</UL>
<BR>[Address Reference Count : 1]<UL><LI> printfa.o(i.__0sprintf)
</UL>
<P><STRONG><a name="[25]"></a>_scanf_char_input</STRONG> (Thumb, 12 bytes, Stack size 0 bytes, scanf_char.o(.text))
<BR>[Address Reference Count : 1]<UL><LI> scanf_char.o(.text)
</UL><P>
<H3>
Undefined Global Symbols
</H3>
<P><STRONG><a name="[6e]"></a>_scanf_longlong</STRONG> (ARM, 0 bytes, Stack size 0 bytes, UNDEFINED)
<BR><BR>[Called By]<UL><LI><a href="#[62]">&gt;&gt;</a>&nbsp;&nbsp;&nbsp;__vfscanf
</UL>

<P><STRONG><a name="[6d]"></a>_scanf_real</STRONG> (ARM, 0 bytes, Stack size 0 bytes, UNDEFINED)
<BR><BR>[Called By]<UL><LI><a href="#[62]">&gt;&gt;</a>&nbsp;&nbsp;&nbsp;__vfscanf
</UL>

<P><STRONG><a name="[6f]"></a>_scanf_string</STRONG> (ARM, 0 bytes, Stack size 0 bytes, UNDEFINED)
<BR><BR>[Called By]<UL><LI><a href="#[62]">&gt;&gt;</a>&nbsp;&nbsp;&nbsp;__vfscanf
</UL>
<HR></body></html>
